Archive member included because of file (symbol)

/home/reviewer/alpaca-oopsla2017/ext/libmspbuiltins/bld/gcc/libmspbuiltins.a(builtins.o)
                              /tmp/ccUooz6j.o (__mulhi3hw_noint)
/home/reviewer/alpaca-oopsla2017/ext/libmspprintf/bld/gcc/libmspprintf.a(printf.o)
                              /tmp/ccUooz6j.o (printf)
/home/reviewer/alpaca-oopsla2017/ext/libmspconsole/bld/gcc/libmspconsole.a(io.o)
                              /tmp/ccUooz6j.o (mspconsole_init)
/home/reviewer/alpaca-oopsla2017/ext/libwispbase/bld/gcc/libwispbase.a(uart.o)
                              /home/reviewer/alpaca-oopsla2017/ext/libmspconsole/bld/gcc/libmspconsole.a(io.o) (UART_init)
/opt/ti/mspgcc/bin/../lib/gcc/msp430-elf/4.9.1/../../../../msp430-elf/lib/libc.a(lib_a-asctime.o)
                              /tmp/ccUooz6j.o (asctime)
/opt/ti/mspgcc/bin/../lib/gcc/msp430-elf/4.9.1/../../../../msp430-elf/lib/libc.a(lib_a-asctime_r.o)
                              /opt/ti/mspgcc/bin/../lib/gcc/msp430-elf/4.9.1/../../../../msp430-elf/lib/libc.a(lib_a-asctime.o) (asctime_r)
/opt/ti/mspgcc/bin/../lib/gcc/msp430-elf/4.9.1/../../../../msp430-elf/lib/libc.a(lib_a-impure.o)
                              /opt/ti/mspgcc/bin/../lib/gcc/msp430-elf/4.9.1/../../../../msp430-elf/lib/libc.a(lib_a-asctime.o) (_impure_ptr)
/opt/ti/mspgcc/bin/../lib/gcc/msp430-elf/4.9.1/../../../../msp430-elf/lib/libc.a(lib_a-lcltime.o)
                              /tmp/ccUooz6j.o (localtime)
/opt/ti/mspgcc/bin/../lib/gcc/msp430-elf/4.9.1/../../../../msp430-elf/lib/libc.a(lib_a-lcltime_r.o)
                              /opt/ti/mspgcc/bin/../lib/gcc/msp430-elf/4.9.1/../../../../msp430-elf/lib/libc.a(lib_a-lcltime.o) (localtime_r)
/opt/ti/mspgcc/bin/../lib/gcc/msp430-elf/4.9.1/../../../../msp430-elf/lib/libc.a(lib_a-malloc.o)
                              /opt/ti/mspgcc/bin/../lib/gcc/msp430-elf/4.9.1/../../../../msp430-elf/lib/libc.a(lib_a-asctime.o) (malloc)
/opt/ti/mspgcc/bin/../lib/gcc/msp430-elf/4.9.1/../../../../msp430-elf/lib/libc.a(lib_a-memset.o)
                              /opt/ti/mspgcc/bin/../lib/gcc/msp430-elf/4.9.1/../../../../msp430-elf/lib/libc.a(lib_a-asctime.o) (memset)
/opt/ti/mspgcc/bin/../lib/gcc/msp430-elf/4.9.1/../../../../msp430-elf/lib/libc.a(lib_a-mktm_r.o)
                              /opt/ti/mspgcc/bin/../lib/gcc/msp430-elf/4.9.1/../../../../msp430-elf/lib/libc.a(lib_a-lcltime_r.o) (_mktm_r)
/opt/ti/mspgcc/bin/../lib/gcc/msp430-elf/4.9.1/../../../../msp430-elf/lib/libc.a(lib_a-nano-freer.o)
                              /opt/ti/mspgcc/bin/../lib/gcc/msp430-elf/4.9.1/../../../../msp430-elf/lib/libc.a(lib_a-malloc.o) (_free_r)
/opt/ti/mspgcc/bin/../lib/gcc/msp430-elf/4.9.1/../../../../msp430-elf/lib/libc.a(lib_a-nano-mallocr.o)
                              /opt/ti/mspgcc/bin/../lib/gcc/msp430-elf/4.9.1/../../../../msp430-elf/lib/libc.a(lib_a-malloc.o) (_malloc_r)
/opt/ti/mspgcc/bin/../lib/gcc/msp430-elf/4.9.1/../../../../msp430-elf/lib/libc.a(lib_a-sbrkr.o)
                              /opt/ti/mspgcc/bin/../lib/gcc/msp430-elf/4.9.1/../../../../msp430-elf/lib/libc.a(lib_a-nano-mallocr.o) (_sbrk_r)
/opt/ti/mspgcc/bin/../lib/gcc/msp430-elf/4.9.1/../../../../msp430-elf/lib/libc.a(lib_a-siprintf.o)
                              /opt/ti/mspgcc/bin/../lib/gcc/msp430-elf/4.9.1/../../../../msp430-elf/lib/libc.a(lib_a-asctime_r.o) (siprintf)
/opt/ti/mspgcc/bin/../lib/gcc/msp430-elf/4.9.1/../../../../msp430-elf/lib/libc.a(lib_a-svfiprintf.o)
                              /opt/ti/mspgcc/bin/../lib/gcc/msp430-elf/4.9.1/../../../../msp430-elf/lib/libc.a(lib_a-siprintf.o) (_svfiprintf_r)
/opt/ti/mspgcc/bin/../lib/gcc/msp430-elf/4.9.1/../../../../msp430-elf/lib/libc.a(lib_a-time.o)
                              /tmp/ccUooz6j.o (time)
/opt/ti/mspgcc/bin/../lib/gcc/msp430-elf/4.9.1/../../../../msp430-elf/lib/libc.a(lib_a-tzlock.o)
                              /opt/ti/mspgcc/bin/../lib/gcc/msp430-elf/4.9.1/../../../../msp430-elf/lib/libc.a(lib_a-mktm_r.o) (__tz_lock)
/opt/ti/mspgcc/bin/../lib/gcc/msp430-elf/4.9.1/../../../../msp430-elf/lib/libc.a(lib_a-tzvars.o)
                              /opt/ti/mspgcc/bin/../lib/gcc/msp430-elf/4.9.1/../../../../msp430-elf/lib/libc.a(lib_a-mktm_r.o) (_daylight)
/opt/ti/mspgcc/bin/../lib/gcc/msp430-elf/4.9.1/../../../../msp430-elf/lib/libc.a(lib_a-gettimeofdayr.o)
                              /opt/ti/mspgcc/bin/../lib/gcc/msp430-elf/4.9.1/../../../../msp430-elf/lib/libc.a(lib_a-time.o) (_gettimeofday_r)
/opt/ti/mspgcc/bin/../lib/gcc/msp430-elf/4.9.1/../../../../msp430-elf/lib/libc.a(lib_a-gettzinfo.o)
                              /opt/ti/mspgcc/bin/../lib/gcc/msp430-elf/4.9.1/../../../../msp430-elf/lib/libc.a(lib_a-mktm_r.o) (__gettzinfo)
/opt/ti/mspgcc/bin/../lib/gcc/msp430-elf/4.9.1/../../../../msp430-elf/lib/libc.a(lib_a-memchr.o)
                              /opt/ti/mspgcc/bin/../lib/gcc/msp430-elf/4.9.1/../../../../msp430-elf/lib/libc.a(lib_a-svfiprintf.o) (memchr)
[...]
Memory Configuration

Name             Origin             Length             Attributes
SFR              0x00000000         0x00000010
PERIPHERAL_8BIT  0x00000010         0x000000f0
PERIPHERAL_16BIT 0x00000100         0x00000100
RAM              0x00001c00         0x00000800
INFOMEM          0x00001800         0x00000200
INFOA            0x00001980         0x00000080
INFOB            0x00001900         0x00000080
INFOC            0x00001880         0x00000080
INFOD            0x00001800         0x00000080
ROM              0x00004400         0x0000bb80         xr
VECT1            0x0000ff90         0x00000002
VECT2            0x0000ff92         0x00000002
VECT3            0x0000ff94         0x00000002
VECT4            0x0000ff96         0x00000002
VECT5            0x0000ff98         0x00000002
VECT6            0x0000ff9a         0x00000002
VECT7            0x0000ff9c         0x00000002
VECT8            0x0000ff9e         0x00000002
VECT9            0x0000ffa0         0x00000002
VECT10           0x0000ffa2         0x00000002
VECT11           0x0000ffa4         0x00000002
VECT12           0x0000ffa6         0x00000002
VECT13           0x0000ffa8         0x00000002
VECT14           0x0000ffaa         0x00000002
VECT15           0x0000ffac         0x00000002
VECT16           0x0000ffae         0x00000002
VECT17           0x0000ffb0         0x00000002
VECT18           0x0000ffb2         0x00000002
VECT19           0x0000ffb4         0x00000002
VECT20           0x0000ffb6         0x00000002
VECT21           0x0000ffb8         0x00000002
VECT22           0x0000ffba         0x00000002
VECT23           0x0000ffbc         0x00000002
VECT24           0x0000ffbe         0x00000002
VECT25           0x0000ffc0         0x00000002
VECT26           0x0000ffc2         0x00000002
VECT27           0x0000ffc4         0x00000002
VECT28           0x0000ffc6         0x00000002
VECT29           0x0000ffc8         0x00000002
VECT30           0x0000ffca         0x00000002
VECT31           0x0000ffcc         0x00000002
VECT32           0x0000ffce         0x00000002
VECT33           0x0000ffd0         0x00000002
VECT34           0x0000ffd2         0x00000002
VECT35           0x0000ffd4         0x00000002
VECT36           0x0000ffd6         0x00000002
VECT37           0x0000ffd8         0x00000002
VECT38           0x0000ffda         0x00000002
VECT39           0x0000ffdc         0x00000002
VECT40           0x0000ffde         0x00000002
VECT41           0x0000ffe0         0x00000002
VECT42           0x0000ffe2         0x00000002
VECT43           0x0000ffe4         0x00000002
VECT44           0x0000ffe6         0x00000002
VECT45           0x0000ffe8         0x00000002
VECT46           0x0000ffea         0x00000002
VECT47           0x0000ffec         0x00000002
VECT48           0x0000ffee         0x00000002
VECT49           0x0000fff0         0x00000002
VECT50           0x0000fff2         0x00000002
VECT51           0x0000fff4         0x00000002
VECT52           0x0000fff6         0x00000002
VECT53           0x0000fff8         0x00000002
VECT54           0x0000fffa         0x00000002
VECT55           0x0000fffc         0x00000002
RESETVEC         0x0000fffe         0x00000002
BSL              0x00001000         0x00000800
HIFRAM           0x00010000         0x00003fff         xrw
*default*        0x00000000         0xffffffff

Linker script and memory map

LOAD /opt/ti/mspgcc/bin/../lib/gcc/msp430-elf/4.9.1/../../../../msp430-elf/lib/crt0.o
LOAD /opt/ti/mspgcc/bin/../lib/gcc/msp430-elf/4.9.1/crtbegin.o
LOAD /tmp/ccUooz6j.o
LOAD /home/reviewer/alpaca-oopsla2017/ext/libmspbuiltins/bld/gcc/libmspbuiltins.a
LOAD /home/reviewer/alpaca-oopsla2017/ext/libmspprintf/bld/gcc/libmspprintf.a
LOAD /home/reviewer/alpaca-oopsla2017/ext/libmspconsole/bld/gcc/libmspconsole.a
LOAD /home/reviewer/alpaca-oopsla2017/ext/libwispbase/bld/gcc/libwispbase.a
LOAD /opt/ti/mspgcc/bin/../lib/gcc/msp430-elf/4.9.1/libgcc.a
START GROUP
LOAD /opt/ti/mspgcc/bin/../lib/gcc/msp430-elf/4.9.1/../../../../msp430-elf/lib/libc.a
LOAD /opt/ti/mspgcc/bin/../lib/gcc/msp430-elf/4.9.1/libgcc.a
LOAD /opt/ti/mspgcc/bin/../lib/gcc/msp430-elf/4.9.1/../../../../msp430-elf/lib/libcrt.a
LOAD /opt/ti/mspgcc/bin/../lib/gcc/msp430-elf/4.9.1/../../../../msp430-elf/lib/libnosys.a
END GROUP
LOAD /opt/ti/mspgcc/bin/../lib/gcc/msp430-elf/4.9.1/libgcc.a
LOAD /opt/ti/mspgcc/bin/../lib/gcc/msp430-elf/4.9.1/crtend.o
LOAD /opt/ti/mspgcc/bin/../lib/gcc/msp430-elf/4.9.1/../../../../msp430-elf/lib/crtn.o
LOAD /opt/ti/mspgcc/bin/../lib/gcc/msp430-elf/4.9.1/libgcc.a

__interrupt_vector_1
 *(__interrupt_vector_1)

__interrupt_vector_2
 *(__interrupt_vector_2)

__interrupt_vector_3
 *(__interrupt_vector_3)

__interrupt_vector_4
 *(__interrupt_vector_4)

__interrupt_vector_5
 *(__interrupt_vector_5)

__interrupt_vector_6
 *(__interrupt_vector_6)

__interrupt_vector_7
 *(__interrupt_vector_7)

__interrupt_vector_8
 *(__interrupt_vector_8)

__interrupt_vector_9
 *(__interrupt_vector_9)

__interrupt_vector_10
 *(__interrupt_vector_10)

__interrupt_vector_11
 *(__interrupt_vector_11)

__interrupt_vector_12
 *(__interrupt_vector_12)

__interrupt_vector_13
 *(__interrupt_vector_13)

__interrupt_vector_14
 *(__interrupt_vector_14)

__interrupt_vector_15
 *(__interrupt_vector_15)

__interrupt_vector_16
 *(__interrupt_vector_16)

__interrupt_vector_17
 *(__interrupt_vector_17)

__interrupt_vector_18
 *(__interrupt_vector_18)

__interrupt_vector_19
 *(__interrupt_vector_19)

__interrupt_vector_20
 *(__interrupt_vector_20)

__interrupt_vector_21
 *(__interrupt_vector_21)

__interrupt_vector_22
 *(__interrupt_vector_22)

__interrupt_vector_23
 *(__interrupt_vector_23)

__interrupt_vector_24
 *(__interrupt_vector_24)

__interrupt_vector_25
 *(__interrupt_vector_25)

__interrupt_vector_26
 *(__interrupt_vector_26)

__interrupt_vector_27
 *(__interrupt_vector_27)

__interrupt_vector_28
 *(__interrupt_vector_28)

__interrupt_vector_29
 *(__interrupt_vector_29)

__interrupt_vector_30
 *(__interrupt_vector_30)

__interrupt_vector_31
 *(__interrupt_vector_31)
 *(__interrupt_vector_aes256)

__interrupt_vector_32
 *(__interrupt_vector_32)
 *(__interrupt_vector_rtc)

__interrupt_vector_33
 *(__interrupt_vector_33)
 *(__interrupt_vector_port4)

__interrupt_vector_34
 *(__interrupt_vector_34)
 *(__interrupt_vector_port3)

__interrupt_vector_35
 *(__interrupt_vector_35)
 *(__interrupt_vector_timer3_a1)

__interrupt_vector_36
 *(__interrupt_vector_36)
 *(__interrupt_vector_timer3_a0)

__interrupt_vector_37
 *(__interrupt_vector_37)
 *(__interrupt_vector_port2)

__interrupt_vector_38
 *(__interrupt_vector_38)
 *(__interrupt_vector_timer2_a1)

__interrupt_vector_39
 *(__interrupt_vector_39)
 *(__interrupt_vector_timer2_a0)

__interrupt_vector_40
 *(__interrupt_vector_40)
 *(__interrupt_vector_port1)

__interrupt_vector_41
 *(__interrupt_vector_41)
 *(__interrupt_vector_timer1_a1)

__interrupt_vector_42
 *(__interrupt_vector_42)
 *(__interrupt_vector_timer1_a0)

__interrupt_vector_43
 *(__interrupt_vector_43)
 *(__interrupt_vector_dma)

__interrupt_vector_44
 *(__interrupt_vector_44)
 *(__interrupt_vector_usci_a1)

__interrupt_vector_45
 *(__interrupt_vector_45)
 *(__interrupt_vector_timer0_a1)

__interrupt_vector_46
 *(__interrupt_vector_46)
 *(__interrupt_vector_timer0_a0)

__interrupt_vector_47
 *(__interrupt_vector_47)
 *(__interrupt_vector_adc12)

__interrupt_vector_48
 *(__interrupt_vector_48)
 *(__interrupt_vector_usci_b0)

__interrupt_vector_49
                0x0000fff0        0x2
 *(__interrupt_vector_49)
 __interrupt_vector_49
                0x0000fff0        0x2 /home/reviewer/alpaca-oopsla2017/ext/libwispbase/bld/gcc/libwispbase.a(uart.o)
 *(__interrupt_vector_usci_a0)

__interrupt_vector_50
 *(__interrupt_vector_50)
 *(__interrupt_vector_wdt)

__interrupt_vector_51
                0x0000fff4        0x2
 *(__interrupt_vector_51)
 *(__interrupt_vector_timer0_b1)
 __interrupt_vector_timer0_b1
                0x0000fff4        0x2 /tmp/ccUooz6j.o
                0x0000fff4                __vector_timer0_b1

__interrupt_vector_52
 *(__interrupt_vector_52)
 *(__interrupt_vector_timer0_b0)

__interrupt_vector_53
 *(__interrupt_vector_53)
 *(__interrupt_vector_comp_e)

__interrupt_vector_54
 *(__interrupt_vector_54)
 *(__interrupt_vector_unmi)

__interrupt_vector_55
 *(__interrupt_vector_55)
 *(__interrupt_vector_sysnmi)

__reset_vector  0x0000fffe        0x2
 *(__interrupt_vector_56)
 *(__interrupt_vector_reset)
 *(.resetvec)
 .resetvec      0x0000fffe        0x2 /opt/ti/mspgcc/bin/../lib/gcc/msp430-elf/4.9.1/../../../../msp430-elf/lib/crt0.o

.rodata         0x00004400      0x1dc
                0x00004400                . = ALIGN (0x2)
 *(.plt)
 *(.rodata .rodata.* .gnu.linkonce.r.* .const .const:*)
 .rodata.str1.1
                0x00004400       0xa2 /tmp/ccUooz6j.o
 .rodata        0x000044a2       0x38 /home/reviewer/alpaca-oopsla2017/ext/libmspprintf/bld/gcc/libmspprintf.a(printf.o)
 .rodata        0x000044da       0x20 /opt/ti/mspgcc/bin/../lib/gcc/msp430-elf/4.9.1/../../../../msp430-elf/lib/libc.a(lib_a-asctime_r.o)
 .rodata.mon_name.1870
                0x000044fa       0x24 /opt/ti/mspgcc/bin/../lib/gcc/msp430-elf/4.9.1/../../../../msp430-elf/lib/libc.a(lib_a-asctime_r.o)
 .rodata.day_name.1869
                0x0000451e       0x15 /opt/ti/mspgcc/bin/../lib/gcc/msp430-elf/4.9.1/../../../../msp430-elf/lib/libc.a(lib_a-asctime_r.o)
 *fill*         0x00004533        0x1 
 .rodata._global_impure_ptr
                0x00004534        0x2 /opt/ti/mspgcc/bin/../lib/gcc/msp430-elf/4.9.1/../../../../msp430-elf/lib/libc.a(lib_a-impure.o)
                0x00004534                _global_impure_ptr
 .rodata        0x00004536        0x2 /opt/ti/mspgcc/bin/../lib/gcc/msp430-elf/4.9.1/../../../../msp430-elf/lib/libc.a(lib_a-impure.o)
 .rodata.year_lengths
                0x00004538        0x4 /opt/ti/mspgcc/bin/../lib/gcc/msp430-elf/4.9.1/../../../../msp430-elf/lib/libc.a(lib_a-mktm_r.o)
 .rodata.mon_lengths
                0x0000453c       0x30 /opt/ti/mspgcc/bin/../lib/gcc/msp430-elf/4.9.1/../../../../msp430-elf/lib/libc.a(lib_a-mktm_r.o)
 .rodata        0x0000456c       0x22 /opt/ti/mspgcc/bin/../lib/gcc/msp430-elf/4.9.1/../../../../msp430-elf/lib/libc.a(lib_a-svfiprintf.o)
 .rodata.zeroes.3987
                0x0000458e       0x10 /opt/ti/mspgcc/bin/../lib/gcc/msp430-elf/4.9.1/../../../../msp430-elf/lib/libc.a(lib_a-svfiprintf.o)
 .rodata.blanks.3986
                0x0000459e       0x10 /opt/ti/mspgcc/bin/../lib/gcc/msp430-elf/4.9.1/../../../../msp430-elf/lib/libc.a(lib_a-svfiprintf.o)
 .rodata        0x000045ae        0x4 /opt/ti/mspgcc/bin/../lib/gcc/msp430-elf/4.9.1/../../../../msp430-elf/lib/libc.a(lib_a-tzvars.o)
 .rodata        0x000045b2       0x1a /opt/ti/mspgcc/bin/../lib/gcc/msp430-elf/4.9.1/../../../../msp430-elf/lib/libnosys.a(sbrk.o)
 *(.rodata1)
 *(.lower.rodata.* .lower.rodata)
 *(.eh_frame_hdr)
 *(.eh_frame)
 .eh_frame      0x000045cc        0x0 /opt/ti/mspgcc/bin/../lib/gcc/msp430-elf/4.9.1/crtbegin.o
 .eh_frame      0x000045cc        0x4 /opt/ti/mspgcc/bin/../lib/gcc/msp430-elf/4.9.1/crtend.o
 *(.gcc_except_table)
 *(.gcc_except_table.*)
                0x000045d0                PROVIDE (__preinit_array_start, .)
 *(.preinit_array)
                0x000045d0                PROVIDE (__preinit_array_end, .)
                0x000045d0                PROVIDE (__init_array_start, .)
 *(SORT(.init_array.*))
 *(.init_array)
                0x000045d0                PROVIDE (__init_array_end, .)
                0x000045d0                PROVIDE (__fini_array_start, .)
 *(.fini_array)
 *(SORT(.fini_array.*))
                0x000045d0                PROVIDE (__fini_array_end, .)
                0x000045d0        0x4 LONG 0x0
 *crtbegin*.o(.ctors)
 .ctors         0x000045d4        0x2 /opt/ti/mspgcc/bin/../lib/gcc/msp430-elf/4.9.1/crtbegin.o
 *(EXCLUDE_FILE(*crtend*.o) .ctors)
 *(SORT(.ctors.*))
 *(.ctors)
 .ctors         0x000045d6        0x2 /opt/ti/mspgcc/bin/../lib/gcc/msp430-elf/4.9.1/crtend.o
 *crtbegin*.o(.dtors)
 .dtors         0x000045d8        0x2 /opt/ti/mspgcc/bin/../lib/gcc/msp430-elf/4.9.1/crtbegin.o
 *(EXCLUDE_FILE(*crtend*.o) .dtors)
 *(SORT(.dtors.*))
 *(.dtors)
 .dtors         0x000045da        0x2 /opt/ti/mspgcc/bin/../lib/gcc/msp430-elf/4.9.1/crtend.o
                0x000045da                __DTOR_END__

.nv             0x000045dc      0x122
                0x000045dc                . = ALIGN (0x2)
                0x000045dc                PROVIDE (__fram_vars_start, .)
 *(.ro_nv_vars)
 *(.nv_vars)
 .nv_vars       0x000045dc      0x122 /tmp/ccUooz6j.o
                0x000045dc                _task_task_init
                0x000045e0                _task_task_selectMode
                0x000045e4                _task_task_resetStats
                0x000045e8                _task_task_sample
                0x000045ec                _task_task_transform
                0x000045f0                _task_task_featurize
                0x000045f4                _task_task_classify
                0x000045f8                _task_task_stats
                0x000045fc                _task_task_warmup
                0x00004600                _task_task_train
                0x00004604                _task_task_idle
                0x00004608                _global_seed_bak
                0x0000460a                _global_seed
                0x0000460c                _global_pinState_bak
                0x0000460e                _global_pinState
                0x00004610                _global_count_bak
                0x00004612                _global_count
                0x00004614                _global_discardedSamplesCount_bak
                0x00004616                _global_discardedSamplesCount
                0x00004618                _global_mode
                0x0000461a                _global_class
                0x0000461c                _global_samplesInWindow_bak
                0x0000461e                _global_samplesInWindow
                0x00004620                _global_movingCount_bak
                0x00004622                _global_movingCount
                0x00004624                _global_stationaryCount_bak
                0x00004626                _global_stationaryCount
                0x00004628                _global_totalCount_bak
                0x0000462a                _global_totalCount
                0x0000462c                _global_window_bak
                0x00004638                _global_window_isDirty
                0x0000463e                _global_window
                0x0000464a                _global_features
                0x0000464e                _global_model_stationary
                0x0000468e                _global_model_moving
                0x000046ce                _global_trainingSetSize_bak
                0x000046d0                _global_trainingSetSize
                0x000046d2                _task__entry_task
                0x000046d6                data_src
                0x000046dc                data_dest
                0x000046e2                data_size
                0x000046e8                data_src_base
                0x000046ea                data_dest_base
                0x000046ec                data_size_base
                0x000046ee                gv_index
                0x000046f0                num_dirty_gv
                0x000046f2                context_1
                0x000046f6                context_0
                0x000046fa                curctx
                0x000046fc                _numBoots
 *(.fram_vars)
                0x000046fe                . = ALIGN (0x2)
                0x000046fe                PROVIDE (__fram_vars_end, .)

.upper.rodata
 *(.upper.rodata.* .upper.rodata)

.data           0x00001c00       0xfa load address 0x000046fe
                0x00001c00                . = ALIGN (0x2)
                0x00001c00                PROVIDE (__datastart, .)
 *(.jcr)
 .jcr           0x00001c00        0x0 /opt/ti/mspgcc/bin/../lib/gcc/msp430-elf/4.9.1/crtbegin.o
 .jcr           0x00001c00        0x2 /opt/ti/mspgcc/bin/../lib/gcc/msp430-elf/4.9.1/crtend.o
 *(.data.rel.ro.local)
 *(.data.rel.ro*)
 *(.dynamic)
 *(.data .data.* .gnu.linkonce.d.*)
 .data          0x00001c02        0x0 /opt/ti/mspgcc/bin/../lib/gcc/msp430-elf/4.9.1/../../../../msp430-elf/lib/crt0.o
 .data          0x00001c02        0x2 /opt/ti/mspgcc/bin/../lib/gcc/msp430-elf/4.9.1/crtbegin.o
                0x00001c02                __dso_handle
 .data          0x00001c04        0x0 /tmp/ccUooz6j.o
 .data.rel      0x00001c04        0x2 /tmp/ccUooz6j.o
                0x00001c04                timer
 .data          0x00001c06        0x0 /home/reviewer/alpaca-oopsla2017/ext/libmspbuiltins/bld/gcc/libmspbuiltins.a(builtins.o)
 .data          0x00001c06        0x0 /home/reviewer/alpaca-oopsla2017/ext/libmspprintf/bld/gcc/libmspprintf.a(printf.o)
 .data          0x00001c06        0x0 /home/reviewer/alpaca-oopsla2017/ext/libmspconsole/bld/gcc/libmspconsole.a(io.o)
 .data          0x00001c06        0x0 /home/reviewer/alpaca-oopsla2017/ext/libwispbase/bld/gcc/libwispbase.a(uart.o)
 .data          0x00001c06        0x0 /opt/ti/mspgcc/bin/../lib/gcc/msp430-elf/4.9.1/../../../../msp430-elf/lib/libc.a(lib_a-asctime.o)
 .data          0x00001c06        0x0 /opt/ti/mspgcc/bin/../lib/gcc/msp430-elf/4.9.1/../../../../msp430-elf/lib/libc.a(lib_a-asctime_r.o)
 .data          0x00001c06        0x0 /opt/ti/mspgcc/bin/../lib/gcc/msp430-elf/4.9.1/../../../../msp430-elf/lib/libc.a(lib_a-impure.o)
 .data._impure_ptr
                0x00001c06        0x2 /opt/ti/mspgcc/bin/../lib/gcc/msp430-elf/4.9.1/../../../../msp430-elf/lib/libc.a(lib_a-impure.o)
                0x00001c06                _impure_ptr
 .data.impure_data
                0x00001c08       0x78 /opt/ti/mspgcc/bin/../lib/gcc/msp430-elf/4.9.1/../../../../msp430-elf/lib/libc.a(lib_a-impure.o)
 .data          0x00001c80        0x0 /opt/ti/mspgcc/bin/../lib/gcc/msp430-elf/4.9.1/../../../../msp430-elf/lib/libc.a(lib_a-lcltime.o)
 .data          0x00001c80        0x0 /opt/ti/mspgcc/bin/../lib/gcc/msp430-elf/4.9.1/../../../../msp430-elf/lib/libc.a(lib_a-lcltime_r.o)
 .data          0x00001c80        0x0 /opt/ti/mspgcc/bin/../lib/gcc/msp430-elf/4.9.1/../../../../msp430-elf/lib/libc.a(lib_a-malloc.o)
 .data          0x00001c80        0x0 /opt/ti/mspgcc/bin/../lib/gcc/msp430-elf/4.9.1/../../../../msp430-elf/lib/libc.a(lib_a-memset.o)
 .data          0x00001c80        0x0 /opt/ti/mspgcc/bin/../lib/gcc/msp430-elf/4.9.1/../../../../msp430-elf/lib/libc.a(lib_a-mktm_r.o)
 .data          0x00001c80        0x0 /opt/ti/mspgcc/bin/../lib/gcc/msp430-elf/4.9.1/../../../../msp430-elf/lib/libc.a(lib_a-nano-freer.o)
 .data          0x00001c80        0x0 /opt/ti/mspgcc/bin/../lib/gcc/msp430-elf/4.9.1/../../../../msp430-elf/lib/libc.a(lib_a-nano-mallocr.o)
 .data          0x00001c80        0x0 /opt/ti/mspgcc/bin/../lib/gcc/msp430-elf/4.9.1/../../../../msp430-elf/lib/libc.a(lib_a-sbrkr.o)
 .data          0x00001c80        0x0 /opt/ti/mspgcc/bin/../lib/gcc/msp430-elf/4.9.1/../../../../msp430-elf/lib/libc.a(lib_a-siprintf.o)
 .data          0x00001c80        0x0 /opt/ti/mspgcc/bin/../lib/gcc/msp430-elf/4.9.1/../../../../msp430-elf/lib/libc.a(lib_a-svfiprintf.o)
 .data          0x00001c80        0x0 /opt/ti/mspgcc/bin/../lib/gcc/msp430-elf/4.9.1/../../../../msp430-elf/lib/libc.a(lib_a-time.o)
 .data          0x00001c80        0x0 /opt/ti/mspgcc/bin/../lib/gcc/msp430-elf/4.9.1/../../../../msp430-elf/lib/libc.a(lib_a-tzlock.o)
 .data          0x00001c80        0x0 /opt/ti/mspgcc/bin/../lib/gcc/msp430-elf/4.9.1/../../../../msp430-elf/lib/libc.a(lib_a-tzvars.o)
 .data._tzname  0x00001c80        0x4 /opt/ti/mspgcc/bin/../lib/gcc/msp430-elf/4.9.1/../../../../msp430-elf/lib/libc.a(lib_a-tzvars.o)
                0x00001c80                _tzname
 .data          0x00001c84        0x0 /opt/ti/mspgcc/bin/../lib/gcc/msp430-elf/4.9.1/../../../../msp430-elf/lib/libc.a(lib_a-gettimeofdayr.o)
 .data          0x00001c84        0x0 /opt/ti/mspgcc/bin/../lib/gcc/msp430-elf/4.9.1/../../../../msp430-elf/lib/libc.a(lib_a-gettzinfo.o)
 .data.tzinfo   0x00001c84       0x28 /opt/ti/mspgcc/bin/../lib/gcc/msp430-elf/4.9.1/../../../../msp430-elf/lib/libc.a(lib_a-gettzinfo.o)
 .data          0x00001cac        0x0 /opt/ti/mspgcc/bin/../lib/gcc/msp430-elf/4.9.1/../../../../msp430-elf/lib/libc.a(lib_a-memchr.o)
 .data          0x00001cac        0x0 /opt/ti/mspgcc/bin/../lib/gcc/msp430-elf/4.9.1/../../../../msp430-elf/lib/libc.a(lib_a-memmove.o)
 .data          0x00001cac        0x0 /opt/ti/mspgcc/bin/../lib/gcc/msp430-elf/4.9.1/../../../../msp430-elf/lib/libc.a(lib_a-nano-reallocr.o)
 .data          0x00001cac        0x0 /opt/ti/mspgcc/bin/../lib/gcc/msp430-elf/4.9.1/../../../../msp430-elf/lib/libc.a(lib_a-reent.o)
 .data          0x00001cac        0x0 /opt/ti/mspgcc/bin/../lib/gcc/msp430-elf/4.9.1/../../../../msp430-elf/lib/libc.a(lib_a-strlen.o)
 .data          0x00001cac        0x0 /opt/ti/mspgcc/bin/../lib/gcc/msp430-elf/4.9.1/../../../../msp430-elf/lib/libc.a(lib_a-nano-msizer.o)
 .data          0x00001cac        0x0 /opt/ti/mspgcc/bin/../lib/gcc/msp430-elf/4.9.1/libgcc.a(lib2divHI.o)
 .data          0x00001cac        0x0 /opt/ti/mspgcc/bin/../lib/gcc/msp430-elf/4.9.1/libgcc.a(lib2divSI.o)
 .data          0x00001cac        0x0 /opt/ti/mspgcc/bin/../lib/gcc/msp430-elf/4.9.1/libgcc.a(slli.o)
 .data          0x00001cac        0x0 /opt/ti/mspgcc/bin/../lib/gcc/msp430-elf/4.9.1/libgcc.a(srli.o)
 .data          0x00001cac        0x0 /opt/ti/mspgcc/bin/../lib/gcc/msp430-elf/4.9.1/libgcc.a(lib2hw_mul.o)
 .data          0x00001cac        0x0 /opt/ti/mspgcc/bin/../lib/gcc/msp430-elf/4.9.1/../../../../msp430-elf/lib/libcrt.a(crt_bss.o)
 .data          0x00001cac        0x0 /opt/ti/mspgcc/bin/../lib/gcc/msp430-elf/4.9.1/../../../../msp430-elf/lib/libcrt.a(crt_movedata.o)
 .data          0x00001cac        0x0 /opt/ti/mspgcc/bin/../lib/gcc/msp430-elf/4.9.1/../../../../msp430-elf/lib/libcrt.a(crt_main.o)
 .data          0x00001cac        0x2 /opt/ti/mspgcc/bin/../lib/gcc/msp430-elf/4.9.1/../../../../msp430-elf/lib/libnosys.a(sbrk.o)
 .data          0x00001cae        0x0 /opt/ti/mspgcc/bin/../lib/gcc/msp430-elf/4.9.1/../../../../msp430-elf/lib/libnosys.a(write.o)
 .data          0x00001cae       0x4b /opt/ti/mspgcc/bin/../lib/gcc/msp430-elf/4.9.1/../../../../msp430-elf/lib/libnosys.a(cio.o)
                0x00001cae                __CIOBUF__
                0x00001cae                _CIOBUF_
 .data          0x00001cf9        0x0 /opt/ti/mspgcc/bin/../lib/gcc/msp430-elf/4.9.1/../../../../msp430-elf/lib/libc.a(lib_a-abort.o)
 .data          0x00001cf9        0x0 /opt/ti/mspgcc/bin/../lib/gcc/msp430-elf/4.9.1/../../../../msp430-elf/lib/libc.a(lib_a-signal.o)
 .data          0x00001cf9        0x0 /opt/ti/mspgcc/bin/../lib/gcc/msp430-elf/4.9.1/../../../../msp430-elf/lib/libc.a(lib_a-signalr.o)
 .data          0x00001cf9        0x0 /opt/ti/mspgcc/bin/../lib/gcc/msp430-elf/4.9.1/../../../../msp430-elf/lib/libnosys.a(nosyscalls.o)
 .data          0x00001cf9        0x0 /opt/ti/mspgcc/bin/../lib/gcc/msp430-elf/4.9.1/../../../../msp430-elf/lib/libc.a(lib_a-errno.o)
 .data          0x00001cf9        0x0 /opt/ti/mspgcc/bin/../lib/gcc/msp430-elf/4.9.1/crtend.o
 .data          0x00001cf9        0x0 /opt/ti/mspgcc/bin/../lib/gcc/msp430-elf/4.9.1/../../../../msp430-elf/lib/crtn.o
 *(.gnu.linkonce.d.*personality*)
 *(.data1)
 *(.got.plt)
 *(.got)
                0x00001cfa                . = ALIGN (0x2)
 *fill*         0x00001cf9        0x1 
 *(.sdata .sdata.* .gnu.linkonce.s.* D_2 D_1)
                0x00001cfa                . = ALIGN (0x2)
 *(.lower.data.* .lower.data)
                0x00001cfa                . = ALIGN (0x2)
                0x00001cfa                _edata = .
                0x00001cfa                PROVIDE (edata, .)
                0x00001cfa                PROVIDE (__dataend, .)
                0x000046fe                PROVIDE (__romdatastart, LOADADDR (.data))
                0x000000fa                PROVIDE (__romdatacopysize, SIZEOF (.data))

.upper.data     0x00010000        0x2 load address 0x000047f8
                0x000047f8                __upper_data_init = LOADADDR (.upper.data)
                0x00010000        0x2 SHORT 0x1
                0x00010002                __high_datastart = .
 *(.upper.data.* .upper.data)
                0x00010002                __high_dataend = .
                0x00000000                __rom_highdatacopysize = (SIZEOF (.upper.data) - 0x2)
                0x000047fa                __rom_highdatastart = (LOADADDR (.upper.data) + 0x2)

.bss            0x00001cfa       0x2e
                0x00001cfa                . = ALIGN (0x2)
                0x00001cfa                PROVIDE (__bssstart, .)
 *(.dynbss)
 *(.sbss .sbss.*)
 *(.bss .bss.* .gnu.linkonce.b.*)
 .bss           0x00001cfa        0x0 /opt/ti/mspgcc/bin/../lib/gcc/msp430-elf/4.9.1/../../../../msp430-elf/lib/crt0.o
 .bss           0x00001cfa       0x12 /opt/ti/mspgcc/bin/../lib/gcc/msp430-elf/4.9.1/crtbegin.o
 .bss           0x00001d0c        0x4 /tmp/ccUooz6j.o
                0x00001d0c                overflow
 .bss           0x00001d10        0x0 /home/reviewer/alpaca-oopsla2017/ext/libmspbuiltins/bld/gcc/libmspbuiltins.a(builtins.o)
 .bss           0x00001d10        0x0 /home/reviewer/alpaca-oopsla2017/ext/libmspprintf/bld/gcc/libmspprintf.a(printf.o)
 .bss           0x00001d10        0x0 /home/reviewer/alpaca-oopsla2017/ext/libmspconsole/bld/gcc/libmspconsole.a(io.o)
 .bss           0x00001d10        0xc /home/reviewer/alpaca-oopsla2017/ext/libwispbase/bld/gcc/libwispbase.a(uart.o)
 .bss           0x00001d1c        0x0 /opt/ti/mspgcc/bin/../lib/gcc/msp430-elf/4.9.1/../../../../msp430-elf/lib/libc.a(lib_a-asctime.o)
 .bss           0x00001d1c        0x0 /opt/ti/mspgcc/bin/../lib/gcc/msp430-elf/4.9.1/../../../../msp430-elf/lib/libc.a(lib_a-asctime_r.o)
 .bss           0x00001d1c        0x0 /opt/ti/mspgcc/bin/../lib/gcc/msp430-elf/4.9.1/../../../../msp430-elf/lib/libc.a(lib_a-impure.o)
 .bss           0x00001d1c        0x0 /opt/ti/mspgcc/bin/../lib/gcc/msp430-elf/4.9.1/../../../../msp430-elf/lib/libc.a(lib_a-lcltime.o)
 .bss           0x00001d1c        0x0 /opt/ti/mspgcc/bin/../lib/gcc/msp430-elf/4.9.1/../../../../msp430-elf/lib/libc.a(lib_a-lcltime_r.o)
 .bss           0x00001d1c        0x0 /opt/ti/mspgcc/bin/../lib/gcc/msp430-elf/4.9.1/../../../../msp430-elf/lib/libc.a(lib_a-malloc.o)
 .bss           0x00001d1c        0x0 /opt/ti/mspgcc/bin/../lib/gcc/msp430-elf/4.9.1/../../../../msp430-elf/lib/libc.a(lib_a-memset.o)
 .bss           0x00001d1c        0x0 /opt/ti/mspgcc/bin/../lib/gcc/msp430-elf/4.9.1/../../../../msp430-elf/lib/libc.a(lib_a-mktm_r.o)
 .bss           0x00001d1c        0x0 /opt/ti/mspgcc/bin/../lib/gcc/msp430-elf/4.9.1/../../../../msp430-elf/lib/libc.a(lib_a-nano-freer.o)
 .bss           0x00001d1c        0x0 /opt/ti/mspgcc/bin/../lib/gcc/msp430-elf/4.9.1/../../../../msp430-elf/lib/libc.a(lib_a-nano-mallocr.o)
 .bss.__malloc_sbrk_start
                0x00001d1c        0x2 /opt/ti/mspgcc/bin/../lib/gcc/msp430-elf/4.9.1/../../../../msp430-elf/lib/libc.a(lib_a-nano-mallocr.o)
                0x00001d1c                __malloc_sbrk_start
 .bss.__malloc_free_list
                0x00001d1e        0x2 /opt/ti/mspgcc/bin/../lib/gcc/msp430-elf/4.9.1/../../../../msp430-elf/lib/libc.a(lib_a-nano-mallocr.o)
                0x00001d1e                __malloc_free_list
 .bss           0x00001d20        0x0 /opt/ti/mspgcc/bin/../lib/gcc/msp430-elf/4.9.1/../../../../msp430-elf/lib/libc.a(lib_a-sbrkr.o)
 .bss           0x00001d20        0x0 /opt/ti/mspgcc/bin/../lib/gcc/msp430-elf/4.9.1/../../../../msp430-elf/lib/libc.a(lib_a-siprintf.o)
 .bss           0x00001d20        0x0 /opt/ti/mspgcc/bin/../lib/gcc/msp430-elf/4.9.1/../../../../msp430-elf/lib/libc.a(lib_a-svfiprintf.o)
 .bss           0x00001d20        0x0 /opt/ti/mspgcc/bin/../lib/gcc/msp430-elf/4.9.1/../../../../msp430-elf/lib/libc.a(lib_a-time.o)
 .bss           0x00001d20        0x0 /opt/ti/mspgcc/bin/../lib/gcc/msp430-elf/4.9.1/../../../../msp430-elf/lib/libc.a(lib_a-tzlock.o)
 .bss           0x00001d20        0x0 /opt/ti/mspgcc/bin/../lib/gcc/msp430-elf/4.9.1/../../../../msp430-elf/lib/libc.a(lib_a-tzvars.o)
 .bss._timezone
                0x00001d20        0x4 /opt/ti/mspgcc/bin/../lib/gcc/msp430-elf/4.9.1/../../../../msp430-elf/lib/libc.a(lib_a-tzvars.o)
                0x00001d20                _timezone
 .bss._daylight
                0x00001d24        0x2 /opt/ti/mspgcc/bin/../lib/gcc/msp430-elf/4.9.1/../../../../msp430-elf/lib/libc.a(lib_a-tzvars.o)
                0x00001d24                _daylight
 .bss           0x00001d26        0x0 /opt/ti/mspgcc/bin/../lib/gcc/msp430-elf/4.9.1/../../../../msp430-elf/lib/libc.a(lib_a-gettimeofdayr.o)
 .bss           0x00001d26        0x0 /opt/ti/mspgcc/bin/../lib/gcc/msp430-elf/4.9.1/../../../../msp430-elf/lib/libc.a(lib_a-gettzinfo.o)
 .bss           0x00001d26        0x0 /opt/ti/mspgcc/bin/../lib/gcc/msp430-elf/4.9.1/../../../../msp430-elf/lib/libc.a(lib_a-memchr.o)
 .bss           0x00001d26        0x0 /opt/ti/mspgcc/bin/../lib/gcc/msp430-elf/4.9.1/../../../../msp430-elf/lib/libc.a(lib_a-memmove.o)
 .bss           0x00001d26        0x0 /opt/ti/mspgcc/bin/../lib/gcc/msp430-elf/4.9.1/../../../../msp430-elf/lib/libc.a(lib_a-nano-reallocr.o)
 .bss           0x00001d26        0x0 /opt/ti/mspgcc/bin/../lib/gcc/msp430-elf/4.9.1/../../../../msp430-elf/lib/libc.a(lib_a-reent.o)
 .bss           0x00001d26        0x0 /opt/ti/mspgcc/bin/../lib/gcc/msp430-elf/4.9.1/../../../../msp430-elf/lib/libc.a(lib_a-strlen.o)
 .bss           0x00001d26        0x0 /opt/ti/mspgcc/bin/../lib/gcc/msp430-elf/4.9.1/../../../../msp430-elf/lib/libc.a(lib_a-nano-msizer.o)
 .bss           0x00001d26        0x0 /opt/ti/mspgcc/bin/../lib/gcc/msp430-elf/4.9.1/libgcc.a(lib2divHI.o)
 .bss           0x00001d26        0x0 /opt/ti/mspgcc/bin/../lib/gcc/msp430-elf/4.9.1/libgcc.a(lib2divSI.o)
 .bss           0x00001d26        0x0 /opt/ti/mspgcc/bin/../lib/gcc/msp430-elf/4.9.1/libgcc.a(slli.o)
 .bss           0x00001d26        0x0 /opt/ti/mspgcc/bin/../lib/gcc/msp430-elf/4.9.1/libgcc.a(srli.o)
 .bss           0x00001d26        0x0 /opt/ti/mspgcc/bin/../lib/gcc/msp430-elf/4.9.1/libgcc.a(lib2hw_mul.o)
 .bss           0x00001d26        0x0 /opt/ti/mspgcc/bin/../lib/gcc/msp430-elf/4.9.1/../../../../msp430-elf/lib/libcrt.a(crt_bss.o)
 .bss           0x00001d26        0x0 /opt/ti/mspgcc/bin/../lib/gcc/msp430-elf/4.9.1/../../../../msp430-elf/lib/libcrt.a(crt_movedata.o)
 .bss           0x00001d26        0x0 /opt/ti/mspgcc/bin/../lib/gcc/msp430-elf/4.9.1/../../../../msp430-elf/lib/libcrt.a(crt_main.o)
 .bss           0x00001d26        0x0 /opt/ti/mspgcc/bin/../lib/gcc/msp430-elf/4.9.1/../../../../msp430-elf/lib/libnosys.a(sbrk.o)
 .bss           0x00001d26        0x0 /opt/ti/mspgcc/bin/../lib/gcc/msp430-elf/4.9.1/../../../../msp430-elf/lib/libnosys.a(write.o)
 .bss           0x00001d26        0x0 /opt/ti/mspgcc/bin/../lib/gcc/msp430-elf/4.9.1/../../../../msp430-elf/lib/libnosys.a(cio.o)
 .bss           0x00001d26        0x0 /opt/ti/mspgcc/bin/../lib/gcc/msp430-elf/4.9.1/../../../../msp430-elf/lib/libc.a(lib_a-abort.o)
 .bss           0x00001d26        0x0 /opt/ti/mspgcc/bin/../lib/gcc/msp430-elf/4.9.1/../../../../msp430-elf/lib/libc.a(lib_a-signal.o)
 .bss           0x00001d26        0x0 /opt/ti/mspgcc/bin/../lib/gcc/msp430-elf/4.9.1/../../../../msp430-elf/lib/libc.a(lib_a-signalr.o)
 .bss           0x00001d26        0x0 /opt/ti/mspgcc/bin/../lib/gcc/msp430-elf/4.9.1/../../../../msp430-elf/lib/libnosys.a(nosyscalls.o)
 .bss           0x00001d26        0x0 /opt/ti/mspgcc/bin/../lib/gcc/msp430-elf/4.9.1/../../../../msp430-elf/lib/libc.a(lib_a-errno.o)
 .bss           0x00001d26        0x0 /opt/ti/mspgcc/bin/../lib/gcc/msp430-elf/4.9.1/crtend.o
 .bss           0x00001d26        0x0 /opt/ti/mspgcc/bin/../lib/gcc/msp430-elf/4.9.1/../../../../msp430-elf/lib/crtn.o
 *(.lower.bss.* .lower.bss)
                0x00001d26                . = ALIGN (0x2)
 *(COMMON)
 COMMON         0x00001d26        0x2 /opt/ti/mspgcc/bin/../lib/gcc/msp430-elf/4.9.1/../../../../msp430-elf/lib/libc.a(lib_a-reent.o)
                0x00001d26                errno
                0x00001d28                PROVIDE (__bssend, .)
                0x0000002e                PROVIDE (__bsssize, SIZEOF (.bss))

.noinit         0x00001d28        0x0
                0x00001d28                . = ALIGN (0x2)
                0x00001d28                PROVIDE (__noinit_start, .)
 *(.noinit)
                0x00001d28                . = ALIGN (0x2)
                0x00001d28                PROVIDE (__noinit_end, .)
                0x00001d28                _end = .
                0x00001d28                PROVIDE (end, .)

.upper.bss      0x00010002        0x0
                0x00010002                . = ALIGN (0x2)
                0x00010002                __high_bssstart = .
 *(.upper.bss.* .upper.bss)
                0x00010002                . = ALIGN (0x2)
                0x00010002                __high_bssend = .

.stack          0x00002400        0x0
                0x00002400                PROVIDE (__stack, .)
 *(.stack)

.text           0x000047fc     0x3f52
                0x000047fc                PROVIDE (_start, .)
                0x000047fc                . = ALIGN (0x2)
 *(SORT(.crt_*))
 .crt_0000start
                0x000047fc        0x4 /opt/ti/mspgcc/bin/../lib/gcc/msp430-elf/4.9.1/../../../../msp430-elf/lib/crt0.o
                0x000047fc                __crt0_start
 .crt_0100init_bss
                0x00004800        0xe /opt/ti/mspgcc/bin/../lib/gcc/msp430-elf/4.9.1/../../../../msp430-elf/lib/libcrt.a(crt_bss.o)
                0x00004800                __crt0_init_bss
 .crt_0300movedata
                0x0000480e       0x14 /opt/ti/mspgcc/bin/../lib/gcc/msp430-elf/4.9.1/../../../../msp430-elf/lib/libcrt.a(crt_movedata.o)
                0x0000480e                __crt0_movedata
 .crt_0700call_init_then_main
                0x00004822        0xa /opt/ti/mspgcc/bin/../lib/gcc/msp430-elf/4.9.1/../../../../msp430-elf/lib/libcrt.a(crt_main.o)
                0x00004822                __crt0_call_init_then_main
 .crt_0900main_init
                0x0000482c       0x36 /opt/ti/mspgcc/bin/../lib/gcc/msp430-elf/4.9.1/../../../../msp430-elf/lib/crt0.o
                0x0000482c                _msp430_run_init_array
                0x00004838                _msp430_run_preinit_array
                0x00004844                _msp430_run_fini_array
                0x00004862                . = ALIGN (0x2)
 *(.lowtext)
                0x00004862                . = ALIGN (0x2)
 *(.lower.text.* .lower.text)
                0x00004862                . = ALIGN (0x2)
 *(.text .stub .text.* .gnu.linkonce.t.* .text:*)
 .text          0x00004862        0x0 /opt/ti/mspgcc/bin/../lib/gcc/msp430-elf/4.9.1/../../../../msp430-elf/lib/crt0.o
 .text          0x00004862       0xc6 /opt/ti/mspgcc/bin/../lib/gcc/msp430-elf/4.9.1/crtbegin.o
 .text          0x00004928     0x1ad2 /tmp/ccUooz6j.o
                0x00004928                TimerB1_ISR
                0x00004928                __interrupt_vector_51
                0x00004978                ACCEL_singleSample_
                0x00004a04                initializeHardware
                0x00004aa8                task_init
                0x00004b3c                task_selectMode
                0x00004cec                task_resetStats
                0x00004d0c                task_sample
                0x00004dcc                task_transform
                0x00005262                task_featurize
                0x0000555e                task_classify
                0x00005a06                task_stats
                0x00005bfa                task_warmup
                0x00005c96                task_train
                0x00005d3e                task_idle
                0x00005d4e                _init
                0x00005d5a                _entry_task
                0x00005d6a                clear_isDirty
                0x00005d96                msp_watchdog_enable
                0x00005dae                msp_watchdog_disable
                0x00005dbe                msp_watchdog_kick
                0x00005dd2                memcpy
                0x00005e26                my_memset
                0x00005e3e                msp_clock_setup
                0x00005e5e                mult16
                0x00005e72                sqrt16
                0x00005f92                udivmodhi4
                0x000060a2                __divhi3
                0x0000614a                __modhi3
                0x000061d6                __udivhi3
                0x00006206                __umodhi3
                0x00006236                task_prologue
                0x000062f2                transition_to
                0x0000635e                write_to_gbuf
                0x000063d6                main
 .text          0x000063fa        0xe /home/reviewer/alpaca-oopsla2017/ext/libmspbuiltins/bld/gcc/libmspbuiltins.a(builtins.o)
                0x000063fa                __mulhi3hw_noint
 .text          0x00006408      0x224 /home/reviewer/alpaca-oopsla2017/ext/libmspprintf/bld/gcc/libmspprintf.a(printf.o)
                0x0000649a                puts
                0x000064b8                printf
 .text          0x0000662c       0x5e /home/reviewer/alpaca-oopsla2017/ext/libmspconsole/bld/gcc/libmspconsole.a(io.o)
                0x0000662c                mspconsole_init
                0x00006632                io_putchar
                0x0000664e                io_puts_no_newline
                0x00006674                io_puts
 .text          0x0000668a      0x23e /home/reviewer/alpaca-oopsla2017/ext/libwispbase/bld/gcc/libwispbase.a(uart.o)
                0x0000668a                UART_init
                0x000066cc                UART_teardown
                0x000066f2                UART_asyncSend
                0x00006716                UART_send
                0x00006726                UART_critSend
                0x0000678c                UART_isTxBusy
                0x00006792                UART_asyncReceive
                0x000067b8                UART_receive
                0x000067ca                UART_critReceive
                0x00006830                UART_isRxBusy
                0x00006836                UART_isRxDone
                0x00006844                USCI_A0_ISR
 .text          0x000068c8        0x0 /opt/ti/mspgcc/bin/../lib/gcc/msp430-elf/4.9.1/../../../../msp430-elf/lib/libc.a(lib_a-asctime.o)
 .text.asctime  0x000068c8       0x32 /opt/ti/mspgcc/bin/../lib/gcc/msp430-elf/4.9.1/../../../../msp430-elf/lib/libc.a(lib_a-asctime.o)
                0x000068c8                asctime
 .text          0x000068fa        0x0 /opt/ti/mspgcc/bin/../lib/gcc/msp430-elf/4.9.1/../../../../msp430-elf/lib/libc.a(lib_a-asctime_r.o)
 .text.asctime_r
                0x000068fa       0x66 /opt/ti/mspgcc/bin/../lib/gcc/msp430-elf/4.9.1/../../../../msp430-elf/lib/libc.a(lib_a-asctime_r.o)
                0x000068fa                asctime_r
 .text          0x00006960        0x0 /opt/ti/mspgcc/bin/../lib/gcc/msp430-elf/4.9.1/../../../../msp430-elf/lib/libc.a(lib_a-impure.o)
 .text          0x00006960        0x0 /opt/ti/mspgcc/bin/../lib/gcc/msp430-elf/4.9.1/../../../../msp430-elf/lib/libc.a(lib_a-lcltime.o)
 .text.localtime
                0x00006960       0x28 /opt/ti/mspgcc/bin/../lib/gcc/msp430-elf/4.9.1/../../../../msp430-elf/lib/libc.a(lib_a-lcltime.o)
                0x00006960                localtime
 .text          0x00006988        0x0 /opt/ti/mspgcc/bin/../lib/gcc/msp430-elf/4.9.1/../../../../msp430-elf/lib/libc.a(lib_a-lcltime_r.o)
 .text.localtime_r
                0x00006988        0x8 /opt/ti/mspgcc/bin/../lib/gcc/msp430-elf/4.9.1/../../../../msp430-elf/lib/libc.a(lib_a-lcltime_r.o)
                0x00006988                localtime_r
 .text          0x00006990        0x0 /opt/ti/mspgcc/bin/../lib/gcc/msp430-elf/4.9.1/../../../../msp430-elf/lib/libc.a(lib_a-malloc.o)
 .text.malloc   0x00006990        0xc /opt/ti/mspgcc/bin/../lib/gcc/msp430-elf/4.9.1/../../../../msp430-elf/lib/libc.a(lib_a-malloc.o)
                0x00006990                malloc
 .text.free     0x0000699c        0xc /opt/ti/mspgcc/bin/../lib/gcc/msp430-elf/4.9.1/../../../../msp430-elf/lib/libc.a(lib_a-malloc.o)
                0x0000699c                free
 .text          0x000069a8        0x0 /opt/ti/mspgcc/bin/../lib/gcc/msp430-elf/4.9.1/../../../../msp430-elf/lib/libc.a(lib_a-memset.o)
 .text.memset   0x000069a8       0x12 /opt/ti/mspgcc/bin/../lib/gcc/msp430-elf/4.9.1/../../../../msp430-elf/lib/libc.a(lib_a-memset.o)
                0x000069a8                memset
 .text          0x000069ba        0x0 /opt/ti/mspgcc/bin/../lib/gcc/msp430-elf/4.9.1/../../../../msp430-elf/lib/libc.a(lib_a-mktm_r.o)
 .text.__tzcalc_limits
                0x000069ba      0x1f6 /opt/ti/mspgcc/bin/../lib/gcc/msp430-elf/4.9.1/../../../../msp430-elf/lib/libc.a(lib_a-mktm_r.o)
                0x000069ba                __tzcalc_limits
 .text._mktm_r  0x00006bb0      0x442 /opt/ti/mspgcc/bin/../lib/gcc/msp430-elf/4.9.1/../../../../msp430-elf/lib/libc.a(lib_a-mktm_r.o)
                0x00006bb0                _mktm_r
 .text          0x00006ff2        0x0 /opt/ti/mspgcc/bin/../lib/gcc/msp430-elf/4.9.1/../../../../msp430-elf/lib/libc.a(lib_a-nano-freer.o)
 .text._free_r  0x00006ff2       0xea /opt/ti/mspgcc/bin/../lib/gcc/msp430-elf/4.9.1/../../../../msp430-elf/lib/libc.a(lib_a-nano-freer.o)
                0x00006ff2                _free_r
 .text          0x000070dc        0x0 /opt/ti/mspgcc/bin/../lib/gcc/msp430-elf/4.9.1/../../../../msp430-elf/lib/libc.a(lib_a-nano-mallocr.o)
 .text._malloc_r
                0x000070dc       0xec /opt/ti/mspgcc/bin/../lib/gcc/msp430-elf/4.9.1/../../../../msp430-elf/lib/libc.a(lib_a-nano-mallocr.o)
                0x000070dc                _malloc_r
 .text          0x000071c8        0x0 /opt/ti/mspgcc/bin/../lib/gcc/msp430-elf/4.9.1/../../../../msp430-elf/lib/libc.a(lib_a-sbrkr.o)
 .text._sbrk_r  0x000071c8       0x22 /opt/ti/mspgcc/bin/../lib/gcc/msp430-elf/4.9.1/../../../../msp430-elf/lib/libc.a(lib_a-sbrkr.o)
                0x000071c8                _sbrk_r
 .text          0x000071ea        0x0 /opt/ti/mspgcc/bin/../lib/gcc/msp430-elf/4.9.1/../../../../msp430-elf/lib/libc.a(lib_a-siprintf.o)
 .text._siprintf_r
                0x000071ea       0x3e /opt/ti/mspgcc/bin/../lib/gcc/msp430-elf/4.9.1/../../../../msp430-elf/lib/libc.a(lib_a-siprintf.o)
                0x000071ea                _siprintf_r
 .text.siprintf
                0x00007228       0x42 /opt/ti/mspgcc/bin/../lib/gcc/msp430-elf/4.9.1/../../../../msp430-elf/lib/libc.a(lib_a-siprintf.o)
                0x00007228                siprintf
 .text          0x0000726a        0x0 /opt/ti/mspgcc/bin/../lib/gcc/msp430-elf/4.9.1/../../../../msp430-elf/lib/libc.a(lib_a-svfiprintf.o)
 .text.__ssprint_r
                0x0000726a      0x120 /opt/ti/mspgcc/bin/../lib/gcc/msp430-elf/4.9.1/../../../../msp430-elf/lib/libc.a(lib_a-svfiprintf.o)
                0x0000726a                __ssprint_r
 .text._svfiprintf_r
                0x0000738a      0x9a4 /opt/ti/mspgcc/bin/../lib/gcc/msp430-elf/4.9.1/../../../../msp430-elf/lib/libc.a(lib_a-svfiprintf.o)
                0x0000738a                _svfiprintf_r
 .text          0x00007d2e        0x0 /opt/ti/mspgcc/bin/../lib/gcc/msp430-elf/4.9.1/../../../../msp430-elf/lib/libc.a(lib_a-time.o)
 .text.time     0x00007d2e       0x36 /opt/ti/mspgcc/bin/../lib/gcc/msp430-elf/4.9.1/../../../../msp430-elf/lib/libc.a(lib_a-time.o)
                0x00007d2e                time
 .text          0x00007d64        0x0 /opt/ti/mspgcc/bin/../lib/gcc/msp430-elf/4.9.1/../../../../msp430-elf/lib/libc.a(lib_a-tzlock.o)
 .text.__tz_lock
                0x00007d64        0x2 /opt/ti/mspgcc/bin/../lib/gcc/msp430-elf/4.9.1/../../../../msp430-elf/lib/libc.a(lib_a-tzlock.o)
                0x00007d64                __tz_lock
 .text.__tz_unlock
                0x00007d66        0x2 /opt/ti/mspgcc/bin/../lib/gcc/msp430-elf/4.9.1/../../../../msp430-elf/lib/libc.a(lib_a-tzlock.o)
                0x00007d66                __tz_unlock
 .text          0x00007d68        0x0 /opt/ti/mspgcc/bin/../lib/gcc/msp430-elf/4.9.1/../../../../msp430-elf/lib/libc.a(lib_a-tzvars.o)
 .text          0x00007d68        0x0 /opt/ti/mspgcc/bin/../lib/gcc/msp430-elf/4.9.1/../../../../msp430-elf/lib/libc.a(lib_a-gettimeofdayr.o)
 .text._gettimeofday_r
                0x00007d68       0x24 /opt/ti/mspgcc/bin/../lib/gcc/msp430-elf/4.9.1/../../../../msp430-elf/lib/libc.a(lib_a-gettimeofdayr.o)
                0x00007d68                _gettimeofday_r
 .text          0x00007d8c        0x0 /opt/ti/mspgcc/bin/../lib/gcc/msp430-elf/4.9.1/../../../../msp430-elf/lib/libc.a(lib_a-gettzinfo.o)
 .text.__gettzinfo
                0x00007d8c        0x6 /opt/ti/mspgcc/bin/../lib/gcc/msp430-elf/4.9.1/../../../../msp430-elf/lib/libc.a(lib_a-gettzinfo.o)
                0x00007d8c                __gettzinfo
 .text          0x00007d92        0x0 /opt/ti/mspgcc/bin/../lib/gcc/msp430-elf/4.9.1/../../../../msp430-elf/lib/libc.a(lib_a-memchr.o)
 .text.memchr   0x00007d92       0x18 /opt/ti/mspgcc/bin/../lib/gcc/msp430-elf/4.9.1/../../../../msp430-elf/lib/libc.a(lib_a-memchr.o)
                0x00007d92                memchr
 .text          0x00007daa        0x0 /opt/ti/mspgcc/bin/../lib/gcc/msp430-elf/4.9.1/../../../../msp430-elf/lib/libc.a(lib_a-memmove.o)
 .text.memmove  0x00007daa       0x40 /opt/ti/mspgcc/bin/../lib/gcc/msp430-elf/4.9.1/../../../../msp430-elf/lib/libc.a(lib_a-memmove.o)
                0x00007daa                memmove
 .text          0x00007dea        0x0 /opt/ti/mspgcc/bin/../lib/gcc/msp430-elf/4.9.1/../../../../msp430-elf/lib/libc.a(lib_a-nano-reallocr.o)
 .text._realloc_r
                0x00007dea       0x50 /opt/ti/mspgcc/bin/../lib/gcc/msp430-elf/4.9.1/../../../../msp430-elf/lib/libc.a(lib_a-nano-reallocr.o)
                0x00007dea                _realloc_r
 .text          0x00007e3a        0x0 /opt/ti/mspgcc/bin/../lib/gcc/msp430-elf/4.9.1/../../../../msp430-elf/lib/libc.a(lib_a-reent.o)
 .text.cleanup_glue
                0x00007e3a       0x1c /opt/ti/mspgcc/bin/../lib/gcc/msp430-elf/4.9.1/../../../../msp430-elf/lib/libc.a(lib_a-reent.o)
                0x00007e3a                cleanup_glue
 .text._reclaim_reent
                0x00007e56      0x104 /opt/ti/mspgcc/bin/../lib/gcc/msp430-elf/4.9.1/../../../../msp430-elf/lib/libc.a(lib_a-reent.o)
                0x00007e56                _reclaim_reent
 .text          0x00007f5a        0x0 /opt/ti/mspgcc/bin/../lib/gcc/msp430-elf/4.9.1/../../../../msp430-elf/lib/libc.a(lib_a-strlen.o)
 .text.strlen   0x00007f5a       0x12 /opt/ti/mspgcc/bin/../lib/gcc/msp430-elf/4.9.1/../../../../msp430-elf/lib/libc.a(lib_a-strlen.o)
                0x00007f5a                strlen
 .text          0x00007f6c        0x0 /opt/ti/mspgcc/bin/../lib/gcc/msp430-elf/4.9.1/../../../../msp430-elf/lib/libc.a(lib_a-nano-msizer.o)
 .text._malloc_usable_size_r
                0x00007f6c       0x1a /opt/ti/mspgcc/bin/../lib/gcc/msp430-elf/4.9.1/../../../../msp430-elf/lib/libc.a(lib_a-nano-msizer.o)
                0x00007f6c                _malloc_usable_size_r
 .text          0x00007f86        0x0 /opt/ti/mspgcc/bin/../lib/gcc/msp430-elf/4.9.1/libgcc.a(lib2divHI.o)
 .text.udivmodhi4
                0x00007f86       0x3c /opt/ti/mspgcc/bin/../lib/gcc/msp430-elf/4.9.1/libgcc.a(lib2divHI.o)
 .text.__divhi3
                0x00007fc2       0x46 /opt/ti/mspgcc/bin/../lib/gcc/msp430-elf/4.9.1/libgcc.a(lib2divHI.o)
                0x00007fc2                __mspabi_divi
 .text.__modhi3
                0x00008008       0x30 /opt/ti/mspgcc/bin/../lib/gcc/msp430-elf/4.9.1/libgcc.a(lib2divHI.o)
                0x00008008                __mspabi_remi
 .text.__udivhi3
                0x00008038        0x8 /opt/ti/mspgcc/bin/../lib/gcc/msp430-elf/4.9.1/libgcc.a(lib2divHI.o)
                0x00008038                __mspabi_divu
 .text.__umodhi3
                0x00008040        0x8 /opt/ti/mspgcc/bin/../lib/gcc/msp430-elf/4.9.1/libgcc.a(lib2divHI.o)
                0x00008040                __mspabi_remu
 .text          0x00008048        0x0 /opt/ti/mspgcc/bin/../lib/gcc/msp430-elf/4.9.1/libgcc.a(lib2divSI.o)
 .text.udivmodsi4
                0x00008048       0x7e /opt/ti/mspgcc/bin/../lib/gcc/msp430-elf/4.9.1/libgcc.a(lib2divSI.o)
                0x00008048                udivmodsi4
 .text.__divsi3
                0x000080c6       0x74 /opt/ti/mspgcc/bin/../lib/gcc/msp430-elf/4.9.1/libgcc.a(lib2divSI.o)
                0x000080c6                __mspabi_divli
 .text.__modsi3
                0x0000813a       0x56 /opt/ti/mspgcc/bin/../lib/gcc/msp430-elf/4.9.1/libgcc.a(lib2divSI.o)
                0x0000813a                __mspabi_remli
 .text.__udivsi3
                0x00008190        0xe /opt/ti/mspgcc/bin/../lib/gcc/msp430-elf/4.9.1/libgcc.a(lib2divSI.o)
                0x00008190                __mspabi_divlu
 .text.__umodsi3
                0x0000819e        0xe /opt/ti/mspgcc/bin/../lib/gcc/msp430-elf/4.9.1/libgcc.a(lib2divSI.o)
                0x0000819e                __mspabi_remul
 .text          0x000081ac       0x74 /opt/ti/mspgcc/bin/../lib/gcc/msp430-elf/4.9.1/libgcc.a(slli.o)
                0x000081ac                __mspabi_slli_15
                0x000081ae                __mspabi_slli_14
                0x000081b0                __mspabi_slli_13
                0x000081b2                __mspabi_slli_12
                0x000081b4                __mspabi_slli_11
                0x000081b6                __mspabi_slli_10
                0x000081b8                __mspabi_slli_9
                0x000081ba                __mspabi_slli_8
                0x000081bc                __mspabi_slli_7
                0x000081be                __mspabi_slli_6
                0x000081c0                __mspabi_slli_5
                0x000081c2                __mspabi_slli_4
                0x000081c4                __mspabi_slli_3
                0x000081c6                __mspabi_slli_2
                0x000081c8                __mspabi_slli_1
                0x000081d0                __mspabi_slli
                0x000081d6                __mspabi_slll_15
                0x000081da                __mspabi_slll_14
                0x000081de                __mspabi_slll_13
                0x000081e2                __mspabi_slll_12
                0x000081e6                __mspabi_slll_11
                0x000081ea                __mspabi_slll_10
                0x000081ee                __mspabi_slll_9
                0x000081f2                __mspabi_slll_8
                0x000081f6                __mspabi_slll_7
                0x000081fa                __mspabi_slll_6
                0x000081fe                __mspabi_slll_5
                0x00008202                __mspabi_slll_4
                0x00008206                __mspabi_slll_3
                0x0000820a                __mspabi_slll_2
                0x0000820e                __mspabi_slll_1
                0x0000821a                __mspabi_slll
 .text          0x00008220       0xb4 /opt/ti/mspgcc/bin/../lib/gcc/msp430-elf/4.9.1/libgcc.a(srli.o)
                0x00008220                __mspabi_srli_15
                0x00008224                __mspabi_srli_14
                0x00008228                __mspabi_srli_13
                0x0000822c                __mspabi_srli_12
                0x00008230                __mspabi_srli_11
                0x00008234                __mspabi_srli_10
                0x00008238                __mspabi_srli_9
                0x0000823c                __mspabi_srli_8
                0x00008240                __mspabi_srli_7
                0x00008244                __mspabi_srli_6
                0x00008248                __mspabi_srli_5
                0x0000824c                __mspabi_srli_4
                0x00008250                __mspabi_srli_3
                0x00008254                __mspabi_srli_2
                0x00008258                __mspabi_srli_1
                0x00008264                __mspabi_srli
                0x0000826a                __mspabi_srll_15
                0x00008270                __mspabi_srll_14
                0x00008276                __mspabi_srll_13
                0x0000827c                __mspabi_srll_12
                0x00008282                __mspabi_srll_11
                0x00008288                __mspabi_srll_10
                0x0000828e                __mspabi_srll_9
                0x00008294                __mspabi_srll_8
                0x0000829a                __mspabi_srll_7
                0x000082a0                __mspabi_srll_6
                0x000082a6                __mspabi_srll_5
                0x000082ac                __mspabi_srll_4
                0x000082b2                __mspabi_srll_3
                0x000082b8                __mspabi_srll_2
                0x000082be                __mspabi_srll_1
                0x000082ce                __mspabi_srll
 .text          0x000082d4        0x0 /opt/ti/mspgcc/bin/../lib/gcc/msp430-elf/4.9.1/libgcc.a(lib2hw_mul.o)
 *fill*         0x000082d4        0x0 
 .text.__mulhi2
                0x000082d4       0x14 /opt/ti/mspgcc/bin/../lib/gcc/msp430-elf/4.9.1/libgcc.a(lib2hw_mul.o)
                0x000082d4                __mulhi2
 .text.__mulsihi2
                0x000082e8       0x18 /opt/ti/mspgcc/bin/../lib/gcc/msp430-elf/4.9.1/libgcc.a(lib2hw_mul.o)
                0x000082e8                __mulsihi2
 .text.__umulsihi2
                0x00008300       0x18 /opt/ti/mspgcc/bin/../lib/gcc/msp430-elf/4.9.1/libgcc.a(lib2hw_mul.o)
                0x00008300                __umulsihi2
 .text.__mulsi2
                0x00008318       0x30 /opt/ti/mspgcc/bin/../lib/gcc/msp430-elf/4.9.1/libgcc.a(lib2hw_mul.o)
                0x00008318                __mulsi2
 .text.__mulsi2_hw32
                0x00008348       0x20 /opt/ti/mspgcc/bin/../lib/gcc/msp430-elf/4.9.1/libgcc.a(lib2hw_mul.o)
                0x00008348                __mulsi2_hw32
 .text.__muldisi2_hw32
                0x00008368       0x28 /opt/ti/mspgcc/bin/../lib/gcc/msp430-elf/4.9.1/libgcc.a(lib2hw_mul.o)
                0x00008368                __muldisi2_hw32
 .text.__umuldisi2_hw32
                0x00008390       0x28 /opt/ti/mspgcc/bin/../lib/gcc/msp430-elf/4.9.1/libgcc.a(lib2hw_mul.o)
                0x00008390                __umuldisi2_hw32
 .text.__mulhi2_f5
                0x000083b8       0x14 /opt/ti/mspgcc/bin/../lib/gcc/msp430-elf/4.9.1/libgcc.a(lib2hw_mul.o)
                0x000083b8                __mulhi2_f5
 .text.__mulsihi2_f5
                0x000083cc       0x18 /opt/ti/mspgcc/bin/../lib/gcc/msp430-elf/4.9.1/libgcc.a(lib2hw_mul.o)
                0x000083cc                __mulsihi2_f5
 .text.__umulsihi2_f5
                0x000083e4       0x18 /opt/ti/mspgcc/bin/../lib/gcc/msp430-elf/4.9.1/libgcc.a(lib2hw_mul.o)
                0x000083e4                __umulsihi2_f5
 .text.__mulsi2_f5
                0x000083fc       0x20 /opt/ti/mspgcc/bin/../lib/gcc/msp430-elf/4.9.1/libgcc.a(lib2hw_mul.o)
                0x000083fc                __mulsi2_f5
 .text.__muldisi2_f5
                0x0000841c       0x28 /opt/ti/mspgcc/bin/../lib/gcc/msp430-elf/4.9.1/libgcc.a(lib2hw_mul.o)
                0x0000841c                __muldisi2_f5
 .text.__umuldisi2_f5
                0x00008444       0x28 /opt/ti/mspgcc/bin/../lib/gcc/msp430-elf/4.9.1/libgcc.a(lib2hw_mul.o)
                0x00008444                __umuldisi2_f5
 .text          0x0000846c        0x0 /opt/ti/mspgcc/bin/../lib/gcc/msp430-elf/4.9.1/../../../../msp430-elf/lib/libcrt.a(crt_bss.o)
 .text          0x0000846c        0x0 /opt/ti/mspgcc/bin/../lib/gcc/msp430-elf/4.9.1/../../../../msp430-elf/lib/libcrt.a(crt_movedata.o)
 .text          0x0000846c        0x0 /opt/ti/mspgcc/bin/../lib/gcc/msp430-elf/4.9.1/../../../../msp430-elf/lib/libcrt.a(crt_main.o)
 .text          0x0000846c       0x30 /opt/ti/mspgcc/bin/../lib/gcc/msp430-elf/4.9.1/../../../../msp430-elf/lib/libnosys.a(sbrk.o)
                0x0000846c                _sbrk
                0x0000846c                sbrk
 .text          0x0000849c       0x72 /opt/ti/mspgcc/bin/../lib/gcc/msp430-elf/4.9.1/../../../../msp430-elf/lib/libnosys.a(write.o)
                0x0000849c                write
 .text          0x0000850e        0x4 /opt/ti/mspgcc/bin/../lib/gcc/msp430-elf/4.9.1/../../../../msp430-elf/lib/libnosys.a(cio.o)
                0x0000850e                C$$IO$$
                0x0000850e                _libgloss_cio_hook
 .text          0x00008512        0x0 /opt/ti/mspgcc/bin/../lib/gcc/msp430-elf/4.9.1/../../../../msp430-elf/lib/libc.a(lib_a-abort.o)
 .text.abort    0x00008512        0xe /opt/ti/mspgcc/bin/../lib/gcc/msp430-elf/4.9.1/../../../../msp430-elf/lib/libc.a(lib_a-abort.o)
                0x00008512                abort
 .text          0x00008520        0x0 /opt/ti/mspgcc/bin/../lib/gcc/msp430-elf/4.9.1/../../../../msp430-elf/lib/libc.a(lib_a-signal.o)
 .text._init_signal_r
                0x00008520       0x3a /opt/ti/mspgcc/bin/../lib/gcc/msp430-elf/4.9.1/../../../../msp430-elf/lib/libc.a(lib_a-signal.o)
                0x00008520                _init_signal_r
 .text._signal_r
                0x0000855a       0x3e /opt/ti/mspgcc/bin/../lib/gcc/msp430-elf/4.9.1/../../../../msp430-elf/lib/libc.a(lib_a-signal.o)
                0x0000855a                _signal_r
 .text._raise_r
                0x00008598       0x62 /opt/ti/mspgcc/bin/../lib/gcc/msp430-elf/4.9.1/../../../../msp430-elf/lib/libc.a(lib_a-signal.o)
                0x00008598                _raise_r
 .text.__sigtramp_r
                0x000085fa       0x56 /opt/ti/mspgcc/bin/../lib/gcc/msp430-elf/4.9.1/../../../../msp430-elf/lib/libc.a(lib_a-signal.o)
                0x000085fa                __sigtramp_r
 .text.raise    0x00008650        0xc /opt/ti/mspgcc/bin/../lib/gcc/msp430-elf/4.9.1/../../../../msp430-elf/lib/libc.a(lib_a-signal.o)
                0x00008650                raise
 .text.signal   0x0000865c       0x10 /opt/ti/mspgcc/bin/../lib/gcc/msp430-elf/4.9.1/../../../../msp430-elf/lib/libc.a(lib_a-signal.o)
                0x0000865c                signal
 .text._init_signal
                0x0000866c        0xa /opt/ti/mspgcc/bin/../lib/gcc/msp430-elf/4.9.1/../../../../msp430-elf/lib/libc.a(lib_a-signal.o)
                0x0000866c                _init_signal
 .text.__sigtramp
                0x00008676        0xc /opt/ti/mspgcc/bin/../lib/gcc/msp430-elf/4.9.1/../../../../msp430-elf/lib/libc.a(lib_a-signal.o)
                0x00008676                __sigtramp
 .text          0x00008682        0x0 /opt/ti/mspgcc/bin/../lib/gcc/msp430-elf/4.9.1/../../../../msp430-elf/lib/libc.a(lib_a-signalr.o)
 .text._kill_r  0x00008682       0x24 /opt/ti/mspgcc/bin/../lib/gcc/msp430-elf/4.9.1/../../../../msp430-elf/lib/libc.a(lib_a-signalr.o)
                0x00008682                _kill_r
 .text._getpid_r
                0x000086a6        0x6 /opt/ti/mspgcc/bin/../lib/gcc/msp430-elf/4.9.1/../../../../msp430-elf/lib/libc.a(lib_a-signalr.o)
                0x000086a6                _getpid_r
 .text          0x000086ac       0x60 /opt/ti/mspgcc/bin/../lib/gcc/msp430-elf/4.9.1/../../../../msp430-elf/lib/libnosys.a(nosyscalls.o)
                0x000086ac                exit
                0x000086ac                _exit
                0x000086ae                open
                0x000086bc                close
                0x000086ca                read
                0x000086d8                fstat
                0x000086e6                lseek
                0x000086f4                kill
                0x00008702                isatty
                0x00008702                _isatty
                0x00008706                getpid
 .text          0x0000870c        0x0 /opt/ti/mspgcc/bin/../lib/gcc/msp430-elf/4.9.1/../../../../msp430-elf/lib/libc.a(lib_a-errno.o)
 .text.__errno  0x0000870c        0x6 /opt/ti/mspgcc/bin/../lib/gcc/msp430-elf/4.9.1/../../../../msp430-elf/lib/libc.a(lib_a-errno.o)
                0x0000870c                __errno
 .text          0x00008712       0x20 /opt/ti/mspgcc/bin/../lib/gcc/msp430-elf/4.9.1/crtend.o
 .text          0x00008732        0x0 /opt/ti/mspgcc/bin/../lib/gcc/msp430-elf/4.9.1/../../../../msp430-elf/lib/crtn.o
 *(.text.*personality*)
 *(.gnu.warning)
 *(.interp .hash .dynsym .dynstr .gnu.version*)
                0x00008732                PROVIDE (__etext, .)
                0x00008732                PROVIDE (_etext, .)
                0x00008732                PROVIDE (etext, .)
                0x00008732                . = ALIGN (0x2)
 *(.init)
 .init          0x00008732        0x0 /opt/ti/mspgcc/bin/../lib/gcc/msp430-elf/4.9.1/../../../../msp430-elf/lib/crt0.o
                0x00008732                __msp430_init
 .init          0x00008732        0x4 /opt/ti/mspgcc/bin/../lib/gcc/msp430-elf/4.9.1/crtbegin.o
 .init          0x00008736        0x4 /opt/ti/mspgcc/bin/../lib/gcc/msp430-elf/4.9.1/crtend.o
 .init          0x0000873a        0xa /opt/ti/mspgcc/bin/../lib/gcc/msp430-elf/4.9.1/../../../../msp430-elf/lib/crtn.o
                0x00008744                __msp430_init_end
 *(.fini)
 .fini          0x00008744        0x4 /opt/ti/mspgcc/bin/../lib/gcc/msp430-elf/4.9.1/../../../../msp430-elf/lib/crt0.o
                0x00008744                __msp430_fini
 .fini          0x00008748        0x4 /opt/ti/mspgcc/bin/../lib/gcc/msp430-elf/4.9.1/crtbegin.o
 .fini          0x0000874c        0x2 /opt/ti/mspgcc/bin/../lib/gcc/msp430-elf/4.9.1/../../../../msp430-elf/lib/crtn.o
                0x0000874e                __msp430_fini_end
 *(.tm_clone_table)
 .tm_clone_table
                0x0000874e        0x0 /opt/ti/mspgcc/bin/../lib/gcc/msp430-elf/4.9.1/crtbegin.o
 .tm_clone_table
                0x0000874e        0x0 /opt/ti/mspgcc/bin/../lib/gcc/msp430-elf/4.9.1/crtend.o
                0x0000874e                __TMC_END__

.upper.text     0x00010002        0x0
                0x00010002                . = ALIGN (0x2)
 *(.upper.text.* .upper.text)

.infoA

.infoB

.infoC

.infoD

.MP430.attributes
                0x00000000      0x467
 *(.MSP430.attributes)
 .MSP430.attributes
                0x00000000       0x17 /opt/ti/mspgcc/bin/../lib/gcc/msp430-elf/4.9.1/../../../../msp430-elf/lib/crt0.o
 .MSP430.attributes
                0x00000017       0x17 /opt/ti/mspgcc/bin/../lib/gcc/msp430-elf/4.9.1/crtbegin.o
 .MSP430.attributes
                0x0000002e       0x17 /tmp/ccUooz6j.o
 .MSP430.attributes
                0x00000045       0x17 /home/reviewer/alpaca-oopsla2017/ext/libmspbuiltins/bld/gcc/libmspbuiltins.a(builtins.o)
 .MSP430.attributes
                0x0000005c       0x17 /home/reviewer/alpaca-oopsla2017/ext/libmspprintf/bld/gcc/libmspprintf.a(printf.o)
 .MSP430.attributes
                0x00000073       0x17 /home/reviewer/alpaca-oopsla2017/ext/libmspconsole/bld/gcc/libmspconsole.a(io.o)
 .MSP430.attributes
                0x0000008a       0x17 /home/reviewer/alpaca-oopsla2017/ext/libwispbase/bld/gcc/libwispbase.a(uart.o)
 .MSP430.attributes
                0x000000a1       0x17 /opt/ti/mspgcc/bin/../lib/gcc/msp430-elf/4.9.1/../../../../msp430-elf/lib/libc.a(lib_a-asctime.o)
 .MSP430.attributes
                0x000000b8       0x17 /opt/ti/mspgcc/bin/../lib/gcc/msp430-elf/4.9.1/../../../../msp430-elf/lib/libc.a(lib_a-asctime_r.o)
 .MSP430.attributes
                0x000000cf       0x17 /opt/ti/mspgcc/bin/../lib/gcc/msp430-elf/4.9.1/../../../../msp430-elf/lib/libc.a(lib_a-impure.o)
 .MSP430.attributes
                0x000000e6       0x17 /opt/ti/mspgcc/bin/../lib/gcc/msp430-elf/4.9.1/../../../../msp430-elf/lib/libc.a(lib_a-lcltime.o)
 .MSP430.attributes
                0x000000fd       0x17 /opt/ti/mspgcc/bin/../lib/gcc/msp430-elf/4.9.1/../../../../msp430-elf/lib/libc.a(lib_a-lcltime_r.o)
 .MSP430.attributes
                0x00000114       0x17 /opt/ti/mspgcc/bin/../lib/gcc/msp430-elf/4.9.1/../../../../msp430-elf/lib/libc.a(lib_a-malloc.o)
 .MSP430.attributes
                0x0000012b       0x17 /opt/ti/mspgcc/bin/../lib/gcc/msp430-elf/4.9.1/../../../../msp430-elf/lib/libc.a(lib_a-memset.o)
 .MSP430.attributes
                0x00000142       0x17 /opt/ti/mspgcc/bin/../lib/gcc/msp430-elf/4.9.1/../../../../msp430-elf/lib/libc.a(lib_a-mktm_r.o)
 .MSP430.attributes
                0x00000159       0x17 /opt/ti/mspgcc/bin/../lib/gcc/msp430-elf/4.9.1/../../../../msp430-elf/lib/libc.a(lib_a-nano-freer.o)
 .MSP430.attributes
                0x00000170       0x17 /opt/ti/mspgcc/bin/../lib/gcc/msp430-elf/4.9.1/../../../../msp430-elf/lib/libc.a(lib_a-nano-mallocr.o)
 .MSP430.attributes
                0x00000187       0x17 /opt/ti/mspgcc/bin/../lib/gcc/msp430-elf/4.9.1/../../../../msp430-elf/lib/libc.a(lib_a-sbrkr.o)
 .MSP430.attributes
                0x0000019e       0x17 /opt/ti/mspgcc/bin/../lib/gcc/msp430-elf/4.9.1/../../../../msp430-elf/lib/libc.a(lib_a-siprintf.o)
 .MSP430.attributes
                0x000001b5       0x17 /opt/ti/mspgcc/bin/../lib/gcc/msp430-elf/4.9.1/../../../../msp430-elf/lib/libc.a(lib_a-svfiprintf.o)
 .MSP430.attributes
                0x000001cc       0x17 /opt/ti/mspgcc/bin/../lib/gcc/msp430-elf/4.9.1/../../../../msp430-elf/lib/libc.a(lib_a-time.o)
 .MSP430.attributes
                0x000001e3       0x17 /opt/ti/mspgcc/bin/../lib/gcc/msp430-elf/4.9.1/../../../../msp430-elf/lib/libc.a(lib_a-tzlock.o)
 .MSP430.attributes
                0x000001fa       0x17 /opt/ti/mspgcc/bin/../lib/gcc/msp430-elf/4.9.1/../../../../msp430-elf/lib/libc.a(lib_a-tzvars.o)
 .MSP430.attributes
                0x00000211       0x17 /opt/ti/mspgcc/bin/../lib/gcc/msp430-elf/4.9.1/../../../../msp430-elf/lib/libc.a(lib_a-gettimeofdayr.o)
 .MSP430.attributes
                0x00000228       0x17 /opt/ti/mspgcc/bin/../lib/gcc/msp430-elf/4.9.1/../../../../msp430-elf/lib/libc.a(lib_a-gettzinfo.o)
 .MSP430.attributes
                0x0000023f       0x17 /opt/ti/mspgcc/bin/../lib/gcc/msp430-elf/4.9.1/../../../../msp430-elf/lib/libc.a(lib_a-memchr.o)
 .MSP430.attributes
                0x00000256       0x17 /opt/ti/mspgcc/bin/../lib/gcc/msp430-elf/4.9.1/../../../../msp430-elf/lib/libc.a(lib_a-memmove.o)
 .MSP430.attributes
                0x0000026d       0x17 /opt/ti/mspgcc/bin/../lib/gcc/msp430-elf/4.9.1/../../../../msp430-elf/lib/libc.a(lib_a-nano-reallocr.o)
 .MSP430.attributes
                0x00000284       0x17 /opt/ti/mspgcc/bin/../lib/gcc/msp430-elf/4.9.1/../../../../msp430-elf/lib/libc.a(lib_a-reent.o)
 .MSP430.attributes
                0x0000029b       0x17 /opt/ti/mspgcc/bin/../lib/gcc/msp430-elf/4.9.1/../../../../msp430-elf/lib/libc.a(lib_a-strlen.o)
 .MSP430.attributes
                0x000002b2       0x17 /opt/ti/mspgcc/bin/../lib/gcc/msp430-elf/4.9.1/../../../../msp430-elf/lib/libc.a(lib_a-nano-msizer.o)
 .MSP430.attributes
                0x000002c9       0x17 /opt/ti/mspgcc/bin/../lib/gcc/msp430-elf/4.9.1/libgcc.a(lib2divHI.o)
 .MSP430.attributes
                0x000002e0       0x17 /opt/ti/mspgcc/bin/../lib/gcc/msp430-elf/4.9.1/libgcc.a(lib2divSI.o)
 .MSP430.attributes
                0x000002f7       0x17 /opt/ti/mspgcc/bin/../lib/gcc/msp430-elf/4.9.1/libgcc.a(slli.o)
 .MSP430.attributes
                0x0000030e       0x17 /opt/ti/mspgcc/bin/../lib/gcc/msp430-elf/4.9.1/libgcc.a(srli.o)
 .MSP430.attributes
                0x00000325       0x17 /opt/ti/mspgcc/bin/../lib/gcc/msp430-elf/4.9.1/libgcc.a(lib2hw_mul.o)
 .MSP430.attributes
                0x0000033c       0x17 /opt/ti/mspgcc/bin/../lib/gcc/msp430-elf/4.9.1/../../../../msp430-elf/lib/libcrt.a(crt_bss.o)
 .MSP430.attributes
                0x00000353       0x17 /opt/ti/mspgcc/bin/../lib/gcc/msp430-elf/4.9.1/../../../../msp430-elf/lib/libcrt.a(crt_movedata.o)
 .MSP430.attributes
                0x0000036a       0x17 /opt/ti/mspgcc/bin/../lib/gcc/msp430-elf/4.9.1/../../../../msp430-elf/lib/libcrt.a(crt_main.o)
 .MSP430.attributes
                0x00000381       0x17 /opt/ti/mspgcc/bin/../lib/gcc/msp430-elf/4.9.1/../../../../msp430-elf/lib/libnosys.a(sbrk.o)
 .MSP430.attributes
                0x00000398       0x17 /opt/ti/mspgcc/bin/../lib/gcc/msp430-elf/4.9.1/../../../../msp430-elf/lib/libnosys.a(write.o)
 .MSP430.attributes
                0x000003af       0x17 /opt/ti/mspgcc/bin/../lib/gcc/msp430-elf/4.9.1/../../../../msp430-elf/lib/libnosys.a(cio.o)
 .MSP430.attributes
                0x000003c6       0x17 /opt/ti/mspgcc/bin/../lib/gcc/msp430-elf/4.9.1/../../../../msp430-elf/lib/libc.a(lib_a-abort.o)
 .MSP430.attributes
                0x000003dd       0x17 /opt/ti/mspgcc/bin/../lib/gcc/msp430-elf/4.9.1/../../../../msp430-elf/lib/libc.a(lib_a-signal.o)
 .MSP430.attributes
                0x000003f4       0x17 /opt/ti/mspgcc/bin/../lib/gcc/msp430-elf/4.9.1/../../../../msp430-elf/lib/libc.a(lib_a-signalr.o)
 .MSP430.attributes
                0x0000040b       0x17 /opt/ti/mspgcc/bin/../lib/gcc/msp430-elf/4.9.1/../../../../msp430-elf/lib/libnosys.a(nosyscalls.o)
 .MSP430.attributes
                0x00000422       0x17 /opt/ti/mspgcc/bin/../lib/gcc/msp430-elf/4.9.1/../../../../msp430-elf/lib/libc.a(lib_a-errno.o)
 .MSP430.attributes
                0x00000439       0x17 /opt/ti/mspgcc/bin/../lib/gcc/msp430-elf/4.9.1/crtend.o
 .MSP430.attributes
                0x00000450       0x17 /opt/ti/mspgcc/bin/../lib/gcc/msp430-elf/4.9.1/../../../../msp430-elf/lib/crtn.o
 *(.gnu.attributes)
 *(__TI_build_attributes)

.stab
 *(.stab)

.stabstr
 *(.stabstr)

.stab.excl
 *(.stab.excl)

.stab.exclstr
 *(.stab.exclstr)

.stab.index
 *(.stab.index)

.stab.indexstr
 *(.stab.indexstr)

.comment        0x00000000      0x121
 *(.comment)
 .comment       0x00000000       0x7c /opt/ti/mspgcc/bin/../lib/gcc/msp430-elf/4.9.1/crtbegin.o
                                 0x7d (size before relaxing)
 .comment       0x0000007c       0xa5 /tmp/ccUooz6j.o
                                0x673 (size before relaxing)
 .comment       0x00000000       0x7d /home/reviewer/alpaca-oopsla2017/ext/libmspprintf/bld/gcc/libmspprintf.a(printf.o)
 .comment       0x00000000       0x7d /home/reviewer/alpaca-oopsla2017/ext/libmspconsole/bld/gcc/libmspconsole.a(io.o)
 .comment       0x00000000       0x7d /home/reviewer/alpaca-oopsla2017/ext/libwispbase/bld/gcc/libwispbase.a(uart.o)
 .comment       0x00000000       0x7d /opt/ti/mspgcc/bin/../lib/gcc/msp430-elf/4.9.1/../../../../msp430-elf/lib/libc.a(lib_a-asctime.o)
 .comment       0x00000000       0x7d /opt/ti/mspgcc/bin/../lib/gcc/msp430-elf/4.9.1/../../../../msp430-elf/lib/libc.a(lib_a-asctime_r.o)
 .comment       0x00000000       0x7d /opt/ti/mspgcc/bin/../lib/gcc/msp430-elf/4.9.1/../../../../msp430-elf/lib/libc.a(lib_a-impure.o)
 .comment       0x00000000       0x7d /opt/ti/mspgcc/bin/../lib/gcc/msp430-elf/4.9.1/../../../../msp430-elf/lib/libc.a(lib_a-lcltime.o)
 .comment       0x00000000       0x7d /opt/ti/mspgcc/bin/../lib/gcc/msp430-elf/4.9.1/../../../../msp430-elf/lib/libc.a(lib_a-lcltime_r.o)
 .comment       0x00000000       0x7d /opt/ti/mspgcc/bin/../lib/gcc/msp430-elf/4.9.1/../../../../msp430-elf/lib/libc.a(lib_a-malloc.o)
 .comment       0x00000000       0x7d /opt/ti/mspgcc/bin/../lib/gcc/msp430-elf/4.9.1/../../../../msp430-elf/lib/libc.a(lib_a-memset.o)
 .comment       0x00000000       0x7d /opt/ti/mspgcc/bin/../lib/gcc/msp430-elf/4.9.1/../../../../msp430-elf/lib/libc.a(lib_a-mktm_r.o)
 .comment       0x00000000       0x7d /opt/ti/mspgcc/bin/../lib/gcc/msp430-elf/4.9.1/../../../../msp430-elf/lib/libc.a(lib_a-nano-freer.o)
 .comment       0x00000000       0x7d /opt/ti/mspgcc/bin/../lib/gcc/msp430-elf/4.9.1/../../../../msp430-elf/lib/libc.a(lib_a-nano-mallocr.o)
 .comment       0x00000000       0x7d /opt/ti/mspgcc/bin/../lib/gcc/msp430-elf/4.9.1/../../../../msp430-elf/lib/libc.a(lib_a-sbrkr.o)
 .comment       0x00000000       0x7d /opt/ti/mspgcc/bin/../lib/gcc/msp430-elf/4.9.1/../../../../msp430-elf/lib/libc.a(lib_a-siprintf.o)
 .comment       0x00000000       0x7d /opt/ti/mspgcc/bin/../lib/gcc/msp430-elf/4.9.1/../../../../msp430-elf/lib/libc.a(lib_a-svfiprintf.o)
 .comment       0x00000000       0x7d /opt/ti/mspgcc/bin/../lib/gcc/msp430-elf/4.9.1/../../../../msp430-elf/lib/libc.a(lib_a-time.o)
 .comment       0x00000000       0x7d /opt/ti/mspgcc/bin/../lib/gcc/msp430-elf/4.9.1/../../../../msp430-elf/lib/libc.a(lib_a-tzlock.o)
 .comment       0x00000000       0x7d /opt/ti/mspgcc/bin/../lib/gcc/msp430-elf/4.9.1/../../../../msp430-elf/lib/libc.a(lib_a-tzvars.o)
 .comment       0x00000000       0x7d /opt/ti/mspgcc/bin/../lib/gcc/msp430-elf/4.9.1/../../../../msp430-elf/lib/libc.a(lib_a-gettimeofdayr.o)
 .comment       0x00000000       0x7d /opt/ti/mspgcc/bin/../lib/gcc/msp430-elf/4.9.1/../../../../msp430-elf/lib/libc.a(lib_a-gettzinfo.o)
 .comment       0x00000000       0x7d /opt/ti/mspgcc/bin/../lib/gcc/msp430-elf/4.9.1/../../../../msp430-elf/lib/libc.a(lib_a-memchr.o)
 .comment       0x00000000       0x7d /opt/ti/mspgcc/bin/../lib/gcc/msp430-elf/4.9.1/../../../../msp430-elf/lib/libc.a(lib_a-memmove.o)
 .comment       0x00000000       0x7d /opt/ti/mspgcc/bin/../lib/gcc/msp430-elf/4.9.1/../../../../msp430-elf/lib/libc.a(lib_a-nano-reallocr.o)
 .comment       0x00000000       0x7d /opt/ti/mspgcc/bin/../lib/gcc/msp430-elf/4.9.1/../../../../msp430-elf/lib/libc.a(lib_a-reent.o)
 .comment       0x00000000       0x7d /opt/ti/mspgcc/bin/../lib/gcc/msp430-elf/4.9.1/../../../../msp430-elf/lib/libc.a(lib_a-strlen.o)
 .comment       0x00000000       0x7d /opt/ti/mspgcc/bin/../lib/gcc/msp430-elf/4.9.1/../../../../msp430-elf/lib/libc.a(lib_a-nano-msizer.o)
 .comment       0x00000000       0x7d /opt/ti/mspgcc/bin/../lib/gcc/msp430-elf/4.9.1/libgcc.a(lib2divHI.o)
 .comment       0x00000000       0x7d /opt/ti/mspgcc/bin/../lib/gcc/msp430-elf/4.9.1/libgcc.a(lib2divSI.o)
 .comment       0x00000000       0x7d /opt/ti/mspgcc/bin/../lib/gcc/msp430-elf/4.9.1/../../../../msp430-elf/lib/libnosys.a(sbrk.o)
 .comment       0x00000000       0x7d /opt/ti/mspgcc/bin/../lib/gcc/msp430-elf/4.9.1/../../../../msp430-elf/lib/libnosys.a(write.o)
 .comment       0x00000000       0x7d /opt/ti/mspgcc/bin/../lib/gcc/msp430-elf/4.9.1/../../../../msp430-elf/lib/libc.a(lib_a-abort.o)
 .comment       0x00000000       0x7d /opt/ti/mspgcc/bin/../lib/gcc/msp430-elf/4.9.1/../../../../msp430-elf/lib/libc.a(lib_a-signal.o)
 .comment       0x00000000       0x7d /opt/ti/mspgcc/bin/../lib/gcc/msp430-elf/4.9.1/../../../../msp430-elf/lib/libc.a(lib_a-signalr.o)
 .comment       0x00000000       0x7d /opt/ti/mspgcc/bin/../lib/gcc/msp430-elf/4.9.1/../../../../msp430-elf/lib/libc.a(lib_a-errno.o)
 .comment       0x00000000       0x7d /opt/ti/mspgcc/bin/../lib/gcc/msp430-elf/4.9.1/crtend.o

.debug
 *(.debug)

.line
 *(.line)

.debug_srcinfo
 *(.debug_srcinfo)

.debug_sfnames
 *(.debug_sfnames)

.debug_aranges  0x00000000      0x5f8
 *(.debug_aranges)
 .debug_aranges
                0x00000000       0x30 /opt/ti/mspgcc/bin/../lib/gcc/msp430-elf/4.9.1/../../../../msp430-elf/lib/crt0.o
 .debug_aranges
                0x00000030       0x20 /home/reviewer/alpaca-oopsla2017/ext/libmspprintf/bld/gcc/libmspprintf.a(printf.o)
 .debug_aranges
                0x00000050       0x20 /home/reviewer/alpaca-oopsla2017/ext/libmspconsole/bld/gcc/libmspconsole.a(io.o)
 .debug_aranges
                0x00000070       0x20 /home/reviewer/alpaca-oopsla2017/ext/libwispbase/bld/gcc/libwispbase.a(uart.o)
 .debug_aranges
                0x00000090       0x20 /opt/ti/mspgcc/bin/../lib/gcc/msp430-elf/4.9.1/../../../../msp430-elf/lib/libc.a(lib_a-asctime.o)
 .debug_aranges
                0x000000b0       0x20 /opt/ti/mspgcc/bin/../lib/gcc/msp430-elf/4.9.1/../../../../msp430-elf/lib/libc.a(lib_a-asctime_r.o)
 .debug_aranges
                0x000000d0       0x18 /opt/ti/mspgcc/bin/../lib/gcc/msp430-elf/4.9.1/../../../../msp430-elf/lib/libc.a(lib_a-impure.o)
 .debug_aranges
                0x000000e8       0x20 /opt/ti/mspgcc/bin/../lib/gcc/msp430-elf/4.9.1/../../../../msp430-elf/lib/libc.a(lib_a-lcltime.o)
 .debug_aranges
                0x00000108       0x20 /opt/ti/mspgcc/bin/../lib/gcc/msp430-elf/4.9.1/../../../../msp430-elf/lib/libc.a(lib_a-lcltime_r.o)
 .debug_aranges
                0x00000128       0x28 /opt/ti/mspgcc/bin/../lib/gcc/msp430-elf/4.9.1/../../../../msp430-elf/lib/libc.a(lib_a-malloc.o)
 .debug_aranges
                0x00000150       0x20 /opt/ti/mspgcc/bin/../lib/gcc/msp430-elf/4.9.1/../../../../msp430-elf/lib/libc.a(lib_a-memset.o)
 .debug_aranges
                0x00000170       0x28 /opt/ti/mspgcc/bin/../lib/gcc/msp430-elf/4.9.1/../../../../msp430-elf/lib/libc.a(lib_a-mktm_r.o)
 .debug_aranges
                0x00000198       0x20 /opt/ti/mspgcc/bin/../lib/gcc/msp430-elf/4.9.1/../../../../msp430-elf/lib/libc.a(lib_a-nano-freer.o)
 .debug_aranges
                0x000001b8       0x20 /opt/ti/mspgcc/bin/../lib/gcc/msp430-elf/4.9.1/../../../../msp430-elf/lib/libc.a(lib_a-nano-mallocr.o)
 .debug_aranges
                0x000001d8       0x20 /opt/ti/mspgcc/bin/../lib/gcc/msp430-elf/4.9.1/../../../../msp430-elf/lib/libc.a(lib_a-sbrkr.o)
 .debug_aranges
                0x000001f8       0x28 /opt/ti/mspgcc/bin/../lib/gcc/msp430-elf/4.9.1/../../../../msp430-elf/lib/libc.a(lib_a-siprintf.o)
 .debug_aranges
                0x00000220       0x28 /opt/ti/mspgcc/bin/../lib/gcc/msp430-elf/4.9.1/../../../../msp430-elf/lib/libc.a(lib_a-svfiprintf.o)
 .debug_aranges
                0x00000248       0x20 /opt/ti/mspgcc/bin/../lib/gcc/msp430-elf/4.9.1/../../../../msp430-elf/lib/libc.a(lib_a-time.o)
 .debug_aranges
                0x00000268       0x28 /opt/ti/mspgcc/bin/../lib/gcc/msp430-elf/4.9.1/../../../../msp430-elf/lib/libc.a(lib_a-tzlock.o)
 .debug_aranges
                0x00000290       0x18 /opt/ti/mspgcc/bin/../lib/gcc/msp430-elf/4.9.1/../../../../msp430-elf/lib/libc.a(lib_a-tzvars.o)
 .debug_aranges
                0x000002a8       0x20 /opt/ti/mspgcc/bin/../lib/gcc/msp430-elf/4.9.1/../../../../msp430-elf/lib/libc.a(lib_a-gettimeofdayr.o)
 .debug_aranges
                0x000002c8       0x20 /opt/ti/mspgcc/bin/../lib/gcc/msp430-elf/4.9.1/../../../../msp430-elf/lib/libc.a(lib_a-gettzinfo.o)
 .debug_aranges
                0x000002e8       0x20 /opt/ti/mspgcc/bin/../lib/gcc/msp430-elf/4.9.1/../../../../msp430-elf/lib/libc.a(lib_a-memchr.o)
 .debug_aranges
                0x00000308       0x20 /opt/ti/mspgcc/bin/../lib/gcc/msp430-elf/4.9.1/../../../../msp430-elf/lib/libc.a(lib_a-memmove.o)
 .debug_aranges
                0x00000328       0x20 /opt/ti/mspgcc/bin/../lib/gcc/msp430-elf/4.9.1/../../../../msp430-elf/lib/libc.a(lib_a-nano-reallocr.o)
 .debug_aranges
                0x00000348       0x28 /opt/ti/mspgcc/bin/../lib/gcc/msp430-elf/4.9.1/../../../../msp430-elf/lib/libc.a(lib_a-reent.o)
 .debug_aranges
                0x00000370       0x20 /opt/ti/mspgcc/bin/../lib/gcc/msp430-elf/4.9.1/../../../../msp430-elf/lib/libc.a(lib_a-strlen.o)
 .debug_aranges
                0x00000390       0x20 /opt/ti/mspgcc/bin/../lib/gcc/msp430-elf/4.9.1/../../../../msp430-elf/lib/libc.a(lib_a-nano-msizer.o)
 .debug_aranges
                0x000003b0       0x40 /opt/ti/mspgcc/bin/../lib/gcc/msp430-elf/4.9.1/libgcc.a(lib2divHI.o)
 .debug_aranges
                0x000003f0       0x40 /opt/ti/mspgcc/bin/../lib/gcc/msp430-elf/4.9.1/libgcc.a(lib2divSI.o)
 .debug_aranges
                0x00000430       0x20 /opt/ti/mspgcc/bin/../lib/gcc/msp430-elf/4.9.1/../../../../msp430-elf/lib/libcrt.a(crt_bss.o)
 .debug_aranges
                0x00000450       0x20 /opt/ti/mspgcc/bin/../lib/gcc/msp430-elf/4.9.1/../../../../msp430-elf/lib/libcrt.a(crt_movedata.o)
 .debug_aranges
                0x00000470       0x20 /opt/ti/mspgcc/bin/../lib/gcc/msp430-elf/4.9.1/../../../../msp430-elf/lib/libcrt.a(crt_main.o)
 .debug_aranges
                0x00000490       0x20 /opt/ti/mspgcc/bin/../lib/gcc/msp430-elf/4.9.1/../../../../msp430-elf/lib/libnosys.a(sbrk.o)
 .debug_aranges
                0x000004b0       0x20 /opt/ti/mspgcc/bin/../lib/gcc/msp430-elf/4.9.1/../../../../msp430-elf/lib/libnosys.a(write.o)
 .debug_aranges
                0x000004d0       0x20 /opt/ti/mspgcc/bin/../lib/gcc/msp430-elf/4.9.1/../../../../msp430-elf/lib/libnosys.a(cio.o)
 .debug_aranges
                0x000004f0       0x20 /opt/ti/mspgcc/bin/../lib/gcc/msp430-elf/4.9.1/../../../../msp430-elf/lib/libc.a(lib_a-abort.o)
 .debug_aranges
                0x00000510       0x58 /opt/ti/mspgcc/bin/../lib/gcc/msp430-elf/4.9.1/../../../../msp430-elf/lib/libc.a(lib_a-signal.o)
 .debug_aranges
                0x00000568       0x28 /opt/ti/mspgcc/bin/../lib/gcc/msp430-elf/4.9.1/../../../../msp430-elf/lib/libc.a(lib_a-signalr.o)
 .debug_aranges
                0x00000590       0x20 /opt/ti/mspgcc/bin/../lib/gcc/msp430-elf/4.9.1/../../../../msp430-elf/lib/libnosys.a(nosyscalls.o)
 .debug_aranges
                0x000005b0       0x20 /opt/ti/mspgcc/bin/../lib/gcc/msp430-elf/4.9.1/../../../../msp430-elf/lib/libc.a(lib_a-errno.o)
 .debug_aranges
                0x000005d0       0x28 /opt/ti/mspgcc/bin/../lib/gcc/msp430-elf/4.9.1/../../../../msp430-elf/lib/crtn.o

.debug_pubnames
 *(.debug_pubnames)

.debug_info     0x00000000     0xc501
 *(.debug_info .gnu.linkonce.wi.*)
 .debug_info    0x00000000       0xce /opt/ti/mspgcc/bin/../lib/gcc/msp430-elf/4.9.1/../../../../msp430-elf/lib/crt0.o
 .debug_info    0x000000ce      0x30d /home/reviewer/alpaca-oopsla2017/ext/libmspprintf/bld/gcc/libmspprintf.a(printf.o)
 .debug_info    0x000003db      0x1e7 /home/reviewer/alpaca-oopsla2017/ext/libmspconsole/bld/gcc/libmspconsole.a(io.o)
 .debug_info    0x000005c2      0x3e3 /home/reviewer/alpaca-oopsla2017/ext/libwispbase/bld/gcc/libwispbase.a(uart.o)
 .debug_info    0x000009a5      0x94b /opt/ti/mspgcc/bin/../lib/gcc/msp430-elf/4.9.1/../../../../msp430-elf/lib/libc.a(lib_a-asctime.o)
 .debug_info    0x000012f0      0x1cc /opt/ti/mspgcc/bin/../lib/gcc/msp430-elf/4.9.1/../../../../msp430-elf/lib/libc.a(lib_a-asctime_r.o)
 .debug_info    0x000014bc      0x896 /opt/ti/mspgcc/bin/../lib/gcc/msp430-elf/4.9.1/../../../../msp430-elf/lib/libc.a(lib_a-impure.o)
 .debug_info    0x00001d52      0x922 /opt/ti/mspgcc/bin/../lib/gcc/msp430-elf/4.9.1/../../../../msp430-elf/lib/libc.a(lib_a-lcltime.o)
 .debug_info    0x00002674      0x17a /opt/ti/mspgcc/bin/../lib/gcc/msp430-elf/4.9.1/../../../../msp430-elf/lib/libc.a(lib_a-lcltime_r.o)
 .debug_info    0x000027ee      0x884 /opt/ti/mspgcc/bin/../lib/gcc/msp430-elf/4.9.1/../../../../msp430-elf/lib/libc.a(lib_a-malloc.o)
 .debug_info    0x00003072       0xcf /opt/ti/mspgcc/bin/../lib/gcc/msp430-elf/4.9.1/../../../../msp430-elf/lib/libc.a(lib_a-memset.o)
 .debug_info    0x00003141      0x496 /opt/ti/mspgcc/bin/../lib/gcc/msp430-elf/4.9.1/../../../../msp430-elf/lib/libc.a(lib_a-mktm_r.o)
 .debug_info    0x000035d7      0x8e1 /opt/ti/mspgcc/bin/../lib/gcc/msp430-elf/4.9.1/../../../../msp430-elf/lib/libc.a(lib_a-nano-freer.o)
 .debug_info    0x00003eb8      0x9bd /opt/ti/mspgcc/bin/../lib/gcc/msp430-elf/4.9.1/../../../../msp430-elf/lib/libc.a(lib_a-nano-mallocr.o)
 .debug_info    0x00004875      0x863 /opt/ti/mspgcc/bin/../lib/gcc/msp430-elf/4.9.1/../../../../msp430-elf/lib/libc.a(lib_a-sbrkr.o)
 .debug_info    0x000050d8      0x942 /opt/ti/mspgcc/bin/../lib/gcc/msp430-elf/4.9.1/../../../../msp430-elf/lib/libc.a(lib_a-siprintf.o)
 .debug_info    0x00005a1a      0xf6a /opt/ti/mspgcc/bin/../lib/gcc/msp430-elf/4.9.1/../../../../msp430-elf/lib/libc.a(lib_a-svfiprintf.o)
 .debug_info    0x00006984      0x88e /opt/ti/mspgcc/bin/../lib/gcc/msp430-elf/4.9.1/../../../../msp430-elf/lib/libc.a(lib_a-time.o)
 .debug_info    0x00007212       0xa4 /opt/ti/mspgcc/bin/../lib/gcc/msp430-elf/4.9.1/../../../../msp430-elf/lib/libc.a(lib_a-tzlock.o)
 .debug_info    0x000072b6       0xb7 /opt/ti/mspgcc/bin/../lib/gcc/msp430-elf/4.9.1/../../../../msp430-elf/lib/libc.a(lib_a-tzvars.o)
 .debug_info    0x0000736d      0x8a0 /opt/ti/mspgcc/bin/../lib/gcc/msp430-elf/4.9.1/../../../../msp430-elf/lib/libc.a(lib_a-gettimeofdayr.o)
 .debug_info    0x00007c0d      0x15c /opt/ti/mspgcc/bin/../lib/gcc/msp430-elf/4.9.1/../../../../msp430-elf/lib/libc.a(lib_a-gettzinfo.o)
 .debug_info    0x00007d69       0xf4 /opt/ti/mspgcc/bin/../lib/gcc/msp430-elf/4.9.1/../../../../msp430-elf/lib/libc.a(lib_a-memchr.o)
 .debug_info    0x00007e5d       0xfe /opt/ti/mspgcc/bin/../lib/gcc/msp430-elf/4.9.1/../../../../msp430-elf/lib/libc.a(lib_a-memmove.o)
 .debug_info    0x00007f5b      0x976 /opt/ti/mspgcc/bin/../lib/gcc/msp430-elf/4.9.1/../../../../msp430-elf/lib/libc.a(lib_a-nano-reallocr.o)
 .debug_info    0x000088d1      0x9cb /opt/ti/mspgcc/bin/../lib/gcc/msp430-elf/4.9.1/../../../../msp430-elf/lib/libc.a(lib_a-reent.o)
 .debug_info    0x0000929c       0xc0 /opt/ti/mspgcc/bin/../lib/gcc/msp430-elf/4.9.1/../../../../msp430-elf/lib/libc.a(lib_a-strlen.o)
 .debug_info    0x0000935c      0x87c /opt/ti/mspgcc/bin/../lib/gcc/msp430-elf/4.9.1/../../../../msp430-elf/lib/libc.a(lib_a-nano-msizer.o)
 .debug_info    0x00009bd8      0x250 /opt/ti/mspgcc/bin/../lib/gcc/msp430-elf/4.9.1/libgcc.a(lib2divHI.o)
 .debug_info    0x00009e28      0x266 /opt/ti/mspgcc/bin/../lib/gcc/msp430-elf/4.9.1/libgcc.a(lib2divSI.o)
 .debug_info    0x0000a08e       0xd2 /opt/ti/mspgcc/bin/../lib/gcc/msp430-elf/4.9.1/../../../../msp430-elf/lib/libcrt.a(crt_bss.o)
 .debug_info    0x0000a160       0xd2 /opt/ti/mspgcc/bin/../lib/gcc/msp430-elf/4.9.1/../../../../msp430-elf/lib/libcrt.a(crt_movedata.o)
 .debug_info    0x0000a232       0xd2 /opt/ti/mspgcc/bin/../lib/gcc/msp430-elf/4.9.1/../../../../msp430-elf/lib/libcrt.a(crt_main.o)
 .debug_info    0x0000a304      0x114 /opt/ti/mspgcc/bin/../lib/gcc/msp430-elf/4.9.1/../../../../msp430-elf/lib/libnosys.a(sbrk.o)
 .debug_info    0x0000a418      0x1cd /opt/ti/mspgcc/bin/../lib/gcc/msp430-elf/4.9.1/../../../../msp430-elf/lib/libnosys.a(write.o)
 .debug_info    0x0000a5e5       0xd1 /opt/ti/mspgcc/bin/../lib/gcc/msp430-elf/4.9.1/../../../../msp430-elf/lib/libnosys.a(cio.o)
 .debug_info    0x0000a6b6       0xd0 /opt/ti/mspgcc/bin/../lib/gcc/msp430-elf/4.9.1/../../../../msp430-elf/lib/libc.a(lib_a-abort.o)
 .debug_info    0x0000a786      0xb1e /opt/ti/mspgcc/bin/../lib/gcc/msp430-elf/4.9.1/../../../../msp430-elf/lib/libc.a(lib_a-signal.o)
 .debug_info    0x0000b2a4      0x8bf /opt/ti/mspgcc/bin/../lib/gcc/msp430-elf/4.9.1/../../../../msp430-elf/lib/libc.a(lib_a-signalr.o)
 .debug_info    0x0000bb63       0xd8 /opt/ti/mspgcc/bin/../lib/gcc/msp430-elf/4.9.1/../../../../msp430-elf/lib/libnosys.a(nosyscalls.o)
 .debug_info    0x0000bc3b      0x7f8 /opt/ti/mspgcc/bin/../lib/gcc/msp430-elf/4.9.1/../../../../msp430-elf/lib/libc.a(lib_a-errno.o)
 .debug_info    0x0000c433       0xce /opt/ti/mspgcc/bin/../lib/gcc/msp430-elf/4.9.1/../../../../msp430-elf/lib/crtn.o

.debug_abbrev   0x00000000     0x2cf3
 *(.debug_abbrev)
 .debug_abbrev  0x00000000       0x12 /opt/ti/mspgcc/bin/../lib/gcc/msp430-elf/4.9.1/../../../../msp430-elf/lib/crt0.o
 .debug_abbrev  0x00000012      0x174 /home/reviewer/alpaca-oopsla2017/ext/libmspprintf/bld/gcc/libmspprintf.a(printf.o)
 .debug_abbrev  0x00000186      0x100 /home/reviewer/alpaca-oopsla2017/ext/libmspconsole/bld/gcc/libmspconsole.a(io.o)
 .debug_abbrev  0x00000286      0x155 /home/reviewer/alpaca-oopsla2017/ext/libwispbase/bld/gcc/libwispbase.a(uart.o)
 .debug_abbrev  0x000003db      0x1da /opt/ti/mspgcc/bin/../lib/gcc/msp430-elf/4.9.1/../../../../msp430-elf/lib/libc.a(lib_a-asctime.o)
 .debug_abbrev  0x000005b5       0xd8 /opt/ti/mspgcc/bin/../lib/gcc/msp430-elf/4.9.1/../../../../msp430-elf/lib/libc.a(lib_a-asctime_r.o)
 .debug_abbrev  0x0000068d      0x13b /opt/ti/mspgcc/bin/../lib/gcc/msp430-elf/4.9.1/../../../../msp430-elf/lib/libc.a(lib_a-impure.o)
 .debug_abbrev  0x000007c8      0x1cd /opt/ti/mspgcc/bin/../lib/gcc/msp430-elf/4.9.1/../../../../msp430-elf/lib/libc.a(lib_a-lcltime.o)
 .debug_abbrev  0x00000995       0xce /opt/ti/mspgcc/bin/../lib/gcc/msp430-elf/4.9.1/../../../../msp430-elf/lib/libc.a(lib_a-lcltime_r.o)
 .debug_abbrev  0x00000a63      0x1a1 /opt/ti/mspgcc/bin/../lib/gcc/msp430-elf/4.9.1/../../../../msp430-elf/lib/libc.a(lib_a-malloc.o)
 .debug_abbrev  0x00000c04       0x8c /opt/ti/mspgcc/bin/../lib/gcc/msp430-elf/4.9.1/../../../../msp430-elf/lib/libc.a(lib_a-memset.o)
 .debug_abbrev  0x00000c90      0x182 /opt/ti/mspgcc/bin/../lib/gcc/msp430-elf/4.9.1/../../../../msp430-elf/lib/libc.a(lib_a-mktm_r.o)
 .debug_abbrev  0x00000e12      0x1bd /opt/ti/mspgcc/bin/../lib/gcc/msp430-elf/4.9.1/../../../../msp430-elf/lib/libc.a(lib_a-nano-freer.o)
 .debug_abbrev  0x00000fcf      0x243 /opt/ti/mspgcc/bin/../lib/gcc/msp430-elf/4.9.1/../../../../msp430-elf/lib/libc.a(lib_a-nano-mallocr.o)
 .debug_abbrev  0x00001212      0x1a7 /opt/ti/mspgcc/bin/../lib/gcc/msp430-elf/4.9.1/../../../../msp430-elf/lib/libc.a(lib_a-sbrkr.o)
 .debug_abbrev  0x000013b9      0x1a2 /opt/ti/mspgcc/bin/../lib/gcc/msp430-elf/4.9.1/../../../../msp430-elf/lib/libc.a(lib_a-siprintf.o)
 .debug_abbrev  0x0000155b      0x276 /opt/ti/mspgcc/bin/../lib/gcc/msp430-elf/4.9.1/../../../../msp430-elf/lib/libc.a(lib_a-svfiprintf.o)
 .debug_abbrev  0x000017d1      0x185 /opt/ti/mspgcc/bin/../lib/gcc/msp430-elf/4.9.1/../../../../msp430-elf/lib/libc.a(lib_a-time.o)
 .debug_abbrev  0x00001956       0x4f /opt/ti/mspgcc/bin/../lib/gcc/msp430-elf/4.9.1/../../../../msp430-elf/lib/libc.a(lib_a-tzlock.o)
 .debug_abbrev  0x000019a5       0x50 /opt/ti/mspgcc/bin/../lib/gcc/msp430-elf/4.9.1/../../../../msp430-elf/lib/libc.a(lib_a-tzvars.o)
 .debug_abbrev  0x000019f5      0x192 /opt/ti/mspgcc/bin/../lib/gcc/msp430-elf/4.9.1/../../../../msp430-elf/lib/libc.a(lib_a-gettimeofdayr.o)
 .debug_abbrev  0x00001b87       0xa6 /opt/ti/mspgcc/bin/../lib/gcc/msp430-elf/4.9.1/../../../../msp430-elf/lib/libc.a(lib_a-gettzinfo.o)
 .debug_abbrev  0x00001c2d       0xa9 /opt/ti/mspgcc/bin/../lib/gcc/msp430-elf/4.9.1/../../../../msp430-elf/lib/libc.a(lib_a-memchr.o)
 .debug_abbrev  0x00001cd6       0x9a /opt/ti/mspgcc/bin/../lib/gcc/msp430-elf/4.9.1/../../../../msp430-elf/lib/libc.a(lib_a-memmove.o)
 .debug_abbrev  0x00001d70      0x1c0 /opt/ti/mspgcc/bin/../lib/gcc/msp430-elf/4.9.1/../../../../msp430-elf/lib/libc.a(lib_a-nano-reallocr.o)
 .debug_abbrev  0x00001f30      0x1f2 /opt/ti/mspgcc/bin/../lib/gcc/msp430-elf/4.9.1/../../../../msp430-elf/lib/libc.a(lib_a-reent.o)
 .debug_abbrev  0x00002122       0x7d /opt/ti/mspgcc/bin/../lib/gcc/msp430-elf/4.9.1/../../../../msp430-elf/lib/libc.a(lib_a-strlen.o)
 .debug_abbrev  0x0000219f      0x166 /opt/ti/mspgcc/bin/../lib/gcc/msp430-elf/4.9.1/../../../../msp430-elf/lib/libc.a(lib_a-nano-msizer.o)
 .debug_abbrev  0x00002305       0xd2 /opt/ti/mspgcc/bin/../lib/gcc/msp430-elf/4.9.1/libgcc.a(lib2divHI.o)
 .debug_abbrev  0x000023d7       0xc3 /opt/ti/mspgcc/bin/../lib/gcc/msp430-elf/4.9.1/libgcc.a(lib2divSI.o)
 .debug_abbrev  0x0000249a       0x14 /opt/ti/mspgcc/bin/../lib/gcc/msp430-elf/4.9.1/../../../../msp430-elf/lib/libcrt.a(crt_bss.o)
 .debug_abbrev  0x000024ae       0x14 /opt/ti/mspgcc/bin/../lib/gcc/msp430-elf/4.9.1/../../../../msp430-elf/lib/libcrt.a(crt_movedata.o)
 .debug_abbrev  0x000024c2       0x14 /opt/ti/mspgcc/bin/../lib/gcc/msp430-elf/4.9.1/../../../../msp430-elf/lib/libcrt.a(crt_main.o)
 .debug_abbrev  0x000024d6      0x100 /opt/ti/mspgcc/bin/../lib/gcc/msp430-elf/4.9.1/../../../../msp430-elf/lib/libnosys.a(sbrk.o)
 .debug_abbrev  0x000025d6      0x127 /opt/ti/mspgcc/bin/../lib/gcc/msp430-elf/4.9.1/../../../../msp430-elf/lib/libnosys.a(write.o)
 .debug_abbrev  0x000026fd       0x14 /opt/ti/mspgcc/bin/../lib/gcc/msp430-elf/4.9.1/../../../../msp430-elf/lib/libnosys.a(cio.o)
 .debug_abbrev  0x00002711       0x93 /opt/ti/mspgcc/bin/../lib/gcc/msp430-elf/4.9.1/../../../../msp430-elf/lib/libc.a(lib_a-abort.o)
 .debug_abbrev  0x000027a4      0x24a /opt/ti/mspgcc/bin/../lib/gcc/msp430-elf/4.9.1/../../../../msp430-elf/lib/libc.a(lib_a-signal.o)
 .debug_abbrev  0x000029ee      0x1a6 /opt/ti/mspgcc/bin/../lib/gcc/msp430-elf/4.9.1/../../../../msp430-elf/lib/libc.a(lib_a-signalr.o)
 .debug_abbrev  0x00002b94       0x14 /opt/ti/mspgcc/bin/../lib/gcc/msp430-elf/4.9.1/../../../../msp430-elf/lib/libnosys.a(nosyscalls.o)
 .debug_abbrev  0x00002ba8      0x139 /opt/ti/mspgcc/bin/../lib/gcc/msp430-elf/4.9.1/../../../../msp430-elf/lib/libc.a(lib_a-errno.o)
 .debug_abbrev  0x00002ce1       0x12 /opt/ti/mspgcc/bin/../lib/gcc/msp430-elf/4.9.1/../../../../msp430-elf/lib/crtn.o

.debug_line     0x00000000     0x4876
 *(.debug_line .debug_line.* .debug_line_end)
 .debug_line    0x00000000       0xff /opt/ti/mspgcc/bin/../lib/gcc/msp430-elf/4.9.1/../../../../msp430-elf/lib/crt0.o
 .debug_line    0x000000ff      0x237 /home/reviewer/alpaca-oopsla2017/ext/libmspprintf/bld/gcc/libmspprintf.a(printf.o)
 .debug_line    0x00000336      0x162 /home/reviewer/alpaca-oopsla2017/ext/libmspconsole/bld/gcc/libmspconsole.a(io.o)
 .debug_line    0x00000498      0x37b /home/reviewer/alpaca-oopsla2017/ext/libwispbase/bld/gcc/libwispbase.a(uart.o)
 .debug_line    0x00000813      0x177 /opt/ti/mspgcc/bin/../lib/gcc/msp430-elf/4.9.1/../../../../msp430-elf/lib/libc.a(lib_a-asctime.o)
 .debug_line.text.asctime
                0x0000098a       0x34 /opt/ti/mspgcc/bin/../lib/gcc/msp430-elf/4.9.1/../../../../msp430-elf/lib/libc.a(lib_a-asctime.o)
 .debug_line_end
                0x000009be        0x0 /opt/ti/mspgcc/bin/../lib/gcc/msp430-elf/4.9.1/../../../../msp430-elf/lib/libc.a(lib_a-asctime.o)
 .debug_line    0x000009be       0xba /opt/ti/mspgcc/bin/../lib/gcc/msp430-elf/4.9.1/../../../../msp430-elf/lib/libc.a(lib_a-asctime_r.o)
 .debug_line.text.asctime_r
                0x00000a78       0x2e /opt/ti/mspgcc/bin/../lib/gcc/msp430-elf/4.9.1/../../../../msp430-elf/lib/libc.a(lib_a-asctime_r.o)
 .debug_line_end
                0x00000aa6        0x0 /opt/ti/mspgcc/bin/../lib/gcc/msp430-elf/4.9.1/../../../../msp430-elf/lib/libc.a(lib_a-asctime_r.o)
 .debug_line    0x00000aa6      0x12f /opt/ti/mspgcc/bin/../lib/gcc/msp430-elf/4.9.1/../../../../msp430-elf/lib/libc.a(lib_a-impure.o)
 .debug_line_end
                0x00000bd5        0x0 /opt/ti/mspgcc/bin/../lib/gcc/msp430-elf/4.9.1/../../../../msp430-elf/lib/libc.a(lib_a-impure.o)
 .debug_line    0x00000bd5      0x182 /opt/ti/mspgcc/bin/../lib/gcc/msp430-elf/4.9.1/../../../../msp430-elf/lib/libc.a(lib_a-lcltime.o)
 .debug_line.text.localtime