Archive member included because of file (symbol)

/home/reviewer/alpaca-oopsla2017/ext/libmspprintf/bld/gcc/libmspprintf.a(printf.o)
                              /tmp/ccC2gg2J.o (printf)
/home/reviewer/alpaca-oopsla2017/ext/libmspconsole/bld/gcc/libmspconsole.a(io.o)
                              /tmp/ccC2gg2J.o (mspconsole_init)
/home/reviewer/alpaca-oopsla2017/ext/libwispbase/bld/gcc/libwispbase.a(uart.o)
                              /home/reviewer/alpaca-oopsla2017/ext/libmspconsole/bld/gcc/libmspconsole.a(io.o) (UART_init)
/opt/ti/mspgcc/bin/../lib/gcc/msp430-elf/4.9.1/../../../../msp430-elf/lib/libc.a(lib_a-exit.o)
                              /tmp/ccC2gg2J.o (exit)
/opt/ti/mspgcc/bin/../lib/gcc/msp430-elf/4.9.1/../../../../msp430-elf/lib/libc.a(lib_a-impure.o)
                              /opt/ti/mspgcc/bin/../lib/gcc/msp430-elf/4.9.1/../../../../msp430-elf/lib/libc.a(lib_a-exit.o) (_global_impure_ptr)
/opt/ti/mspgcc/bin/../lib/gcc/msp430-elf/4.9.1/../../../../msp430-elf/lib/libc.a(lib_a-__call_atexit.o)
                              /opt/ti/mspgcc/bin/../lib/gcc/msp430-elf/4.9.1/../../../../msp430-elf/lib/libc.a(lib_a-exit.o) (__call_exitprocs)
/opt/ti/mspgcc/bin/../lib/gcc/msp430-elf/4.9.1/libgcc.a(slli.o)
                              /opt/ti/mspgcc/bin/../lib/gcc/msp430-elf/4.9.1/../../../../msp430-elf/lib/libc.a(lib_a-__call_atexit.o) (__mspabi_slli)
/opt/ti/mspgcc/bin/../lib/gcc/msp430-elf/4.9.1/../../../../msp430-elf/lib/libcrt.a(crt_bss.o)
                              /opt/ti/mspgcc/bin/../lib/gcc/msp430-elf/4.9.1/crtbegin.o (__crt0_init_bss)
/opt/ti/mspgcc/bin/../lib/gcc/msp430-elf/4.9.1/../../../../msp430-elf/lib/libcrt.a(crt_movedata.o)
                              /opt/ti/mspgcc/bin/../lib/gcc/msp430-elf/4.9.1/crtbegin.o (__crt0_movedata)
/opt/ti/mspgcc/bin/../lib/gcc/msp430-elf/4.9.1/../../../../msp430-elf/lib/libcrt.a(crt_main.o)
                              /opt/ti/mspgcc/bin/../lib/gcc/msp430-elf/4.9.1/../../../../msp430-elf/lib/crt0.o (__crt0_call_init_then_main)
/opt/ti/mspgcc/bin/../lib/gcc/msp430-elf/4.9.1/../../../../msp430-elf/lib/libnosys.a(nosyscalls.o)
                              /opt/ti/mspgcc/bin/../lib/gcc/msp430-elf/4.9.1/../../../../msp430-elf/lib/libc.a(lib_a-exit.o) (_exit)
/opt/ti/mspgcc/bin/../lib/gcc/msp430-elf/4.9.1/../../../../msp430-elf/lib/libc.a(lib_a-errno.o)
                              /opt/ti/mspgcc/bin/../lib/gcc/msp430-elf/4.9.1/../../../../msp430-elf/lib/libnosys.a(nosyscalls.o) (__errno)
/opt/ti/mspgcc/bin/../lib/gcc/msp430-elf/4.9.1/../../../../msp430-elf/lib/libc.a(lib_a-memmove.o)
                              /opt/ti/mspgcc/bin/../lib/gcc/msp430-elf/4.9.1/../../../../msp430-elf/lib/libcrt.a(crt_movedata.o) (memmove)
/opt/ti/mspgcc/bin/../lib/gcc/msp430-elf/4.9.1/../../../../msp430-elf/lib/libc.a(lib_a-memset.o)
                              /opt/ti/mspgcc/bin/../lib/gcc/msp430-elf/4.9.1/../../../../msp430-elf/lib/libcrt.a(crt_bss.o) (memset)

Discarded input sections

 .note.GNU-stack
                0x00000000        0x0 /tmp/ccC2gg2J.o

Memory Configuration

Name             Origin             Length             Attributes
SFR              0x00000000         0x00000010
PERIPHERAL_8BIT  0x00000010         0x000000f0
PERIPHERAL_16BIT 0x00000100         0x00000100
RAM              0x00001c00         0x00000800
INFOMEM          0x00001800         0x00000200
INFOA            0x00001980         0x00000080
INFOB            0x00001900         0x00000080
INFOC            0x00001880         0x00000080
INFOD            0x00001800         0x00000080
ROM              0x00004400         0x0000bb80         xr
VECT1            0x0000ff90         0x00000002
VECT2            0x0000ff92         0x00000002
VECT3            0x0000ff94         0x00000002
VECT4            0x0000ff96         0x00000002
VECT5            0x0000ff98         0x00000002
VECT6            0x0000ff9a         0x00000002
VECT7            0x0000ff9c         0x00000002
VECT8            0x0000ff9e         0x00000002
VECT9            0x0000ffa0         0x00000002
VECT10           0x0000ffa2         0x00000002
VECT11           0x0000ffa4         0x00000002
VECT12           0x0000ffa6         0x00000002
VECT13           0x0000ffa8         0x00000002
VECT14           0x0000ffaa         0x00000002
VECT15           0x0000ffac         0x00000002
VECT16           0x0000ffae         0x00000002
VECT17           0x0000ffb0         0x00000002
VECT18           0x0000ffb2         0x00000002
VECT19           0x0000ffb4         0x00000002
VECT20           0x0000ffb6         0x00000002
VECT21           0x0000ffb8         0x00000002
VECT22           0x0000ffba         0x00000002
VECT23           0x0000ffbc         0x00000002
VECT24           0x0000ffbe         0x00000002
VECT25           0x0000ffc0         0x00000002
VECT26           0x0000ffc2         0x00000002
VECT27           0x0000ffc4         0x00000002
VECT28           0x0000ffc6         0x00000002
VECT29           0x0000ffc8         0x00000002
VECT30           0x0000ffca         0x00000002
VECT31           0x0000ffcc         0x00000002
VECT32           0x0000ffce         0x00000002
VECT33           0x0000ffd0         0x00000002
VECT34           0x0000ffd2         0x00000002
VECT35           0x0000ffd4         0x00000002
VECT36           0x0000ffd6         0x00000002
VECT37           0x0000ffd8         0x00000002
VECT38           0x0000ffda         0x00000002
VECT39           0x0000ffdc         0x00000002
VECT40           0x0000ffde         0x00000002
VECT41           0x0000ffe0         0x00000002
VECT42           0x0000ffe2         0x00000002
VECT43           0x0000ffe4         0x00000002
VECT44           0x0000ffe6         0x00000002
VECT45           0x0000ffe8         0x00000002
VECT46           0x0000ffea         0x00000002
VECT47           0x0000ffec         0x00000002
VECT48           0x0000ffee         0x00000002
VECT49           0x0000fff0         0x00000002
VECT50           0x0000fff2         0x00000002
VECT51           0x0000fff4         0x00000002
VECT52           0x0000fff6         0x00000002
VECT53           0x0000fff8         0x00000002
VECT54           0x0000fffa         0x00000002
VECT55           0x0000fffc         0x00000002
RESETVEC         0x0000fffe         0x00000002
BSL              0x00001000         0x00000800
HIFRAM           0x00010000         0x00003fff         xrw
*default*        0x00000000         0xffffffff

Linker script and memory map

LOAD /opt/ti/mspgcc/bin/../lib/gcc/msp430-elf/4.9.1/../../../../msp430-elf/lib/crt0.o
LOAD /opt/ti/mspgcc/bin/../lib/gcc/msp430-elf/4.9.1/crtbegin.o
LOAD /tmp/ccC2gg2J.o
LOAD /home/reviewer/alpaca-oopsla2017/ext/libmspbuiltins/bld/gcc/libmspbuiltins.a
LOAD /home/reviewer/alpaca-oopsla2017/ext/libmspprintf/bld/gcc/libmspprintf.a
LOAD /home/reviewer/alpaca-oopsla2017/ext/libmspconsole/bld/gcc/libmspconsole.a
LOAD /home/reviewer/alpaca-oopsla2017/ext/libwispbase/bld/gcc/libwispbase.a
LOAD /opt/ti/mspgcc/bin/../lib/gcc/msp430-elf/4.9.1/libgcc.a
START GROUP
LOAD /opt/ti/mspgcc/bin/../lib/gcc/msp430-elf/4.9.1/../../../../msp430-elf/lib/libc.a
LOAD /opt/ti/mspgcc/bin/../lib/gcc/msp430-elf/4.9.1/libgcc.a
LOAD /opt/ti/mspgcc/bin/../lib/gcc/msp430-elf/4.9.1/../../../../msp430-elf/lib/libcrt.a
LOAD /opt/ti/mspgcc/bin/../lib/gcc/msp430-elf/4.9.1/../../../../msp430-elf/lib/libnosys.a
END GROUP
LOAD /opt/ti/mspgcc/bin/../lib/gcc/msp430-elf/4.9.1/libgcc.a
LOAD /opt/ti/mspgcc/bin/../lib/gcc/msp430-elf/4.9.1/crtend.o
LOAD /opt/ti/mspgcc/bin/../lib/gcc/msp430-elf/4.9.1/../../../../msp430-elf/lib/crtn.o
LOAD /opt/ti/mspgcc/bin/../lib/gcc/msp430-elf/4.9.1/libgcc.a

__interrupt_vector_1
 *(__interrupt_vector_1)

__interrupt_vector_2
 *(__interrupt_vector_2)

__interrupt_vector_3
 *(__interrupt_vector_3)

__interrupt_vector_4
 *(__interrupt_vector_4)

__interrupt_vector_5
 *(__interrupt_vector_5)

__interrupt_vector_6
 *(__interrupt_vector_6)

__interrupt_vector_7
 *(__interrupt_vector_7)

__interrupt_vector_8
 *(__interrupt_vector_8)

__interrupt_vector_9
 *(__interrupt_vector_9)

__interrupt_vector_10
 *(__interrupt_vector_10)

__interrupt_vector_11
 *(__interrupt_vector_11)

__interrupt_vector_12
 *(__interrupt_vector_12)

__interrupt_vector_13
 *(__interrupt_vector_13)

__interrupt_vector_14
 *(__interrupt_vector_14)

__interrupt_vector_15
 *(__interrupt_vector_15)

__interrupt_vector_16
 *(__interrupt_vector_16)

__interrupt_vector_17
 *(__interrupt_vector_17)

__interrupt_vector_18
 *(__interrupt_vector_18)

__interrupt_vector_19
 *(__interrupt_vector_19)

__interrupt_vector_20
 *(__interrupt_vector_20)

__interrupt_vector_21
 *(__interrupt_vector_21)

__interrupt_vector_22
 *(__interrupt_vector_22)

__interrupt_vector_23
 *(__interrupt_vector_23)

__interrupt_vector_24
 *(__interrupt_vector_24)

__interrupt_vector_25
 *(__interrupt_vector_25)

__interrupt_vector_26
 *(__interrupt_vector_26)

__interrupt_vector_27
 *(__interrupt_vector_27)

__interrupt_vector_28
 *(__interrupt_vector_28)

__interrupt_vector_29
 *(__interrupt_vector_29)

__interrupt_vector_30
 *(__interrupt_vector_30)

__interrupt_vector_31
 *(__interrupt_vector_31)
 *(__interrupt_vector_aes256)

__interrupt_vector_32
 *(__interrupt_vector_32)
 *(__interrupt_vector_rtc)

__interrupt_vector_33
 *(__interrupt_vector_33)
 *(__interrupt_vector_port4)

__interrupt_vector_34
 *(__interrupt_vector_34)
 *(__interrupt_vector_port3)

__interrupt_vector_35
 *(__interrupt_vector_35)
 *(__interrupt_vector_timer3_a1)

__interrupt_vector_36
 *(__interrupt_vector_36)
 *(__interrupt_vector_timer3_a0)

__interrupt_vector_37
 *(__interrupt_vector_37)
 *(__interrupt_vector_port2)

__interrupt_vector_38
 *(__interrupt_vector_38)
 *(__interrupt_vector_timer2_a1)

__interrupt_vector_39
 *(__interrupt_vector_39)
 *(__interrupt_vector_timer2_a0)

__interrupt_vector_40
 *(__interrupt_vector_40)
 *(__interrupt_vector_port1)

__interrupt_vector_41
 *(__interrupt_vector_41)
 *(__interrupt_vector_timer1_a1)

__interrupt_vector_42
 *(__interrupt_vector_42)
 *(__interrupt_vector_timer1_a0)

__interrupt_vector_43
 *(__interrupt_vector_43)
 *(__interrupt_vector_dma)

__interrupt_vector_44
 *(__interrupt_vector_44)
 *(__interrupt_vector_usci_a1)

__interrupt_vector_45
 *(__interrupt_vector_45)
 *(__interrupt_vector_timer0_a1)

__interrupt_vector_46
 *(__interrupt_vector_46)
 *(__interrupt_vector_timer0_a0)

__interrupt_vector_47
 *(__interrupt_vector_47)
 *(__interrupt_vector_adc12)

__interrupt_vector_48
 *(__interrupt_vector_48)
 *(__interrupt_vector_usci_b0)

__interrupt_vector_49
                0x0000fff0        0x2
 *(__interrupt_vector_49)
 __interrupt_vector_49
                0x0000fff0        0x2 /home/reviewer/alpaca-oopsla2017/ext/libwispbase/bld/gcc/libwispbase.a(uart.o)
 *(__interrupt_vector_usci_a0)

__interrupt_vector_50
 *(__interrupt_vector_50)
 *(__interrupt_vector_wdt)

__interrupt_vector_51
                0x0000fff4        0x2
 *(__interrupt_vector_51)
 *(__interrupt_vector_timer0_b1)
 __interrupt_vector_timer0_b1
                0x0000fff4        0x2 /tmp/ccC2gg2J.o
                0x0000fff4                __vector_timer0_b1

__interrupt_vector_52
 *(__interrupt_vector_52)
 *(__interrupt_vector_timer0_b0)

__interrupt_vector_53
 *(__interrupt_vector_53)
 *(__interrupt_vector_comp_e)

__interrupt_vector_54
 *(__interrupt_vector_54)
 *(__interrupt_vector_unmi)

__interrupt_vector_55
 *(__interrupt_vector_55)
 *(__interrupt_vector_sysnmi)

__reset_vector  0x0000fffe        0x2
 *(__interrupt_vector_56)
 *(__interrupt_vector_reset)
 *(.resetvec)
 .resetvec      0x0000fffe        0x2 /opt/ti/mspgcc/bin/../lib/gcc/msp430-elf/4.9.1/../../../../msp430-elf/lib/crt0.o

.rodata         0x00004400       0x70
                0x00004400                . = ALIGN (0x2)
 *(.plt)
 *(.rodata .rodata.* .gnu.linkonce.r.* .const .const:*)
 .rodata.str1.1
                0x00004400       0x21 /tmp/ccC2gg2J.o
                                 0x26 (size before relaxing)
 *fill*         0x00004421        0x1 
 .rodata        0x00004422       0x38 /home/reviewer/alpaca-oopsla2017/ext/libmspprintf/bld/gcc/libmspprintf.a(printf.o)
 .rodata._global_impure_ptr
                0x0000445a        0x2 /opt/ti/mspgcc/bin/../lib/gcc/msp430-elf/4.9.1/../../../../msp430-elf/lib/libc.a(lib_a-impure.o)
                0x0000445a                _global_impure_ptr
 .rodata        0x0000445c        0x2 /opt/ti/mspgcc/bin/../lib/gcc/msp430-elf/4.9.1/../../../../msp430-elf/lib/libc.a(lib_a-impure.o)
 *(.rodata1)
 *(.lower.rodata.* .lower.rodata)
 *(.eh_frame_hdr)
 *(.eh_frame)
 *fill*         0x0000445e        0x2 
 .eh_frame      0x00004460        0x0 /opt/ti/mspgcc/bin/../lib/gcc/msp430-elf/4.9.1/crtbegin.o
 .eh_frame      0x00004460        0x4 /opt/ti/mspgcc/bin/../lib/gcc/msp430-elf/4.9.1/crtend.o
 *(.gcc_except_table)
 *(.gcc_except_table.*)
                0x00004464                PROVIDE (__preinit_array_start, .)
 *(.preinit_array)
                0x00004464                PROVIDE (__preinit_array_end, .)
                0x00004464                PROVIDE (__init_array_start, .)
 *(SORT(.init_array.*))
 *(.init_array)
                0x00004464                PROVIDE (__init_array_end, .)
                0x00004464                PROVIDE (__fini_array_start, .)
 *(.fini_array)
 *(SORT(.fini_array.*))
                0x00004464                PROVIDE (__fini_array_end, .)
                0x00004464        0x4 LONG 0x0
 *crtbegin*.o(.ctors)
 .ctors         0x00004468        0x2 /opt/ti/mspgcc/bin/../lib/gcc/msp430-elf/4.9.1/crtbegin.o
 *(EXCLUDE_FILE(*crtend*.o) .ctors)
 *(SORT(.ctors.*))
 *(.ctors)
 .ctors         0x0000446a        0x2 /opt/ti/mspgcc/bin/../lib/gcc/msp430-elf/4.9.1/crtend.o
 *crtbegin*.o(.dtors)
 .dtors         0x0000446c        0x2 /opt/ti/mspgcc/bin/../lib/gcc/msp430-elf/4.9.1/crtbegin.o
 *(EXCLUDE_FILE(*crtend*.o) .dtors)
 *(SORT(.dtors.*))
 *(.dtors)
 .dtors         0x0000446e        0x2 /opt/ti/mspgcc/bin/../lib/gcc/msp430-elf/4.9.1/crtend.o
                0x0000446e                __DTOR_END__

.nv             0x00004470      0x180
                0x00004470                . = ALIGN (0x2)
                0x00004470                PROVIDE (__fram_vars_start, .)
 *(.ro_nv_vars)
 *(.nv_vars)
 .nv_vars       0x00004470      0x180 /tmp/ccC2gg2J.o
                0x00004470                _task_task_init
                0x00004474                _task_task_select_func
                0x00004478                _task_task_bit_count
                0x0000447c                _task_task_bitcount
                0x00004480                _task_task_ntbl_bitcnt
                0x00004484                _task_task_ntbl_bitcount
                0x00004488                _task_task_BW_btbl_bitcount
                0x0000448c                _task_task_AR_btbl_bitcount
                0x00004490                _task_task_bit_shifter
                0x00004494                _task_task_end
                0x00004498                _global_func_bak
                0x0000449a                _global_func
                0x0000449c                _global_n_0_bak
                0x0000449e                _global_n_0
                0x000044a0                _global_n_1_bak
                0x000044a2                _global_n_1
                0x000044a4                _global_n_2_bak
                0x000044a6                _global_n_2
                0x000044a8                _global_n_3_bak
                0x000044aa                _global_n_3
                0x000044ac                _global_n_4_bak
                0x000044ae                _global_n_4
                0x000044b0                _global_n_5_bak
                0x000044b2                _global_n_5
                0x000044b4                _global_n_6_bak
                0x000044b6                _global_n_6
                0x000044b8                _global_seed_bak
                0x000044bc                _global_seed
                0x000044c0                _global_iter_bak
                0x000044c2                _global_iter
                0x000044c4                _task__entry_task
                0x000044c8                data_src
                0x000044ce                data_dest
                0x000044d4                data_size
                0x000045da                data_src_base
                0x000045dc                data_dest_base
                0x000045de                data_size_base
                0x000045e0                gv_index
                0x000045e2                num_dirty_gv
                0x000045e4                context_1
                0x000045e8                context_0
                0x000045ec                curctx
                0x000045ee                _numBoots
 *(.fram_vars)
                0x000045f0                . = ALIGN (0x2)
                0x000045f0                PROVIDE (__fram_vars_end, .)

.upper.rodata
 *(.upper.rodata.* .upper.rodata)

.data           0x00001c00       0x80 load address 0x000045f0
                0x00001c00                . = ALIGN (0x2)
                0x00001c00                PROVIDE (__datastart, .)
 *(.jcr)
 .jcr           0x00001c00        0x0 /opt/ti/mspgcc/bin/../lib/gcc/msp430-elf/4.9.1/crtbegin.o
 .jcr           0x00001c00        0x2 /opt/ti/mspgcc/bin/../lib/gcc/msp430-elf/4.9.1/crtend.o
 *(.data.rel.ro.local)
 *(.data.rel.ro*)
 *(.dynamic)
 *(.data .data.* .gnu.linkonce.d.*)
 .data          0x00001c02        0x0 /opt/ti/mspgcc/bin/../lib/gcc/msp430-elf/4.9.1/../../../../msp430-elf/lib/crt0.o
 .data          0x00001c02        0x2 /opt/ti/mspgcc/bin/../lib/gcc/msp430-elf/4.9.1/crtbegin.o
                0x00001c02                __dso_handle
 .data          0x00001c04        0x0 /tmp/ccC2gg2J.o
 .data.rel      0x00001c04        0x2 /tmp/ccC2gg2J.o
                0x00001c04                timer
 .data          0x00001c06        0x0 /home/reviewer/alpaca-oopsla2017/ext/libmspprintf/bld/gcc/libmspprintf.a(printf.o)
 .data          0x00001c06        0x0 /home/reviewer/alpaca-oopsla2017/ext/libmspconsole/bld/gcc/libmspconsole.a(io.o)
 .data          0x00001c06        0x0 /home/reviewer/alpaca-oopsla2017/ext/libwispbase/bld/gcc/libwispbase.a(uart.o)
 .data          0x00001c06        0x0 /opt/ti/mspgcc/bin/../lib/gcc/msp430-elf/4.9.1/../../../../msp430-elf/lib/libc.a(lib_a-exit.o)
 .data          0x00001c06        0x0 /opt/ti/mspgcc/bin/../lib/gcc/msp430-elf/4.9.1/../../../../msp430-elf/lib/libc.a(lib_a-impure.o)
 .data._impure_ptr
                0x00001c06        0x2 /opt/ti/mspgcc/bin/../lib/gcc/msp430-elf/4.9.1/../../../../msp430-elf/lib/libc.a(lib_a-impure.o)
                0x00001c06                _impure_ptr
 .data.impure_data
                0x00001c08       0x78 /opt/ti/mspgcc/bin/../lib/gcc/msp430-elf/4.9.1/../../../../msp430-elf/lib/libc.a(lib_a-impure.o)
 .data          0x00001c80        0x0 /opt/ti/mspgcc/bin/../lib/gcc/msp430-elf/4.9.1/../../../../msp430-elf/lib/libc.a(lib_a-__call_atexit.o)
 .data          0x00001c80        0x0 /opt/ti/mspgcc/bin/../lib/gcc/msp430-elf/4.9.1/libgcc.a(slli.o)
 .data          0x00001c80        0x0 /opt/ti/mspgcc/bin/../lib/gcc/msp430-elf/4.9.1/../../../../msp430-elf/lib/libcrt.a(crt_bss.o)
 .data          0x00001c80        0x0 /opt/ti/mspgcc/bin/../lib/gcc/msp430-elf/4.9.1/../../../../msp430-elf/lib/libcrt.a(crt_movedata.o)
 .data          0x00001c80        0x0 /opt/ti/mspgcc/bin/../lib/gcc/msp430-elf/4.9.1/../../../../msp430-elf/lib/libcrt.a(crt_main.o)
 .data          0x00001c80        0x0 /opt/ti/mspgcc/bin/../lib/gcc/msp430-elf/4.9.1/../../../../msp430-elf/lib/libnosys.a(nosyscalls.o)
 .data          0x00001c80        0x0 /opt/ti/mspgcc/bin/../lib/gcc/msp430-elf/4.9.1/../../../../msp430-elf/lib/libc.a(lib_a-errno.o)
 .data          0x00001c80        0x0 /opt/ti/mspgcc/bin/../lib/gcc/msp430-elf/4.9.1/../../../../msp430-elf/lib/libc.a(lib_a-memmove.o)
 .data          0x00001c80        0x0 /opt/ti/mspgcc/bin/../lib/gcc/msp430-elf/4.9.1/../../../../msp430-elf/lib/libc.a(lib_a-memset.o)
 .data          0x00001c80        0x0 /opt/ti/mspgcc/bin/../lib/gcc/msp430-elf/4.9.1/crtend.o
 .data          0x00001c80        0x0 /opt/ti/mspgcc/bin/../lib/gcc/msp430-elf/4.9.1/../../../../msp430-elf/lib/crtn.o
 *(.gnu.linkonce.d.*personality*)
 *(.data1)
 *(.got.plt)
 *(.got)
                0x00001c80                . = ALIGN (0x2)
 *(.sdata .sdata.* .gnu.linkonce.s.* D_2 D_1)
                0x00001c80                . = ALIGN (0x2)
 *(.lower.data.* .lower.data)
                0x00001c80                . = ALIGN (0x2)
                0x00001c80                _edata = .
                0x00001c80                PROVIDE (edata, .)
                0x00001c80                PROVIDE (__dataend, .)
                0x000045f0                PROVIDE (__romdatastart, LOADADDR (.data))
                0x00000080                PROVIDE (__romdatacopysize, SIZEOF (.data))

.upper.data     0x00010000        0x2 load address 0x00004670
                0x00004670                __upper_data_init = LOADADDR (.upper.data)
                0x00010000        0x2 SHORT 0x1
                0x00010002                __high_datastart = .
 *(.upper.data.* .upper.data)
                0x00010002                __high_dataend = .
                0x00000000                __rom_highdatacopysize = (SIZEOF (.upper.data) - 0x2)
                0x00004672                __rom_highdatastart = (LOADADDR (.upper.data) + 0x2)

.bss            0x00001c80       0x22
                0x00001c80                . = ALIGN (0x2)
                0x00001c80                PROVIDE (__bssstart, .)
 *(.dynbss)
 *(.sbss .sbss.*)
 *(.bss .bss.* .gnu.linkonce.b.*)
 .bss           0x00001c80        0x0 /opt/ti/mspgcc/bin/../lib/gcc/msp430-elf/4.9.1/../../../../msp430-elf/lib/crt0.o
 .bss           0x00001c80       0x12 /opt/ti/mspgcc/bin/../lib/gcc/msp430-elf/4.9.1/crtbegin.o
 .bss           0x00001c92        0x4 /tmp/ccC2gg2J.o
                0x00001c92                overflow
 .bss           0x00001c96        0x0 /home/reviewer/alpaca-oopsla2017/ext/libmspprintf/bld/gcc/libmspprintf.a(printf.o)
 .bss           0x00001c96        0x0 /home/reviewer/alpaca-oopsla2017/ext/libmspconsole/bld/gcc/libmspconsole.a(io.o)
 .bss           0x00001c96        0xc /home/reviewer/alpaca-oopsla2017/ext/libwispbase/bld/gcc/libwispbase.a(uart.o)
 .bss           0x00001ca2        0x0 /opt/ti/mspgcc/bin/../lib/gcc/msp430-elf/4.9.1/../../../../msp430-elf/lib/libc.a(lib_a-exit.o)
 .bss           0x00001ca2        0x0 /opt/ti/mspgcc/bin/../lib/gcc/msp430-elf/4.9.1/../../../../msp430-elf/lib/libc.a(lib_a-impure.o)
 .bss           0x00001ca2        0x0 /opt/ti/mspgcc/bin/../lib/gcc/msp430-elf/4.9.1/../../../../msp430-elf/lib/libc.a(lib_a-__call_atexit.o)
 .bss           0x00001ca2        0x0 /opt/ti/mspgcc/bin/../lib/gcc/msp430-elf/4.9.1/libgcc.a(slli.o)
 .bss           0x00001ca2        0x0 /opt/ti/mspgcc/bin/../lib/gcc/msp430-elf/4.9.1/../../../../msp430-elf/lib/libcrt.a(crt_bss.o)
 .bss           0x00001ca2        0x0 /opt/ti/mspgcc/bin/../lib/gcc/msp430-elf/4.9.1/../../../../msp430-elf/lib/libcrt.a(crt_movedata.o)
 .bss           0x00001ca2        0x0 /opt/ti/mspgcc/bin/../lib/gcc/msp430-elf/4.9.1/../../../../msp430-elf/lib/libcrt.a(crt_main.o)
 .bss           0x00001ca2        0x0 /opt/ti/mspgcc/bin/../lib/gcc/msp430-elf/4.9.1/../../../../msp430-elf/lib/libnosys.a(nosyscalls.o)
 .bss           0x00001ca2        0x0 /opt/ti/mspgcc/bin/../lib/gcc/msp430-elf/4.9.1/../../../../msp430-elf/lib/libc.a(lib_a-errno.o)
 .bss           0x00001ca2        0x0 /opt/ti/mspgcc/bin/../lib/gcc/msp430-elf/4.9.1/../../../../msp430-elf/lib/libc.a(lib_a-memmove.o)
 .bss           0x00001ca2        0x0 /opt/ti/mspgcc/bin/../lib/gcc/msp430-elf/4.9.1/../../../../msp430-elf/lib/libc.a(lib_a-memset.o)
 .bss           0x00001ca2        0x0 /opt/ti/mspgcc/bin/../lib/gcc/msp430-elf/4.9.1/crtend.o
 .bss           0x00001ca2        0x0 /opt/ti/mspgcc/bin/../lib/gcc/msp430-elf/4.9.1/../../../../msp430-elf/lib/crtn.o
 *(.lower.bss.* .lower.bss)
                0x00001ca2                . = ALIGN (0x2)
 *(COMMON)
                0x00001ca2                PROVIDE (__bssend, .)
                0x00000022                PROVIDE (__bsssize, SIZEOF (.bss))

.noinit         0x00001ca2        0x0
                0x00001ca2                . = ALIGN (0x2)
                0x00001ca2                PROVIDE (__noinit_start, .)
 *(.noinit)
                0x00001ca2                . = ALIGN (0x2)
                0x00001ca2                PROVIDE (__noinit_end, .)
                0x00001ca2                _end = .
                0x00001ca2                PROVIDE (end, .)

.upper.bss      0x00010002        0x0
                0x00010002                . = ALIGN (0x2)
                0x00010002                __high_bssstart = .
 *(.upper.bss.* .upper.bss)
                0x00010002                . = ALIGN (0x2)
                0x00010002                __high_bssend = .

.stack          0x00002400        0x0
                0x00002400                PROVIDE (__stack, .)
 *(.stack)

.text           0x00004674     0x1c72
                0x00004674                PROVIDE (_start, .)
                0x00004674                . = ALIGN (0x2)
 *(SORT(.crt_*))
 .crt_0000start
                0x00004674        0x4 /opt/ti/mspgcc/bin/../lib/gcc/msp430-elf/4.9.1/../../../../msp430-elf/lib/crt0.o
                0x00004674                __crt0_start
 .crt_0100init_bss
                0x00004678        0xe /opt/ti/mspgcc/bin/../lib/gcc/msp430-elf/4.9.1/../../../../msp430-elf/lib/libcrt.a(crt_bss.o)
                0x00004678                __crt0_init_bss
 .crt_0300movedata
                0x00004686       0x14 /opt/ti/mspgcc/bin/../lib/gcc/msp430-elf/4.9.1/../../../../msp430-elf/lib/libcrt.a(crt_movedata.o)
                0x00004686                __crt0_movedata
 .crt_0700call_init_then_main
                0x0000469a        0xa /opt/ti/mspgcc/bin/../lib/gcc/msp430-elf/4.9.1/../../../../msp430-elf/lib/libcrt.a(crt_main.o)
                0x0000469a                __crt0_call_init_then_main
 .crt_0900main_init
                0x000046a4       0x36 /opt/ti/mspgcc/bin/../lib/gcc/msp430-elf/4.9.1/../../../../msp430-elf/lib/crt0.o
                0x000046a4                _msp430_run_init_array
                0x000046b0                _msp430_run_preinit_array
                0x000046bc                _msp430_run_fini_array
                0x000046da                . = ALIGN (0x2)
 *(.lowtext)
                0x000046da                . = ALIGN (0x2)
 *(.lower.text.* .lower.text)
                0x000046da                . = ALIGN (0x2)
 *(.text .stub .text.* .gnu.linkonce.t.* .text:*)
 .text          0x000046da        0x0 /opt/ti/mspgcc/bin/../lib/gcc/msp430-elf/4.9.1/../../../../msp430-elf/lib/crt0.o
 .text          0x000046da       0xc6 /opt/ti/mspgcc/bin/../lib/gcc/msp430-elf/4.9.1/crtbegin.o
 .text          0x000047a0     0x13dc /tmp/ccC2gg2J.o
                0x000047a0                TimerB1_ISR
                0x000047a0                __interrupt_vector_51
                0x000047f0                init
                0x0000487c                task_init
                0x000048ac                task_select_func
                0x00004a28                task_bit_count
                0x00004b58                task_bitcount
                0x00004d14                recursive_cnt
                0x00004db0                task_ntbl_bitcnt
                0x00004e90                task_ntbl_bitcount
                0x00005034                task_BW_btbl_bitcount
                0x00005140                task_AR_btbl_bitcount
                0x00005284                task_bit_shifter
                0x00005404                task_end
                0x000054dc                _entry_task
                0x000054ec                _init
                0x000054f8                clear_isDirty
                0x00005518                msp_watchdog_enable
                0x00005530                msp_watchdog_disable
                0x00005540                msp_watchdog_kick
                0x00005554                memcpy
                0x000055a8                my_memset
                0x000055c0                msp_clock_setup
                0x000055e0                mult16
                0x000055f4                sqrt16
                0x00005714                udivmodhi4
                0x00005824                __divhi3
                0x000058cc                __modhi3
                0x00005958                __udivhi3
                0x00005988                __umodhi3
                0x000059b8                task_prologue
                0x00005a74                transition_to
                0x00005ae0                write_to_gbuf
                0x00005b58                main
 .text          0x00005b7c      0x224 /home/reviewer/alpaca-oopsla2017/ext/libmspprintf/bld/gcc/libmspprintf.a(printf.o)
                0x00005c0e                puts
                0x00005c2c                printf
 .text          0x00005da0       0x5e /home/reviewer/alpaca-oopsla2017/ext/libmspconsole/bld/gcc/libmspconsole.a(io.o)
                0x00005da0                mspconsole_init
                0x00005da6                io_putchar
                0x00005dc2                io_puts_no_newline
                0x00005de8                io_puts
 .text          0x00005dfe      0x23e /home/reviewer/alpaca-oopsla2017/ext/libwispbase/bld/gcc/libwispbase.a(uart.o)
                0x00005dfe                UART_init
                0x00005e40                UART_teardown
                0x00005e66                UART_asyncSend
                0x00005e8a                UART_send
                0x00005e9a                UART_critSend
                0x00005f00                UART_isTxBusy
                0x00005f06                UART_asyncReceive
                0x00005f2c                UART_receive
                0x00005f3e                UART_critReceive
                0x00005fa4                UART_isRxBusy
                0x00005faa                UART_isRxDone
                0x00005fb8                USCI_A0_ISR
 .text          0x0000603c        0x0 /opt/ti/mspgcc/bin/../lib/gcc/msp430-elf/4.9.1/../../../../msp430-elf/lib/libc.a(lib_a-exit.o)
 .text.exit     0x0000603c       0x1e /opt/ti/mspgcc/bin/../lib/gcc/msp430-elf/4.9.1/../../../../msp430-elf/lib/libc.a(lib_a-exit.o)
                0x0000603c                exit
 .text          0x0000605a        0x0 /opt/ti/mspgcc/bin/../lib/gcc/msp430-elf/4.9.1/../../../../msp430-elf/lib/libc.a(lib_a-impure.o)
 .text          0x0000605a        0x0 /opt/ti/mspgcc/bin/../lib/gcc/msp430-elf/4.9.1/../../../../msp430-elf/lib/libc.a(lib_a-__call_atexit.o)
 .text.__call_exitprocs
                0x0000605a      0x124 /opt/ti/mspgcc/bin/../lib/gcc/msp430-elf/4.9.1/../../../../msp430-elf/lib/libc.a(lib_a-__call_atexit.o)
                0x0000605a                __call_exitprocs
 .text          0x0000617e       0x74 /opt/ti/mspgcc/bin/../lib/gcc/msp430-elf/4.9.1/libgcc.a(slli.o)
                0x0000617e                __mspabi_slli_15
                0x00006180                __mspabi_slli_14
                0x00006182                __mspabi_slli_13
                0x00006184                __mspabi_slli_12
                0x00006186                __mspabi_slli_11
                0x00006188                __mspabi_slli_10
                0x0000618a                __mspabi_slli_9
                0x0000618c                __mspabi_slli_8
                0x0000618e                __mspabi_slli_7
                0x00006190                __mspabi_slli_6
                0x00006192                __mspabi_slli_5
                0x00006194                __mspabi_slli_4
                0x00006196                __mspabi_slli_3
                0x00006198                __mspabi_slli_2
                0x0000619a                __mspabi_slli_1
                0x000061a2                __mspabi_slli
                0x000061a8                __mspabi_slll_15
                0x000061ac                __mspabi_slll_14
                0x000061b0                __mspabi_slll_13
                0x000061b4                __mspabi_slll_12
                0x000061b8                __mspabi_slll_11
                0x000061bc                __mspabi_slll_10
                0x000061c0                __mspabi_slll_9
                0x000061c4                __mspabi_slll_8
                0x000061c8                __mspabi_slll_7
                0x000061cc                __mspabi_slll_6
                0x000061d0                __mspabi_slll_5
                0x000061d4                __mspabi_slll_4
                0x000061d8                __mspabi_slll_3
                0x000061dc                __mspabi_slll_2
                0x000061e0                __mspabi_slll_1
                0x000061ec                __mspabi_slll
 .text          0x000061f2        0x0 /opt/ti/mspgcc/bin/../lib/gcc/msp430-elf/4.9.1/../../../../msp430-elf/lib/libcrt.a(crt_bss.o)
 .text          0x000061f2        0x0 /opt/ti/mspgcc/bin/../lib/gcc/msp430-elf/4.9.1/../../../../msp430-elf/lib/libcrt.a(crt_movedata.o)
 .text          0x000061f2        0x0 /opt/ti/mspgcc/bin/../lib/gcc/msp430-elf/4.9.1/../../../../msp430-elf/lib/libcrt.a(crt_main.o)
 .text          0x000061f2       0x60 /opt/ti/mspgcc/bin/../lib/gcc/msp430-elf/4.9.1/../../../../msp430-elf/lib/libnosys.a(nosyscalls.o)
                0x000061f2                _exit
                0x000061f4                open
                0x00006202                close
                0x00006210                read
                0x0000621e                fstat
                0x0000622c                lseek
                0x0000623a                kill
                0x00006248                isatty
                0x00006248                _isatty
                0x0000624c                getpid
 .text          0x00006252        0x0 /opt/ti/mspgcc/bin/../lib/gcc/msp430-elf/4.9.1/../../../../msp430-elf/lib/libc.a(lib_a-errno.o)
 .text.__errno  0x00006252        0x6 /opt/ti/mspgcc/bin/../lib/gcc/msp430-elf/4.9.1/../../../../msp430-elf/lib/libc.a(lib_a-errno.o)
                0x00006252                __errno
 .text          0x00006258        0x0 /opt/ti/mspgcc/bin/../lib/gcc/msp430-elf/4.9.1/../../../../msp430-elf/lib/libc.a(lib_a-memmove.o)
 .text.memmove  0x00006258       0x40 /opt/ti/mspgcc/bin/../lib/gcc/msp430-elf/4.9.1/../../../../msp430-elf/lib/libc.a(lib_a-memmove.o)
                0x00006258                memmove
 .text          0x00006298        0x0 /opt/ti/mspgcc/bin/../lib/gcc/msp430-elf/4.9.1/../../../../msp430-elf/lib/libc.a(lib_a-memset.o)
 .text.memset   0x00006298       0x12 /opt/ti/mspgcc/bin/../lib/gcc/msp430-elf/4.9.1/../../../../msp430-elf/lib/libc.a(lib_a-memset.o)
                0x00006298                memset
 .text          0x000062aa       0x20 /opt/ti/mspgcc/bin/../lib/gcc/msp430-elf/4.9.1/crtend.o
 .text          0x000062ca        0x0 /opt/ti/mspgcc/bin/../lib/gcc/msp430-elf/4.9.1/../../../../msp430-elf/lib/crtn.o
 *(.text.*personality*)
 *(.gnu.warning)
 *(.interp .hash .dynsym .dynstr .gnu.version*)
                0x000062ca                PROVIDE (__etext, .)
                0x000062ca                PROVIDE (_etext, .)
                0x000062ca                PROVIDE (etext, .)
                0x000062ca                . = ALIGN (0x2)
 *(.init)
 .init          0x000062ca        0x0 /opt/ti/mspgcc/bin/../lib/gcc/msp430-elf/4.9.1/../../../../msp430-elf/lib/crt0.o
                0x000062ca                __msp430_init
 .init          0x000062ca        0x4 /opt/ti/mspgcc/bin/../lib/gcc/msp430-elf/4.9.1/crtbegin.o
 .init          0x000062ce        0x4 /opt/ti/mspgcc/bin/../lib/gcc/msp430-elf/4.9.1/crtend.o
 .init          0x000062d2        0xa /opt/ti/mspgcc/bin/../lib/gcc/msp430-elf/4.9.1/../../../../msp430-elf/lib/crtn.o
                0x000062dc                __msp430_init_end
 *(.fini)
 .fini          0x000062dc        0x4 /opt/ti/mspgcc/bin/../lib/gcc/msp430-elf/4.9.1/../../../../msp430-elf/lib/crt0.o
                0x000062dc                __msp430_fini
 .fini          0x000062e0        0x4 /opt/ti/mspgcc/bin/../lib/gcc/msp430-elf/4.9.1/crtbegin.o
 .fini          0x000062e4        0x2 /opt/ti/mspgcc/bin/../lib/gcc/msp430-elf/4.9.1/../../../../msp430-elf/lib/crtn.o
                0x000062e6                __msp430_fini_end
 *(.tm_clone_table)
 .tm_clone_table
                0x000062e6        0x0 /opt/ti/mspgcc/bin/../lib/gcc/msp430-elf/4.9.1/crtbegin.o
 .tm_clone_table
                0x000062e6        0x0 /opt/ti/mspgcc/bin/../lib/gcc/msp430-elf/4.9.1/crtend.o
                0x000062e6                __TMC_END__

.upper.text     0x00010002        0x0
                0x00010002                . = ALIGN (0x2)
 *(.upper.text.* .upper.text)

.infoA

.infoB

.infoC

.infoD

.MP430.attributes
                0x00000000      0x1b5
 *(.MSP430.attributes)
 .MSP430.attributes
                0x00000000       0x17 /opt/ti/mspgcc/bin/../lib/gcc/msp430-elf/4.9.1/../../../../msp430-elf/lib/crt0.o
 .MSP430.attributes
                0x00000017       0x17 /opt/ti/mspgcc/bin/../lib/gcc/msp430-elf/4.9.1/crtbegin.o
 .MSP430.attributes
                0x0000002e       0x17 /tmp/ccC2gg2J.o
 .MSP430.attributes
                0x00000045       0x17 /home/reviewer/alpaca-oopsla2017/ext/libmspprintf/bld/gcc/libmspprintf.a(printf.o)
 .MSP430.attributes
                0x0000005c       0x17 /home/reviewer/alpaca-oopsla2017/ext/libmspconsole/bld/gcc/libmspconsole.a(io.o)
 .MSP430.attributes
                0x00000073       0x17 /home/reviewer/alpaca-oopsla2017/ext/libwispbase/bld/gcc/libwispbase.a(uart.o)
 .MSP430.attributes
                0x0000008a       0x17 /opt/ti/mspgcc/bin/../lib/gcc/msp430-elf/4.9.1/../../../../msp430-elf/lib/libc.a(lib_a-exit.o)
 .MSP430.attributes
                0x000000a1       0x17 /opt/ti/mspgcc/bin/../lib/gcc/msp430-elf/4.9.1/../../../../msp430-elf/lib/libc.a(lib_a-impure.o)
 .MSP430.attributes
                0x000000b8       0x17 /opt/ti/mspgcc/bin/../lib/gcc/msp430-elf/4.9.1/../../../../msp430-elf/lib/libc.a(lib_a-__call_atexit.o)
 .MSP430.attributes
                0x000000cf       0x17 /opt/ti/mspgcc/bin/../lib/gcc/msp430-elf/4.9.1/libgcc.a(slli.o)
 .MSP430.attributes
                0x000000e6       0x17 /opt/ti/mspgcc/bin/../lib/gcc/msp430-elf/4.9.1/../../../../msp430-elf/lib/libcrt.a(crt_bss.o)
 .MSP430.attributes
                0x000000fd       0x17 /opt/ti/mspgcc/bin/../lib/gcc/msp430-elf/4.9.1/../../../../msp430-elf/lib/libcrt.a(crt_movedata.o)
 .MSP430.attributes
                0x00000114       0x17 /opt/ti/mspgcc/bin/../lib/gcc/msp430-elf/4.9.1/../../../../msp430-elf/lib/libcrt.a(crt_main.o)
 .MSP430.attributes
                0x0000012b       0x17 /opt/ti/mspgcc/bin/../lib/gcc/msp430-elf/4.9.1/../../../../msp430-elf/lib/libnosys.a(nosyscalls.o)
 .MSP430.attributes
                0x00000142       0x17 /opt/ti/mspgcc/bin/../lib/gcc/msp430-elf/4.9.1/../../../../msp430-elf/lib/libc.a(lib_a-errno.o)
 .MSP430.attributes
                0x00000159       0x17 /opt/ti/mspgcc/bin/../lib/gcc/msp430-elf/4.9.1/../../../../msp430-elf/lib/libc.a(lib_a-memmove.o)
 .MSP430.attributes
                0x00000170       0x17 /opt/ti/mspgcc/bin/../lib/gcc/msp430-elf/4.9.1/../../../../msp430-elf/lib/libc.a(lib_a-memset.o)
 .MSP430.attributes
                0x00000187       0x17 /opt/ti/mspgcc/bin/../lib/gcc/msp430-elf/4.9.1/crtend.o
 .MSP430.attributes
                0x0000019e       0x17 /opt/ti/mspgcc/bin/../lib/gcc/msp430-elf/4.9.1/../../../../msp430-elf/lib/crtn.o
 *(.gnu.attributes)
 *(__TI_build_attributes)

.stab
 *(.stab)

.stabstr
 *(.stabstr)

.stab.excl
 *(.stab.excl)

.stab.exclstr
 *(.stab.exclstr)

.stab.index
 *(.stab.index)

.stab.indexstr
 *(.stab.indexstr)

.comment        0x00000000      0x121
 *(.comment)
 .comment       0x00000000       0x7c /opt/ti/mspgcc/bin/../lib/gcc/msp430-elf/4.9.1/crtbegin.o
                                 0x7d (size before relaxing)
 .comment       0x0000007c       0xa5 /tmp/ccC2gg2J.o
                                0x673 (size before relaxing)
 .comment       0x00000000       0x7d /home/reviewer/alpaca-oopsla2017/ext/libmspprintf/bld/gcc/libmspprintf.a(printf.o)
 .comment       0x00000000       0x7d /home/reviewer/alpaca-oopsla2017/ext/libmspconsole/bld/gcc/libmspconsole.a(io.o)
 .comment       0x00000000       0x7d /home/reviewer/alpaca-oopsla2017/ext/libwispbase/bld/gcc/libwispbase.a(uart.o)
 .comment       0x00000000       0x7d /opt/ti/mspgcc/bin/../lib/gcc/msp430-elf/4.9.1/../../../../msp430-elf/lib/libc.a(lib_a-exit.o)
 .comment       0x00000000       0x7d /opt/ti/mspgcc/bin/../lib/gcc/msp430-elf/4.9.1/../../../../msp430-elf/lib/libc.a(lib_a-impure.o)
 .comment       0x00000000       0x7d /opt/ti/mspgcc/bin/../lib/gcc/msp430-elf/4.9.1/../../../../msp430-elf/lib/libc.a(lib_a-__call_atexit.o)
 .comment       0x00000000       0x7d /opt/ti/mspgcc/bin/../lib/gcc/msp430-elf/4.9.1/../../../../msp430-elf/lib/libc.a(lib_a-errno.o)
 .comment       0x00000000       0x7d /opt/ti/mspgcc/bin/../lib/gcc/msp430-elf/4.9.1/../../../../msp430-elf/lib/libc.a(lib_a-memmove.o)
 .comment       0x00000000       0x7d /opt/ti/mspgcc/bin/../lib/gcc/msp430-elf/4.9.1/../../../../msp430-elf/lib/libc.a(lib_a-memset.o)
 .comment       0x00000000       0x7d /opt/ti/mspgcc/bin/../lib/gcc/msp430-elf/4.9.1/crtend.o

.debug
 *(.debug)

.line
 *(.line)

.debug_srcinfo
 *(.debug_srcinfo)

.debug_sfnames
 *(.debug_sfnames)

.debug_aranges  0x00000000      0x1f0
 *(.debug_aranges)
 .debug_aranges
                0x00000000       0x30 /opt/ti/mspgcc/bin/../lib/gcc/msp430-elf/4.9.1/../../../../msp430-elf/lib/crt0.o
 .debug_aranges
                0x00000030       0x20 /home/reviewer/alpaca-oopsla2017/ext/libmspprintf/bld/gcc/libmspprintf.a(printf.o)
 .debug_aranges
                0x00000050       0x20 /home/reviewer/alpaca-oopsla2017/ext/libmspconsole/bld/gcc/libmspconsole.a(io.o)
 .debug_aranges
                0x00000070       0x20 /home/reviewer/alpaca-oopsla2017/ext/libwispbase/bld/gcc/libwispbase.a(uart.o)
 .debug_aranges
                0x00000090       0x20 /opt/ti/mspgcc/bin/../lib/gcc/msp430-elf/4.9.1/../../../../msp430-elf/lib/libc.a(lib_a-exit.o)
 .debug_aranges
                0x000000b0       0x18 /opt/ti/mspgcc/bin/../lib/gcc/msp430-elf/4.9.1/../../../../msp430-elf/lib/libc.a(lib_a-impure.o)
 .debug_aranges
                0x000000c8       0x20 /opt/ti/mspgcc/bin/../lib/gcc/msp430-elf/4.9.1/../../../../msp430-elf/lib/libc.a(lib_a-__call_atexit.o)
 .debug_aranges
                0x000000e8       0x20 /opt/ti/mspgcc/bin/../lib/gcc/msp430-elf/4.9.1/../../../../msp430-elf/lib/libcrt.a(crt_bss.o)
 .debug_aranges
                0x00000108       0x20 /opt/ti/mspgcc/bin/../lib/gcc/msp430-elf/4.9.1/../../../../msp430-elf/lib/libcrt.a(crt_movedata.o)
 .debug_aranges
                0x00000128       0x20 /opt/ti/mspgcc/bin/../lib/gcc/msp430-elf/4.9.1/../../../../msp430-elf/lib/libcrt.a(crt_main.o)
 .debug_aranges
                0x00000148       0x20 /opt/ti/mspgcc/bin/../lib/gcc/msp430-elf/4.9.1/../../../../msp430-elf/lib/libnosys.a(nosyscalls.o)
 .debug_aranges
                0x00000168       0x20 /opt/ti/mspgcc/bin/../lib/gcc/msp430-elf/4.9.1/../../../../msp430-elf/lib/libc.a(lib_a-errno.o)
 .debug_aranges
                0x00000188       0x20 /opt/ti/mspgcc/bin/../lib/gcc/msp430-elf/4.9.1/../../../../msp430-elf/lib/libc.a(lib_a-memmove.o)
 .debug_aranges
                0x000001a8       0x20 /opt/ti/mspgcc/bin/../lib/gcc/msp430-elf/4.9.1/../../../../msp430-elf/lib/libc.a(lib_a-memset.o)
 .debug_aranges
                0x000001c8       0x28 /opt/ti/mspgcc/bin/../lib/gcc/msp430-elf/4.9.1/../../../../msp430-elf/lib/crtn.o

.debug_pubnames
 *(.debug_pubnames)

.debug_info     0x00000000     0x3143
 *(.debug_info .gnu.linkonce.wi.*)
 .debug_info    0x00000000       0xce /opt/ti/mspgcc/bin/../lib/gcc/msp430-elf/4.9.1/../../../../msp430-elf/lib/crt0.o
 .debug_info    0x000000ce      0x30d /home/reviewer/alpaca-oopsla2017/ext/libmspprintf/bld/gcc/libmspprintf.a(printf.o)
 .debug_info    0x000003db      0x1e7 /home/reviewer/alpaca-oopsla2017/ext/libmspconsole/bld/gcc/libmspconsole.a(io.o)
 .debug_info    0x000005c2      0x3e3 /home/reviewer/alpaca-oopsla2017/ext/libwispbase/bld/gcc/libwispbase.a(uart.o)
 .debug_info    0x000009a5      0x853 /opt/ti/mspgcc/bin/../lib/gcc/msp430-elf/4.9.1/../../../../msp430-elf/lib/libc.a(lib_a-exit.o)
 .debug_info    0x000011f8      0x896 /opt/ti/mspgcc/bin/../lib/gcc/msp430-elf/4.9.1/../../../../msp430-elf/lib/libc.a(lib_a-impure.o)
 .debug_info    0x00001a8e      0x8d4 /opt/ti/mspgcc/bin/../lib/gcc/msp430-elf/4.9.1/../../../../msp430-elf/lib/libc.a(lib_a-__call_atexit.o)
 .debug_info    0x00002362       0xd2 /opt/ti/mspgcc/bin/../lib/gcc/msp430-elf/4.9.1/../../../../msp430-elf/lib/libcrt.a(crt_bss.o)
 .debug_info    0x00002434       0xd2 /opt/ti/mspgcc/bin/../lib/gcc/msp430-elf/4.9.1/../../../../msp430-elf/lib/libcrt.a(crt_movedata.o)
 .debug_info    0x00002506       0xd2 /opt/ti/mspgcc/bin/../lib/gcc/msp430-elf/4.9.1/../../../../msp430-elf/lib/libcrt.a(crt_main.o)
 .debug_info    0x000025d8       0xd8 /opt/ti/mspgcc/bin/../lib/gcc/msp430-elf/4.9.1/../../../../msp430-elf/lib/libnosys.a(nosyscalls.o)
 .debug_info    0x000026b0      0x7f8 /opt/ti/mspgcc/bin/../lib/gcc/msp430-elf/4.9.1/../../../../msp430-elf/lib/libc.a(lib_a-errno.o)
 .debug_info    0x00002ea8       0xfe /opt/ti/mspgcc/bin/../lib/gcc/msp430-elf/4.9.1/../../../../msp430-elf/lib/libc.a(lib_a-memmove.o)
 .debug_info    0x00002fa6       0xcf /opt/ti/mspgcc/bin/../lib/gcc/msp430-elf/4.9.1/../../../../msp430-elf/lib/libc.a(lib_a-memset.o)
 .debug_info    0x00003075       0xce /opt/ti/mspgcc/bin/../lib/gcc/msp430-elf/4.9.1/../../../../msp430-elf/lib/crtn.o

.debug_abbrev   0x00000000      0xb5b
 *(.debug_abbrev)
 .debug_abbrev  0x00000000       0x12 /opt/ti/mspgcc/bin/../lib/gcc/msp430-elf/4.9.1/../../../../msp430-elf/lib/crt0.o
 .debug_abbrev  0x00000012      0x174 /home/reviewer/alpaca-oopsla2017/ext/libmspprintf/bld/gcc/libmspprintf.a(printf.o)
 .debug_abbrev  0x00000186      0x100 /home/reviewer/alpaca-oopsla2017/ext/libmspconsole/bld/gcc/libmspconsole.a(io.o)
 .debug_abbrev  0x00000286      0x155 /home/reviewer/alpaca-oopsla2017/ext/libwispbase/bld/gcc/libwispbase.a(uart.o)
 .debug_abbrev  0x000003db      0x190 /opt/ti/mspgcc/bin/../lib/gcc/msp430-elf/4.9.1/../../../../msp430-elf/lib/libc.a(lib_a-exit.o)
 .debug_abbrev  0x0000056b      0x13b /opt/ti/mspgcc/bin/../lib/gcc/msp430-elf/4.9.1/../../../../msp430-elf/lib/libc.a(lib_a-impure.o)
 .debug_abbrev  0x000006a6      0x1f4 /opt/ti/mspgcc/bin/../lib/gcc/msp430-elf/4.9.1/../../../../msp430-elf/lib/libc.a(lib_a-__call_atexit.o)
 .debug_abbrev  0x0000089a       0x14 /opt/ti/mspgcc/bin/../lib/gcc/msp430-elf/4.9.1/../../../../msp430-elf/lib/libcrt.a(crt_bss.o)
 .debug_abbrev  0x000008ae       0x14 /opt/ti/mspgcc/bin/../lib/gcc/msp430-elf/4.9.1/../../../../msp430-elf/lib/libcrt.a(crt_movedata.o)
 .debug_abbrev  0x000008c2       0x14 /opt/ti/mspgcc/bin/../lib/gcc/msp430-elf/4.9.1/../../../../msp430-elf/lib/libcrt.a(crt_main.o)
 .debug_abbrev  0x000008d6       0x14 /opt/ti/mspgcc/bin/../lib/gcc/msp430-elf/4.9.1/../../../../msp430-elf/lib/libnosys.a(nosyscalls.o)
 .debug_abbrev  0x000008ea      0x139 /opt/ti/mspgcc/bin/../lib/gcc/msp430-elf/4.9.1/../../../../msp430-elf/lib/libc.a(lib_a-errno.o)
 .debug_abbrev  0x00000a23       0x9a /opt/ti/mspgcc/bin/../lib/gcc/msp430-elf/4.9.1/../../../../msp430-elf/lib/libc.a(lib_a-memmove.o)
 .debug_abbrev  0x00000abd       0x8c /opt/ti/mspgcc/bin/../lib/gcc/msp430-elf/4.9.1/../../../../msp430-elf/lib/libc.a(lib_a-memset.o)
 .debug_abbrev  0x00000b49       0x12 /opt/ti/mspgcc/bin/../lib/gcc/msp430-elf/4.9.1/../../../../msp430-elf/lib/crtn.o

.debug_line     0x00000000     0x144a
 *(.debug_line .debug_line.* .debug_line_end)
 .debug_line    0x00000000       0xff /opt/ti/mspgcc/bin/../lib/gcc/msp430-elf/4.9.1/../../../../msp430-elf/lib/crt0.o
 .debug_line    0x000000ff      0x237 /home/reviewer/alpaca-oopsla2017/ext/libmspprintf/bld/gcc/libmspprintf.a(printf.o)
 .debug_line    0x00000336      0x162 /home/reviewer/alpaca-oopsla2017/ext/libmspconsole/bld/gcc/libmspconsole.a(io.o)
 .debug_line    0x00000498      0x37b /home/reviewer/alpaca-oopsla2017/ext/libwispbase/bld/gcc/libwispbase.a(uart.o)
 .debug_line    0x00000813      0x190 /opt/ti/mspgcc/bin/../lib/gcc/msp430-elf/4.9.1/../../../../msp430-elf/lib/libc.a(lib_a-exit.o)
 .debug_line.text.exit
                0x000009a3       0x28 /opt/ti/mspgcc/bin/../lib/gcc/msp430-elf/4.9.1/../../../../msp430-elf/lib/libc.a(lib_a-exit.o)
 .debug_line_end
                0x000009cb        0x0 /opt/ti/mspgcc/bin/../lib/gcc/msp430-elf/4.9.1/../../../../msp430-elf/lib/libc.a(lib_a-exit.o)
 .debug_line    0x000009cb      0x12f /opt/ti/mspgcc/bin/../lib/gcc/msp430-elf/4.9.1/../../../../msp430-elf/lib/libc.a(lib_a-impure.o)
 .debug_line_end
                0x00000afa        0x0 /opt/ti/mspgcc/bin/../lib/gcc/msp430-elf/4.9.1/../../../../msp430-elf/lib/libc.a(lib_a-impure.o)
 .debug_line    0x00000afa      0x181 /opt/ti/mspgcc/bin/../lib/gcc/msp430-elf/4.9.1/../../../../msp430-elf/lib/libc.a(lib_a-__call_atexit.o)
 .debug_line.text.__call_exitprocs
                0x00000c7b      0x11d /opt/ti/mspgcc/bin/../lib/gcc/msp430-elf/4.9.1/../../../../msp430-elf/lib/libc.a(lib_a-__call_atexit.o)
 .debug_line_end
                0x00000d98        0x0 /opt/ti/mspgcc/bin/../lib/gcc/msp430-elf/4.9.1/../../../../msp430-elf/lib/libc.a(lib_a-__call_atexit.o)
 .debug_line    0x00000d98       0x84 /opt/ti/mspgcc/bin/../lib/gcc/msp430-elf/4.9.1/../../../../msp430-elf/lib/libcrt.a(crt_bss.o)
 .debug_line    0x00000e1c       0x90 /opt/ti/mspgcc/bin/../lib/gcc/msp430-elf/4.9.1/../../../../msp430-elf/lib/libcrt.a(crt_movedata.o)
 .debug_line    0x00000eac       0x7e /opt/ti/mspgcc/bin/../lib/gcc/msp430-elf/4.9.1/../../../../msp430-elf/lib/libcrt.a(crt_main.o)
 .debug_line    0x00000f2a       0xb3 /opt/ti/mspgcc/bin/../lib/gcc/msp430-elf/4.9.1/../../../../msp430-elf/lib/libnosys.a(nosyscalls.o)
 .debug_line    0x00000fdd      0x139 /opt/ti/mspgcc/bin/../lib/gcc/msp430-elf/4.9.1/../../../../msp430-elf/lib/libc.a(lib_a-errno.o)
 .debug_line.text.__errno
                0x00001116       0x16 /opt/ti/mspgcc/bin/../lib/gcc/msp430-elf/4.9.1/../../../../msp430-elf/lib/libc.a(lib_a-errno.o)
 .debug_line_end
                0x0000112c        0x0 /opt/ti/mspgcc/bin/../lib/gcc/msp430-elf/4.9.1/../../../../msp430-elf/lib/libc.a(lib_a-errno.o)
 .debug_line    0x0000112c      0x118 /opt/ti/mspgcc/bin/../lib/gcc/msp430-elf/4.9.1/../../../../msp430-elf/lib/libc.a(lib_a-memmove.o)
 .debug_line.text.memmove
                0x00001244       0x40 /opt/ti/mspgcc/bin/../lib/gcc/msp430-elf/4.9.1/../../../../msp430-elf/lib/libc.a(lib_a-memmove.o)
 .debug_line_end
                0x00001284        0x0 /opt/ti/mspgcc/bin/../lib/gcc/msp430-elf/4.9.1/../../../../msp430-elf/lib/libc.a(lib_a-memmove.o)
 .debug_line    0x00001284      0x117 /opt/ti/mspgcc/bin/../lib/gcc/msp430-elf/4.9.1/../../../../msp430-elf/lib/libc.a(lib_a-memset.o)
 .debug_line.text.memset
                0x0000139b       0x22 /opt/ti/mspgcc/bin/../lib/gcc/msp430-elf/4.9.1/../../../../msp430-elf/lib/libc.a(lib_a-memset.o)
 .debug_line_end
                0x000013bd        0x0 /opt/ti/mspgcc/bin/../lib/gcc/msp430-elf/4.9.1/../../../../msp430-elf/lib/libc.a(lib_a-memset.o)
 .debug_line    0x000013bd       0x8d /opt/ti/mspgcc/bin/../lib/gcc/msp430-elf/4.9.1/../../../../msp430-elf/lib/crtn.o

.debug_frame    0x00000000      0x2d8
 *(.debug_frame)
 .debug_frame   0x00000000       0x90 /home/reviewer/alpaca-oopsla2017/ext/libmspprintf/bld/gcc/libmspprintf.a(printf.o)
 .debug_frame   0x00000090       0x7c /home/reviewer/alpaca-oopsla2017/ext/libmspconsole/bld/gcc/libmspconsole.a(io.o)
 .debug_frame   0x0000010c       0xe4 /home/reviewer/alpaca-oopsla2017/ext/libwispbase/bld/gcc/libwispbase.a(uart.o)
 .debug_frame   0x000001f0       0x30 /opt/ti/mspgcc/bin/../lib/gcc/msp430-elf/4.9.1/../../../../msp430-elf/lib/libc.a(lib_a-exit.o)
 .debug_frame   0x00000220       0x40 /opt/ti/mspgcc/bin/../lib/gcc/msp430-elf/4.9.1/../../../../msp430-elf/lib/libc.a(lib_a-__call_atexit.o)
 .debug_frame   0x00000260       0x24 /opt/ti/mspgcc/bin/../lib/gcc/msp430-elf/4.9.1/../../../../msp430-elf/lib/libc.a(lib_a-errno.o)
 .debug_frame   0x00000284       0x30 /opt/ti/mspgcc/bin/../lib/gcc/msp430-elf/4.9.1/../../../../msp430-elf/lib/libc.a(lib_a-memmove.o)
 .debug_frame   0x000002b4       0x24 /opt/ti/mspgcc/bin/../lib/gcc/msp430-elf/4.9.1/../../../../msp430-elf/lib/libc.a(lib_a-memset.o)

.debug_str      0x00000000      0xaee
 *(.debug_str)
 .debug_str     0x00000000      0x1c6 /home/reviewer/alpaca-oopsla2017/ext/libmspprintf/bld/gcc/libmspprintf.a(printf.o)
                                0x20c (size before relaxing)
 .debug_str     0x000001c6       0x8b /home/reviewer/alpaca-oopsla2017/ext/libmspconsole/bld/gcc/libmspconsole.a(io.o)
                                0x1f3 (size before relaxing)
 .debug_str     0x00000251      0x1f5 /home/reviewer/alpaca-oopsla2017/ext/libwispbase/bld/gcc/libwispbase.a(uart.o)
                                0x371 (size before relaxing)
 .debug_str     0x00000446      0x4a2 /opt/ti/mspgcc/bin/../lib/gcc/msp430-elf/4.9.1/../../../../msp430-elf/lib/libc.a(lib_a-exit.o)
                                0x570 (size before relaxing)
 .debug_str     0x000008e8       0x90 /opt/ti/mspgcc/bin/../lib/gcc/msp430-elf/4.9.1/../../../../msp430-elf/lib/libc.a(lib_a-impure.o)
                                0x5a7 (size before relaxing)
 .debug_str     0x00000978       0x6e /opt/ti/mspgcc/bin/../lib/gcc/msp430-elf/4.9.1/../../../../msp430-elf/lib/libc.a(lib_a-__call_atexit.o)
                                0x594 (size before relaxing)
 .debug_str     0x000009e6       0x4c /opt/ti/mspgcc/bin/../lib/gcc/msp430-elf/4.9.1/../../../../msp430-elf/lib/libc.a(lib_a-errno.o)
                                0x550 (size before relaxing)
 .debug_str     0x00000a32       0x6f /opt/ti/mspgcc/bin/../lib/gcc/msp430-elf/4.9.1/../../../../msp430-elf/lib/libc.a(lib_a-memmove.o)
                                0x1b9 (size before relaxing)
 .debug_str     0x00000aa1       0x4d /opt/ti/mspgcc/bin/../lib/gcc/msp430-elf/4.9.1/../../../../msp430-elf/lib/libc.a(lib_a-memset.o)
                                0x19e (size before relaxing)

.debug_loc      0x00000000      0x8ef
 *(.debug_loc)
 .debug_loc     0x00000000      0x3b5 /home/reviewer/alpaca-oopsla2017/ext/libmspprintf/bld/gcc/libmspprintf.a(printf.o)
 .debug_loc     0x000003b5       0xbf /home/reviewer/alpaca-oopsla2017/ext/libmspconsole/bld/gcc/libmspconsole.a(io.o)
 .debug_loc     0x00000474      0x14c /home/reviewer/alpaca-oopsla2017/ext/libwispbase/bld/gcc/libwispbase.a(uart.o)
 .debug_loc     0x000005c0       0x1e /opt/ti/mspgcc/bin/../lib/gcc/msp430-elf/4.9.1/../../../../msp430-elf/lib/libc.a(lib_a-exit.o)
 .debug_loc     0x000005de       0xde /opt/ti/mspgcc/bin/../lib/gcc/msp430-elf/4.9.1/../../../../msp430-elf/lib/libc.a(lib_a-__call_atexit.o)
 .debug_loc     0x000006bc      0x1ac /opt/ti/mspgcc/bin/../lib/gcc/msp430-elf/4.9.1/../../../../msp430-elf/lib/libc.a(lib_a-memmove.o)
 .debug_loc     0x00000868       0x87 /opt/ti/mspgcc/bin/../lib/gcc/msp430-elf/4.9.1/../../../../msp430-elf/lib/libc.a(lib_a-memset.o)

.debug_macinfo
 *(.debug_macinfo)

.debug_weaknames
 *(.debug_weaknames)

.debug_funcnames
 *(.debug_funcnames)

.debug_typenames
 *(.debug_typenames)

.debug_varnames
 *(.debug_varnames)

.debug_pubtypes
 *(.debug_pubtypes)

.debug_ranges   0x00000000       0x98
 *(.debug_ranges)
 .debug_ranges  0x00000000       0x28 /opt/ti/mspgcc/bin/../lib/gcc/msp430-elf/4.9.1/../../../../msp430-elf/lib/crt0.o
 .debug_ranges  0x00000028       0x10 /opt/ti/mspgcc/bin/../lib/gcc/msp430-elf/4.9.1/../../../../msp430-elf/lib/libc.a(lib_a-exit.o)
 .debug_ranges  0x00000038       0x10 /opt/ti/mspgcc/bin/../lib/gcc/msp430-elf/4.9.1/../../../../msp430-elf/lib/libc.a(lib_a-__call_atexit.o)
 .debug_ranges  0x00000048       0x10 /opt/ti/mspgcc/bin/../lib/gcc/msp430-elf/4.9.1/../../../../msp430-elf/lib/libc.a(lib_a-errno.o)
 .debug_ranges  0x00000058       0x10 /opt/ti/mspgcc/bin/../lib/gcc/msp430-elf/4.9.1/../../../../msp430-elf/lib/libc.a(lib_a-memmove.o)
 .debug_ranges  0x00000068       0x10 /opt/ti/mspgcc/bin/../lib/gcc/msp430-elf/4.9.1/../../../../msp430-elf/lib/libc.a(lib_a-memset.o)
 .debug_ranges  0x00000078       0x20 /opt/ti/mspgcc/bin/../lib/gcc/msp430-elf/4.9.1/../../../../msp430-elf/lib/crtn.o

.debug_macro
 *(.debug_macro)

/DISCARD/
 *(.note.GNU-stack)
OUTPUT(bc.out elf32-msp430)
