Archive member included because of file (symbol)

/home/reviewer/alpaca-oopsla2017/ext/libmspbuiltins/bld/gcc/libmspbuiltins.a(builtins.o)
                              /tmp/ccuaU85c.o (__mulhi3hw_noint)
/home/reviewer/alpaca-oopsla2017/ext/libmspprintf/bld/gcc/libmspprintf.a(printf.o)
                              /tmp/ccuaU85c.o (printf)
/home/reviewer/alpaca-oopsla2017/ext/libmspconsole/bld/gcc/libmspconsole.a(io.o)
                              /tmp/ccuaU85c.o (mspconsole_init)
/home/reviewer/alpaca-oopsla2017/ext/libwispbase/bld/gcc/libwispbase.a(uart.o)
                              /home/reviewer/alpaca-oopsla2017/ext/libmspconsole/bld/gcc/libmspconsole.a(io.o) (UART_init)
/opt/ti/mspgcc/bin/../lib/gcc/msp430-elf/4.9.1/../../../../msp430-elf/lib/libcrt.a(crt_bss.o)
                              /opt/ti/mspgcc/bin/../lib/gcc/msp430-elf/4.9.1/crtbegin.o (__crt0_init_bss)
/opt/ti/mspgcc/bin/../lib/gcc/msp430-elf/4.9.1/../../../../msp430-elf/lib/libcrt.a(crt_movedata.o)
                              /opt/ti/mspgcc/bin/../lib/gcc/msp430-elf/4.9.1/crtbegin.o (__crt0_movedata)
/opt/ti/mspgcc/bin/../lib/gcc/msp430-elf/4.9.1/../../../../msp430-elf/lib/libcrt.a(crt_main.o)
                              /opt/ti/mspgcc/bin/../lib/gcc/msp430-elf/4.9.1/../../../../msp430-elf/lib/crt0.o (__crt0_call_init_then_main)
/opt/ti/mspgcc/bin/../lib/gcc/msp430-elf/4.9.1/../../../../msp430-elf/lib/libc.a(lib_a-memmove.o)
                              /opt/ti/mspgcc/bin/../lib/gcc/msp430-elf/4.9.1/../../../../msp430-elf/lib/libcrt.a(crt_movedata.o) (memmove)
/opt/ti/mspgcc/bin/../lib/gcc/msp430-elf/4.9.1/../../../../msp430-elf/lib/libc.a(lib_a-memset.o)
                              /opt/ti/mspgcc/bin/../lib/gcc/msp430-elf/4.9.1/../../../../msp430-elf/lib/libcrt.a(crt_bss.o) (memset)

Discarded input sections

 .note.GNU-stack
                0x00000000        0x0 /tmp/ccuaU85c.o

Memory Configuration

Name             Origin             Length             Attributes
SFR              0x00000000         0x00000010
PERIPHERAL_8BIT  0x00000010         0x000000f0
PERIPHERAL_16BIT 0x00000100         0x00000100
RAM              0x00001c00         0x00000800
INFOMEM          0x00001800         0x00000200
INFOA            0x00001980         0x00000080
INFOB            0x00001900         0x00000080
INFOC            0x00001880         0x00000080
INFOD            0x00001800         0x00000080
ROM              0x00004400         0x0000bb80         xr
VECT1            0x0000ff90         0x00000002
VECT2            0x0000ff92         0x00000002
VECT3            0x0000ff94         0x00000002
VECT4            0x0000ff96         0x00000002
VECT5            0x0000ff98         0x00000002
VECT6            0x0000ff9a         0x00000002
VECT7            0x0000ff9c         0x00000002
VECT8            0x0000ff9e         0x00000002
VECT9            0x0000ffa0         0x00000002
VECT10           0x0000ffa2         0x00000002
VECT11           0x0000ffa4         0x00000002
VECT12           0x0000ffa6         0x00000002
VECT13           0x0000ffa8         0x00000002
VECT14           0x0000ffaa         0x00000002
VECT15           0x0000ffac         0x00000002
VECT16           0x0000ffae         0x00000002
VECT17           0x0000ffb0         0x00000002
VECT18           0x0000ffb2         0x00000002
VECT19           0x0000ffb4         0x00000002
VECT20           0x0000ffb6         0x00000002
VECT21           0x0000ffb8         0x00000002
VECT22           0x0000ffba         0x00000002
VECT23           0x0000ffbc         0x00000002
VECT24           0x0000ffbe         0x00000002
VECT25           0x0000ffc0         0x00000002
VECT26           0x0000ffc2         0x00000002
VECT27           0x0000ffc4         0x00000002
VECT28           0x0000ffc6         0x00000002
VECT29           0x0000ffc8         0x00000002
VECT30           0x0000ffca         0x00000002
VECT31           0x0000ffcc         0x00000002
VECT32           0x0000ffce         0x00000002
VECT33           0x0000ffd0         0x00000002
VECT34           0x0000ffd2         0x00000002
VECT35           0x0000ffd4         0x00000002
VECT36           0x0000ffd6         0x00000002
VECT37           0x0000ffd8         0x00000002
VECT38           0x0000ffda         0x00000002
VECT39           0x0000ffdc         0x00000002
VECT40           0x0000ffde         0x00000002
VECT41           0x0000ffe0         0x00000002
VECT42           0x0000ffe2         0x00000002
VECT43           0x0000ffe4         0x00000002
VECT44           0x0000ffe6         0x00000002
VECT45           0x0000ffe8         0x00000002
VECT46           0x0000ffea         0x00000002
VECT47           0x0000ffec         0x00000002
VECT48           0x0000ffee         0x00000002
VECT49           0x0000fff0         0x00000002
VECT50           0x0000fff2         0x00000002
VECT51           0x0000fff4         0x00000002
VECT52           0x0000fff6         0x00000002
VECT53           0x0000fff8         0x00000002
VECT54           0x0000fffa         0x00000002
VECT55           0x0000fffc         0x00000002
RESETVEC         0x0000fffe         0x00000002
BSL              0x00001000         0x00000800
HIFRAM           0x00010000         0x00003fff         xrw
*default*        0x00000000         0xffffffff

Linker script and memory map

LOAD /opt/ti/mspgcc/bin/../lib/gcc/msp430-elf/4.9.1/../../../../msp430-elf/lib/crt0.o
LOAD /opt/ti/mspgcc/bin/../lib/gcc/msp430-elf/4.9.1/crtbegin.o
LOAD /tmp/ccuaU85c.o
LOAD /home/reviewer/alpaca-oopsla2017/ext/libmspbuiltins/bld/gcc/libmspbuiltins.a
LOAD /home/reviewer/alpaca-oopsla2017/ext/libmspprintf/bld/gcc/libmspprintf.a
LOAD /home/reviewer/alpaca-oopsla2017/ext/libmspconsole/bld/gcc/libmspconsole.a
LOAD /home/reviewer/alpaca-oopsla2017/ext/libwispbase/bld/gcc/libwispbase.a
LOAD /opt/ti/mspgcc/bin/../lib/gcc/msp430-elf/4.9.1/libgcc.a
START GROUP
LOAD /opt/ti/mspgcc/bin/../lib/gcc/msp430-elf/4.9.1/../../../../msp430-elf/lib/libc.a
LOAD /opt/ti/mspgcc/bin/../lib/gcc/msp430-elf/4.9.1/libgcc.a
LOAD /opt/ti/mspgcc/bin/../lib/gcc/msp430-elf/4.9.1/../../../../msp430-elf/lib/libcrt.a
LOAD /opt/ti/mspgcc/bin/../lib/gcc/msp430-elf/4.9.1/../../../../msp430-elf/lib/libnosys.a
END GROUP
LOAD /opt/ti/mspgcc/bin/../lib/gcc/msp430-elf/4.9.1/libgcc.a
LOAD /opt/ti/mspgcc/bin/../lib/gcc/msp430-elf/4.9.1/crtend.o
LOAD /opt/ti/mspgcc/bin/../lib/gcc/msp430-elf/4.9.1/../../../../msp430-elf/lib/crtn.o
LOAD /opt/ti/mspgcc/bin/../lib/gcc/msp430-elf/4.9.1/libgcc.a

__interrupt_vector_1
 *(__interrupt_vector_1)

__interrupt_vector_2
 *(__interrupt_vector_2)

__interrupt_vector_3
 *(__interrupt_vector_3)

__interrupt_vector_4
 *(__interrupt_vector_4)

__interrupt_vector_5
 *(__interrupt_vector_5)

__interrupt_vector_6
 *(__interrupt_vector_6)

__interrupt_vector_7
 *(__interrupt_vector_7)

__interrupt_vector_8
 *(__interrupt_vector_8)

__interrupt_vector_9
 *(__interrupt_vector_9)

__interrupt_vector_10
 *(__interrupt_vector_10)

__interrupt_vector_11
 *(__interrupt_vector_11)

__interrupt_vector_12
 *(__interrupt_vector_12)

__interrupt_vector_13
 *(__interrupt_vector_13)

__interrupt_vector_14
 *(__interrupt_vector_14)

__interrupt_vector_15
 *(__interrupt_vector_15)

__interrupt_vector_16
 *(__interrupt_vector_16)

__interrupt_vector_17
 *(__interrupt_vector_17)

__interrupt_vector_18
 *(__interrupt_vector_18)

__interrupt_vector_19
 *(__interrupt_vector_19)

__interrupt_vector_20
 *(__interrupt_vector_20)

__interrupt_vector_21
 *(__interrupt_vector_21)

__interrupt_vector_22
 *(__interrupt_vector_22)

__interrupt_vector_23
 *(__interrupt_vector_23)

__interrupt_vector_24
 *(__interrupt_vector_24)

__interrupt_vector_25
 *(__interrupt_vector_25)

__interrupt_vector_26
 *(__interrupt_vector_26)

__interrupt_vector_27
 *(__interrupt_vector_27)

__interrupt_vector_28
 *(__interrupt_vector_28)

__interrupt_vector_29
 *(__interrupt_vector_29)

__interrupt_vector_30
 *(__interrupt_vector_30)

__interrupt_vector_31
 *(__interrupt_vector_31)
 *(__interrupt_vector_aes256)

__interrupt_vector_32
 *(__interrupt_vector_32)
 *(__interrupt_vector_rtc)

__interrupt_vector_33
 *(__interrupt_vector_33)
 *(__interrupt_vector_port4)

__interrupt_vector_34
 *(__interrupt_vector_34)
 *(__interrupt_vector_port3)

__interrupt_vector_35
 *(__interrupt_vector_35)
 *(__interrupt_vector_timer3_a1)

__interrupt_vector_36
 *(__interrupt_vector_36)
 *(__interrupt_vector_timer3_a0)

__interrupt_vector_37
 *(__interrupt_vector_37)
 *(__interrupt_vector_port2)

__interrupt_vector_38
 *(__interrupt_vector_38)
 *(__interrupt_vector_timer2_a1)

__interrupt_vector_39
 *(__interrupt_vector_39)
 *(__interrupt_vector_timer2_a0)

__interrupt_vector_40
 *(__interrupt_vector_40)
 *(__interrupt_vector_port1)

__interrupt_vector_41
 *(__interrupt_vector_41)
 *(__interrupt_vector_timer1_a1)

__interrupt_vector_42
 *(__interrupt_vector_42)
 *(__interrupt_vector_timer1_a0)

__interrupt_vector_43
 *(__interrupt_vector_43)
 *(__interrupt_vector_dma)

__interrupt_vector_44
 *(__interrupt_vector_44)
 *(__interrupt_vector_usci_a1)

__interrupt_vector_45
 *(__interrupt_vector_45)
 *(__interrupt_vector_timer0_a1)

__interrupt_vector_46
 *(__interrupt_vector_46)
 *(__interrupt_vector_timer0_a0)

__interrupt_vector_47
 *(__interrupt_vector_47)
 *(__interrupt_vector_adc12)

__interrupt_vector_48
 *(__interrupt_vector_48)
 *(__interrupt_vector_usci_b0)

__interrupt_vector_49
                0x0000fff0        0x2
 *(__interrupt_vector_49)
 __interrupt_vector_49
                0x0000fff0        0x2 /home/reviewer/alpaca-oopsla2017/ext/libwispbase/bld/gcc/libwispbase.a(uart.o)
 *(__interrupt_vector_usci_a0)

__interrupt_vector_50
 *(__interrupt_vector_50)
 *(__interrupt_vector_wdt)

__interrupt_vector_51
                0x0000fff4        0x2
 *(__interrupt_vector_51)
 *(__interrupt_vector_timer0_b1)
 __interrupt_vector_timer0_b1
                0x0000fff4        0x2 /tmp/ccuaU85c.o
                0x0000fff4                __vector_timer0_b1

__interrupt_vector_52
 *(__interrupt_vector_52)
 *(__interrupt_vector_timer0_b0)

__interrupt_vector_53
 *(__interrupt_vector_53)
 *(__interrupt_vector_comp_e)

__interrupt_vector_54
 *(__interrupt_vector_54)
 *(__interrupt_vector_unmi)

__interrupt_vector_55
 *(__interrupt_vector_55)
 *(__interrupt_vector_sysnmi)

__reset_vector  0x0000fffe        0x2
 *(__interrupt_vector_56)
 *(__interrupt_vector_reset)
 *(.resetvec)
 .resetvec      0x0000fffe        0x2 /opt/ti/mspgcc/bin/../lib/gcc/msp430-elf/4.9.1/../../../../msp430-elf/lib/crt0.o

.rodata         0x00004400       0xbc
                0x00004400                . = ALIGN (0x2)
 *(.plt)
 *(.rodata .rodata.* .gnu.linkonce.r.* .const .const:*)
 .rodata.str1.1
                0x00004400       0x74 /tmp/ccuaU85c.o
                                 0x77 (size before relaxing)
 .rodata        0x00004474       0x38 /home/reviewer/alpaca-oopsla2017/ext/libmspprintf/bld/gcc/libmspprintf.a(printf.o)
 *(.rodata1)
 *(.lower.rodata.* .lower.rodata)
 *(.eh_frame_hdr)
 *(.eh_frame)
 .eh_frame      0x000044ac        0x0 /opt/ti/mspgcc/bin/../lib/gcc/msp430-elf/4.9.1/crtbegin.o
 .eh_frame      0x000044ac        0x4 /opt/ti/mspgcc/bin/../lib/gcc/msp430-elf/4.9.1/crtend.o
 *(.gcc_except_table)
 *(.gcc_except_table.*)
                0x000044b0                PROVIDE (__preinit_array_start, .)
 *(.preinit_array)
                0x000044b0                PROVIDE (__preinit_array_end, .)
                0x000044b0                PROVIDE (__init_array_start, .)
 *(SORT(.init_array.*))
 *(.init_array)
                0x000044b0                PROVIDE (__init_array_end, .)
                0x000044b0                PROVIDE (__fini_array_start, .)
 *(.fini_array)
 *(SORT(.fini_array.*))
                0x000044b0                PROVIDE (__fini_array_end, .)
                0x000044b0        0x4 LONG 0x0
 *crtbegin*.o(.ctors)
 .ctors         0x000044b4        0x2 /opt/ti/mspgcc/bin/../lib/gcc/msp430-elf/4.9.1/crtbegin.o
 *(EXCLUDE_FILE(*crtend*.o) .ctors)
 *(SORT(.ctors.*))
 *(.ctors)
 .ctors         0x000044b6        0x2 /opt/ti/mspgcc/bin/../lib/gcc/msp430-elf/4.9.1/crtend.o
 *crtbegin*.o(.dtors)
 .dtors         0x000044b8        0x2 /opt/ti/mspgcc/bin/../lib/gcc/msp430-elf/4.9.1/crtbegin.o
 *(EXCLUDE_FILE(*crtend*.o) .dtors)
 *(SORT(.dtors.*))
 *(.dtors)
 .dtors         0x000044ba        0x2 /opt/ti/mspgcc/bin/../lib/gcc/msp430-elf/4.9.1/crtend.o
                0x000044ba                __DTOR_END__

.nv             0x000044bc      0xe02
                0x000044bc                . = ALIGN (0x2)
                0x000044bc                PROVIDE (__fram_vars_start, .)
 *(.ro_nv_vars)
 *(.nv_vars)
 .nv_vars       0x000044bc      0xe02 /tmp/ccuaU85c.o
                0x000044bc                _task_task_init
                0x000044c0                _task_task_init_dict
                0x000044c4                _task_task_sample
                0x000044c8                _task_task_measure_temp
                0x000044cc                _task_task_letterize
                0x000044d0                _task_task_compress
                0x000044d4                _task_task_find_sibling
                0x000044d8                _task_task_add_node
                0x000044dc                _task_task_add_insert
                0x000044e0                _task_task_append_compressed
                0x000044e4                _task_task_print
                0x000044e8                _task_task_done
                0x000044ec                _global_parent_next
                0x000044ee                _global_out_len_bak
                0x000044f0                _global_out_len
                0x000044f2                _global_letter_bak
                0x000044f4                _global_letter
                0x000044f6                _global_prev_sample_bak
                0x000044f8                _global_prev_sample
                0x000044fa                _global_letter_idx_bak
                0x000044fc                _global_letter_idx
                0x000044fe                _global_sample_count_bak
                0x00004500                _global_sample_count
                0x00004502                _global_dict
                0x00005102                _global_node_count_bak
                0x00005104                _global_node_count
                0x00005106                _global_sample
                0x00005108                _global_sibling_bak
                0x0000510a                _global_sibling
                0x0000510c                _global_parent_node
                0x00005112                _global_parent
                0x00005114                _global_child
                0x00005116                _global_sibling_node
                0x0000511c                _global_symbol
                0x0000511e                _global_compressed_data
                0x0000529e                _task__entry_task
                0x000052a2                data_src
                0x000052a4                data_dest
                0x000052a6                data_size
                0x000052a8                data_src_base
                0x000052aa                data_dest_base
                0x000052ac                data_size_base
                0x000052ae                gv_index
                0x000052b0                num_dirty_gv
                0x000052b2                context_1
                0x000052b6                context_0
                0x000052ba                curctx
                0x000052bc                _numBoots
 *(.fram_vars)
                0x000052be                . = ALIGN (0x2)
                0x000052be                PROVIDE (__fram_vars_end, .)

.upper.rodata
 *(.upper.rodata.* .upper.rodata)

.data           0x00001c00        0x6 load address 0x000052be
                0x00001c00                . = ALIGN (0x2)
                0x00001c00                PROVIDE (__datastart, .)
 *(.jcr)
 .jcr           0x00001c00        0x0 /opt/ti/mspgcc/bin/../lib/gcc/msp430-elf/4.9.1/crtbegin.o
 .jcr           0x00001c00        0x2 /opt/ti/mspgcc/bin/../lib/gcc/msp430-elf/4.9.1/crtend.o
 *(.data.rel.ro.local)
 *(.data.rel.ro*)
 *(.dynamic)
 *(.data .data.* .gnu.linkonce.d.*)
 .data          0x00001c02        0x0 /opt/ti/mspgcc/bin/../lib/gcc/msp430-elf/4.9.1/../../../../msp430-elf/lib/crt0.o
 .data          0x00001c02        0x2 /opt/ti/mspgcc/bin/../lib/gcc/msp430-elf/4.9.1/crtbegin.o
                0x00001c02                __dso_handle
 .data          0x00001c04        0x0 /tmp/ccuaU85c.o
 .data.rel      0x00001c04        0x2 /tmp/ccuaU85c.o
                0x00001c04                timer
 .data          0x00001c06        0x0 /home/reviewer/alpaca-oopsla2017/ext/libmspbuiltins/bld/gcc/libmspbuiltins.a(builtins.o)
 .data          0x00001c06        0x0 /home/reviewer/alpaca-oopsla2017/ext/libmspprintf/bld/gcc/libmspprintf.a(printf.o)
 .data          0x00001c06        0x0 /home/reviewer/alpaca-oopsla2017/ext/libmspconsole/bld/gcc/libmspconsole.a(io.o)
 .data          0x00001c06        0x0 /home/reviewer/alpaca-oopsla2017/ext/libwispbase/bld/gcc/libwispbase.a(uart.o)
 .data          0x00001c06        0x0 /opt/ti/mspgcc/bin/../lib/gcc/msp430-elf/4.9.1/../../../../msp430-elf/lib/libcrt.a(crt_bss.o)
 .data          0x00001c06        0x0 /opt/ti/mspgcc/bin/../lib/gcc/msp430-elf/4.9.1/../../../../msp430-elf/lib/libcrt.a(crt_movedata.o)
 .data          0x00001c06        0x0 /opt/ti/mspgcc/bin/../lib/gcc/msp430-elf/4.9.1/../../../../msp430-elf/lib/libcrt.a(crt_main.o)
 .data          0x00001c06        0x0 /opt/ti/mspgcc/bin/../lib/gcc/msp430-elf/4.9.1/../../../../msp430-elf/lib/libc.a(lib_a-memmove.o)
 .data          0x00001c06        0x0 /opt/ti/mspgcc/bin/../lib/gcc/msp430-elf/4.9.1/../../../../msp430-elf/lib/libc.a(lib_a-memset.o)
 .data          0x00001c06        0x0 /opt/ti/mspgcc/bin/../lib/gcc/msp430-elf/4.9.1/crtend.o
 .data          0x00001c06        0x0 /opt/ti/mspgcc/bin/../lib/gcc/msp430-elf/4.9.1/../../../../msp430-elf/lib/crtn.o
 *(.gnu.linkonce.d.*personality*)
 *(.data1)
 *(.got.plt)
 *(.got)
                0x00001c06                . = ALIGN (0x2)
 *(.sdata .sdata.* .gnu.linkonce.s.* D_2 D_1)
                0x00001c06                . = ALIGN (0x2)
 *(.lower.data.* .lower.data)
                0x00001c06                . = ALIGN (0x2)
                0x00001c06                _edata = .
                0x00001c06                PROVIDE (edata, .)
                0x00001c06                PROVIDE (__dataend, .)
                0x000052be                PROVIDE (__romdatastart, LOADADDR (.data))
                0x00000006                PROVIDE (__romdatacopysize, SIZEOF (.data))

.upper.data     0x00010000        0x2 load address 0x000052c4
                0x000052c4                __upper_data_init = LOADADDR (.upper.data)
                0x00010000        0x2 SHORT 0x1
                0x00010002                __high_datastart = .
 *(.upper.data.* .upper.data)
                0x00010002                __high_dataend = .
                0x00000000                __rom_highdatacopysize = (SIZEOF (.upper.data) - 0x2)
                0x000052c6                __rom_highdatastart = (LOADADDR (.upper.data) + 0x2)

.bss            0x00001c06       0x22
                0x00001c06                . = ALIGN (0x2)
                0x00001c06                PROVIDE (__bssstart, .)
 *(.dynbss)
 *(.sbss .sbss.*)
 *(.bss .bss.* .gnu.linkonce.b.*)
 .bss           0x00001c06        0x0 /opt/ti/mspgcc/bin/../lib/gcc/msp430-elf/4.9.1/../../../../msp430-elf/lib/crt0.o
 .bss           0x00001c06       0x12 /opt/ti/mspgcc/bin/../lib/gcc/msp430-elf/4.9.1/crtbegin.o
 .bss           0x00001c18        0x4 /tmp/ccuaU85c.o
                0x00001c18                overflow
 .bss           0x00001c1c        0x0 /home/reviewer/alpaca-oopsla2017/ext/libmspbuiltins/bld/gcc/libmspbuiltins.a(builtins.o)
 .bss           0x00001c1c        0x0 /home/reviewer/alpaca-oopsla2017/ext/libmspprintf/bld/gcc/libmspprintf.a(printf.o)
 .bss           0x00001c1c        0x0 /home/reviewer/alpaca-oopsla2017/ext/libmspconsole/bld/gcc/libmspconsole.a(io.o)
 .bss           0x00001c1c        0xc /home/reviewer/alpaca-oopsla2017/ext/libwispbase/bld/gcc/libwispbase.a(uart.o)
 .bss           0x00001c28        0x0 /opt/ti/mspgcc/bin/../lib/gcc/msp430-elf/4.9.1/../../../../msp430-elf/lib/libcrt.a(crt_bss.o)
 .bss           0x00001c28        0x0 /opt/ti/mspgcc/bin/../lib/gcc/msp430-elf/4.9.1/../../../../msp430-elf/lib/libcrt.a(crt_movedata.o)
 .bss           0x00001c28        0x0 /opt/ti/mspgcc/bin/../lib/gcc/msp430-elf/4.9.1/../../../../msp430-elf/lib/libcrt.a(crt_main.o)
 .bss           0x00001c28        0x0 /opt/ti/mspgcc/bin/../lib/gcc/msp430-elf/4.9.1/../../../../msp430-elf/lib/libc.a(lib_a-memmove.o)
 .bss           0x00001c28        0x0 /opt/ti/mspgcc/bin/../lib/gcc/msp430-elf/4.9.1/../../../../msp430-elf/lib/libc.a(lib_a-memset.o)
 .bss           0x00001c28        0x0 /opt/ti/mspgcc/bin/../lib/gcc/msp430-elf/4.9.1/crtend.o
 .bss           0x00001c28        0x0 /opt/ti/mspgcc/bin/../lib/gcc/msp430-elf/4.9.1/../../../../msp430-elf/lib/crtn.o
 *(.lower.bss.* .lower.bss)
                0x00001c28                . = ALIGN (0x2)
 *(COMMON)
                0x00001c28                PROVIDE (__bssend, .)
                0x00000022                PROVIDE (__bsssize, SIZEOF (.bss))

.noinit         0x00001c28        0x0
                0x00001c28                . = ALIGN (0x2)
                0x00001c28                PROVIDE (__noinit_start, .)
 *(.noinit)
                0x00001c28                . = ALIGN (0x2)
                0x00001c28                PROVIDE (__noinit_end, .)
                0x00001c28                _end = .
                0x00001c28                PROVIDE (end, .)

.upper.bss      0x00010002        0x0
                0x00010002                . = ALIGN (0x2)
                0x00010002                __high_bssstart = .
 *(.upper.bss.* .upper.bss)
                0x00010002                . = ALIGN (0x2)
                0x00010002                __high_bssend = .

.stack          0x00002400        0x0
                0x00002400                PROVIDE (__stack, .)
 *(.stack)

.text           0x000052c8     0x1558
                0x000052c8                PROVIDE (_start, .)
                0x000052c8                . = ALIGN (0x2)
 *(SORT(.crt_*))
 .crt_0000start
                0x000052c8        0x4 /opt/ti/mspgcc/bin/../lib/gcc/msp430-elf/4.9.1/../../../../msp430-elf/lib/crt0.o
                0x000052c8                __crt0_start
 .crt_0100init_bss
                0x000052cc        0xe /opt/ti/mspgcc/bin/../lib/gcc/msp430-elf/4.9.1/../../../../msp430-elf/lib/libcrt.a(crt_bss.o)
                0x000052cc                __crt0_init_bss
 .crt_0300movedata
                0x000052da       0x14 /opt/ti/mspgcc/bin/../lib/gcc/msp430-elf/4.9.1/../../../../msp430-elf/lib/libcrt.a(crt_movedata.o)
                0x000052da                __crt0_movedata
 .crt_0700call_init_then_main
                0x000052ee        0xa /opt/ti/mspgcc/bin/../lib/gcc/msp430-elf/4.9.1/../../../../msp430-elf/lib/libcrt.a(crt_main.o)
                0x000052ee                __crt0_call_init_then_main
 .crt_0900main_init
                0x000052f8       0x36 /opt/ti/mspgcc/bin/../lib/gcc/msp430-elf/4.9.1/../../../../msp430-elf/lib/crt0.o
                0x000052f8                _msp430_run_init_array
                0x00005304                _msp430_run_preinit_array
                0x00005310                _msp430_run_fini_array
                0x0000532e                . = ALIGN (0x2)
 *(.lowtext)
                0x0000532e                . = ALIGN (0x2)
 *(.lower.text.* .lower.text)
                0x0000532e                . = ALIGN (0x2)
 *(.text .stub .text.* .gnu.linkonce.t.* .text:*)
 .text          0x0000532e        0x0 /opt/ti/mspgcc/bin/../lib/gcc/msp430-elf/4.9.1/../../../../msp430-elf/lib/crt0.o
 .text          0x0000532e       0xc6 /opt/ti/mspgcc/bin/../lib/gcc/msp430-elf/4.9.1/crtbegin.o
 .text          0x000053f4      0xed0 /tmp/ccuaU85c.o
                0x000053f4                TimerB1_ISR
                0x000053f4                __interrupt_vector_51
                0x00005444                init
                0x000054d0                task_init
                0x00005520                task_init_dict
                0x000055b4                task_sample
                0x00005624                task_measure_temp
                0x0000567c                task_letterize
                0x00005738                task_compress
                0x000057dc                task_find_sibling
                0x000058c0                task_add_node
                0x0000596c                task_add_insert
                0x00005a98                task_append_compressed
                0x00005b0c                task_print
                0x00005bf8                task_done
                0x00005c00                _entry_task
                0x00005c10                _init
                0x00005c1c                clear_isDirty
                0x00005c60                msp_watchdog_enable
                0x00005c78                msp_watchdog_disable
                0x00005c88                msp_watchdog_kick
                0x00005c9c                memcpy
                0x00005cf0                my_memset
                0x00005d08                msp_clock_setup
                0x00005d28                mult16
                0x00005d3c                sqrt16
                0x00005e5c                udivmodhi4
                0x00005f6c                __divhi3
                0x00006014                __modhi3
                0x000060a0                __udivhi3
                0x000060d0                __umodhi3
                0x00006100                task_prologue
                0x000061bc                transition_to
                0x00006228                write_to_gbuf
                0x000062a0                main
 .text          0x000062c4        0xe /home/reviewer/alpaca-oopsla2017/ext/libmspbuiltins/bld/gcc/libmspbuiltins.a(builtins.o)
                0x000062c4                __mulhi3hw_noint
 .text          0x000062d2      0x224 /home/reviewer/alpaca-oopsla2017/ext/libmspprintf/bld/gcc/libmspprintf.a(printf.o)
                0x00006364                puts
                0x00006382                printf
 .text          0x000064f6       0x5e /home/reviewer/alpaca-oopsla2017/ext/libmspconsole/bld/gcc/libmspconsole.a(io.o)
                0x000064f6                mspconsole_init
                0x000064fc                io_putchar
                0x00006518                io_puts_no_newline
                0x0000653e                io_puts
 .text          0x00006554      0x23e /home/reviewer/alpaca-oopsla2017/ext/libwispbase/bld/gcc/libwispbase.a(uart.o)
                0x00006554                UART_init
                0x00006596                UART_teardown
                0x000065bc                UART_asyncSend
                0x000065e0                UART_send
                0x000065f0                UART_critSend
                0x00006656                UART_isTxBusy
                0x0000665c                UART_asyncReceive
                0x00006682                UART_receive
                0x00006694                UART_critReceive
                0x000066fa                UART_isRxBusy
                0x00006700                UART_isRxDone
                0x0000670e                USCI_A0_ISR
 .text          0x00006792        0x0 /opt/ti/mspgcc/bin/../lib/gcc/msp430-elf/4.9.1/../../../../msp430-elf/lib/libcrt.a(crt_bss.o)
 .text          0x00006792        0x0 /opt/ti/mspgcc/bin/../lib/gcc/msp430-elf/4.9.1/../../../../msp430-elf/lib/libcrt.a(crt_movedata.o)
 .text          0x00006792        0x0 /opt/ti/mspgcc/bin/../lib/gcc/msp430-elf/4.9.1/../../../../msp430-elf/lib/libcrt.a(crt_main.o)
 .text          0x00006792        0x0 /opt/ti/mspgcc/bin/../lib/gcc/msp430-elf/4.9.1/../../../../msp430-elf/lib/libc.a(lib_a-memmove.o)
 .text.memmove  0x00006792       0x40 /opt/ti/mspgcc/bin/../lib/gcc/msp430-elf/4.9.1/../../../../msp430-elf/lib/libc.a(lib_a-memmove.o)
                0x00006792                memmove
 .text          0x000067d2        0x0 /opt/ti/mspgcc/bin/../lib/gcc/msp430-elf/4.9.1/../../../../msp430-elf/lib/libc.a(lib_a-memset.o)
 .text.memset   0x000067d2       0x12 /opt/ti/mspgcc/bin/../lib/gcc/msp430-elf/4.9.1/../../../../msp430-elf/lib/libc.a(lib_a-memset.o)
                0x000067d2                memset
 .text          0x000067e4       0x20 /opt/ti/mspgcc/bin/../lib/gcc/msp430-elf/4.9.1/crtend.o
 .text          0x00006804        0x0 /opt/ti/mspgcc/bin/../lib/gcc/msp430-elf/4.9.1/../../../../msp430-elf/lib/crtn.o
 *(.text.*personality*)
 *(.gnu.warning)
 *(.interp .hash .dynsym .dynstr .gnu.version*)
                0x00006804                PROVIDE (__etext, .)
                0x00006804                PROVIDE (_etext, .)
                0x00006804                PROVIDE (etext, .)
                0x00006804                . = ALIGN (0x2)
 *(.init)
 .init          0x00006804        0x0 /opt/ti/mspgcc/bin/../lib/gcc/msp430-elf/4.9.1/../../../../msp430-elf/lib/crt0.o
                0x00006804                __msp430_init
 .init          0x00006804        0x4 /opt/ti/mspgcc/bin/../lib/gcc/msp430-elf/4.9.1/crtbegin.o
 .init          0x00006808        0x4 /opt/ti/mspgcc/bin/../lib/gcc/msp430-elf/4.9.1/crtend.o
 .init          0x0000680c        0xa /opt/ti/mspgcc/bin/../lib/gcc/msp430-elf/4.9.1/../../../../msp430-elf/lib/crtn.o
                0x00006816                __msp430_init_end
 *(.fini)
 .fini          0x00006816        0x4 /opt/ti/mspgcc/bin/../lib/gcc/msp430-elf/4.9.1/../../../../msp430-elf/lib/crt0.o
                0x00006816                __msp430_fini
 .fini          0x0000681a        0x4 /opt/ti/mspgcc/bin/../lib/gcc/msp430-elf/4.9.1/crtbegin.o
 .fini          0x0000681e        0x2 /opt/ti/mspgcc/bin/../lib/gcc/msp430-elf/4.9.1/../../../../msp430-elf/lib/crtn.o
                0x00006820                __msp430_fini_end
 *(.tm_clone_table)
 .tm_clone_table
                0x00006820        0x0 /opt/ti/mspgcc/bin/../lib/gcc/msp430-elf/4.9.1/crtbegin.o
 .tm_clone_table
                0x00006820        0x0 /opt/ti/mspgcc/bin/../lib/gcc/msp430-elf/4.9.1/crtend.o
                0x00006820                __TMC_END__

.upper.text     0x00010002        0x0
                0x00010002                . = ALIGN (0x2)
 *(.upper.text.* .upper.text)

.infoA

.infoB

.infoC

.infoD

.MP430.attributes
                0x00000000      0x142
 *(.MSP430.attributes)
 .MSP430.attributes
                0x00000000       0x17 /opt/ti/mspgcc/bin/../lib/gcc/msp430-elf/4.9.1/../../../../msp430-elf/lib/crt0.o
 .MSP430.attributes
                0x00000017       0x17 /opt/ti/mspgcc/bin/../lib/gcc/msp430-elf/4.9.1/crtbegin.o
 .MSP430.attributes
                0x0000002e       0x17 /tmp/ccuaU85c.o
 .MSP430.attributes
                0x00000045       0x17 /home/reviewer/alpaca-oopsla2017/ext/libmspbuiltins/bld/gcc/libmspbuiltins.a(builtins.o)
 .MSP430.attributes
                0x0000005c       0x17 /home/reviewer/alpaca-oopsla2017/ext/libmspprintf/bld/gcc/libmspprintf.a(printf.o)
 .MSP430.attributes
                0x00000073       0x17 /home/reviewer/alpaca-oopsla2017/ext/libmspconsole/bld/gcc/libmspconsole.a(io.o)
 .MSP430.attributes
                0x0000008a       0x17 /home/reviewer/alpaca-oopsla2017/ext/libwispbase/bld/gcc/libwispbase.a(uart.o)
 .MSP430.attributes
                0x000000a1       0x17 /opt/ti/mspgcc/bin/../lib/gcc/msp430-elf/4.9.1/../../../../msp430-elf/lib/libcrt.a(crt_bss.o)
 .MSP430.attributes
                0x000000b8       0x17 /opt/ti/mspgcc/bin/../lib/gcc/msp430-elf/4.9.1/../../../../msp430-elf/lib/libcrt.a(crt_movedata.o)
 .MSP430.attributes
                0x000000cf       0x17 /opt/ti/mspgcc/bin/../lib/gcc/msp430-elf/4.9.1/../../../../msp430-elf/lib/libcrt.a(crt_main.o)
 .MSP430.attributes
                0x000000e6       0x17 /opt/ti/mspgcc/bin/../lib/gcc/msp430-elf/4.9.1/../../../../msp430-elf/lib/libc.a(lib_a-memmove.o)
 .MSP430.attributes
                0x000000fd       0x17 /opt/ti/mspgcc/bin/../lib/gcc/msp430-elf/4.9.1/../../../../msp430-elf/lib/libc.a(lib_a-memset.o)
 .MSP430.attributes
                0x00000114       0x17 /opt/ti/mspgcc/bin/../lib/gcc/msp430-elf/4.9.1/crtend.o
 .MSP430.attributes
                0x0000012b       0x17 /opt/ti/mspgcc/bin/../lib/gcc/msp430-elf/4.9.1/../../../../msp430-elf/lib/crtn.o
 *(.gnu.attributes)
 *(__TI_build_attributes)

.stab
 *(.stab)

.stabstr
 *(.stabstr)

.stab.excl
 *(.stab.excl)

.stab.exclstr
 *(.stab.exclstr)

.stab.index
 *(.stab.index)

.stab.indexstr
 *(.stab.indexstr)

.comment        0x00000000      0x121
 *(.comment)
 .comment       0x00000000       0x7c /opt/ti/mspgcc/bin/../lib/gcc/msp430-elf/4.9.1/crtbegin.o
                                 0x7d (size before relaxing)
 .comment       0x0000007c       0xa5 /tmp/ccuaU85c.o
                                0x673 (size before relaxing)
 .comment       0x00000000       0x7d /home/reviewer/alpaca-oopsla2017/ext/libmspprintf/bld/gcc/libmspprintf.a(printf.o)
 .comment       0x00000000       0x7d /home/reviewer/alpaca-oopsla2017/ext/libmspconsole/bld/gcc/libmspconsole.a(io.o)
 .comment       0x00000000       0x7d /home/reviewer/alpaca-oopsla2017/ext/libwispbase/bld/gcc/libwispbase.a(uart.o)
 .comment       0x00000000       0x7d /opt/ti/mspgcc/bin/../lib/gcc/msp430-elf/4.9.1/../../../../msp430-elf/lib/libc.a(lib_a-memmove.o)
 .comment       0x00000000       0x7d /opt/ti/mspgcc/bin/../lib/gcc/msp430-elf/4.9.1/../../../../msp430-elf/lib/libc.a(lib_a-memset.o)
 .comment       0x00000000       0x7d /opt/ti/mspgcc/bin/../lib/gcc/msp430-elf/4.9.1/crtend.o

.debug
 *(.debug)

.line
 *(.line)

.debug_srcinfo
 *(.debug_srcinfo)

.debug_sfnames
 *(.debug_sfnames)

.debug_aranges  0x00000000      0x158
 *(.debug_aranges)
 .debug_aranges
                0x00000000       0x30 /opt/ti/mspgcc/bin/../lib/gcc/msp430-elf/4.9.1/../../../../msp430-elf/lib/crt0.o
 .debug_aranges
                0x00000030       0x20 /home/reviewer/alpaca-oopsla2017/ext/libmspprintf/bld/gcc/libmspprintf.a(printf.o)
 .debug_aranges
                0x00000050       0x20 /home/reviewer/alpaca-oopsla2017/ext/libmspconsole/bld/gcc/libmspconsole.a(io.o)
 .debug_aranges
                0x00000070       0x20 /home/reviewer/alpaca-oopsla2017/ext/libwispbase/bld/gcc/libwispbase.a(uart.o)
 .debug_aranges
                0x00000090       0x20 /opt/ti/mspgcc/bin/../lib/gcc/msp430-elf/4.9.1/../../../../msp430-elf/lib/libcrt.a(crt_bss.o)
 .debug_aranges
                0x000000b0       0x20 /opt/ti/mspgcc/bin/../lib/gcc/msp430-elf/4.9.1/../../../../msp430-elf/lib/libcrt.a(crt_movedata.o)
 .debug_aranges
                0x000000d0       0x20 /opt/ti/mspgcc/bin/../lib/gcc/msp430-elf/4.9.1/../../../../msp430-elf/lib/libcrt.a(crt_main.o)
 .debug_aranges
                0x000000f0       0x20 /opt/ti/mspgcc/bin/../lib/gcc/msp430-elf/4.9.1/../../../../msp430-elf/lib/libc.a(lib_a-memmove.o)
 .debug_aranges
                0x00000110       0x20 /opt/ti/mspgcc/bin/../lib/gcc/msp430-elf/4.9.1/../../../../msp430-elf/lib/libc.a(lib_a-memset.o)
 .debug_aranges
                0x00000130       0x28 /opt/ti/mspgcc/bin/../lib/gcc/msp430-elf/4.9.1/../../../../msp430-elf/lib/crtn.o

.debug_pubnames
 *(.debug_pubnames)

.debug_info     0x00000000      0xeb6
 *(.debug_info .gnu.linkonce.wi.*)
 .debug_info    0x00000000       0xce /opt/ti/mspgcc/bin/../lib/gcc/msp430-elf/4.9.1/../../../../msp430-elf/lib/crt0.o
 .debug_info    0x000000ce      0x30d /home/reviewer/alpaca-oopsla2017/ext/libmspprintf/bld/gcc/libmspprintf.a(printf.o)
 .debug_info    0x000003db      0x1e7 /home/reviewer/alpaca-oopsla2017/ext/libmspconsole/bld/gcc/libmspconsole.a(io.o)
 .debug_info    0x000005c2      0x3e3 /home/reviewer/alpaca-oopsla2017/ext/libwispbase/bld/gcc/libwispbase.a(uart.o)
 .debug_info    0x000009a5       0xd2 /opt/ti/mspgcc/bin/../lib/gcc/msp430-elf/4.9.1/../../../../msp430-elf/lib/libcrt.a(crt_bss.o)
 .debug_info    0x00000a77       0xd2 /opt/ti/mspgcc/bin/../lib/gcc/msp430-elf/4.9.1/../../../../msp430-elf/lib/libcrt.a(crt_movedata.o)
 .debug_info    0x00000b49       0xd2 /opt/ti/mspgcc/bin/../lib/gcc/msp430-elf/4.9.1/../../../../msp430-elf/lib/libcrt.a(crt_main.o)
 .debug_info    0x00000c1b       0xfe /opt/ti/mspgcc/bin/../lib/gcc/msp430-elf/4.9.1/../../../../msp430-elf/lib/libc.a(lib_a-memmove.o)
 .debug_info    0x00000d19       0xcf /opt/ti/mspgcc/bin/../lib/gcc/msp430-elf/4.9.1/../../../../msp430-elf/lib/libc.a(lib_a-memset.o)
 .debug_info    0x00000de8       0xce /opt/ti/mspgcc/bin/../lib/gcc/msp430-elf/4.9.1/../../../../msp430-elf/lib/crtn.o

.debug_abbrev   0x00000000      0x54f
 *(.debug_abbrev)
 .debug_abbrev  0x00000000       0x12 /opt/ti/mspgcc/bin/../lib/gcc/msp430-elf/4.9.1/../../../../msp430-elf/lib/crt0.o
 .debug_abbrev  0x00000012      0x174 /home/reviewer/alpaca-oopsla2017/ext/libmspprintf/bld/gcc/libmspprintf.a(printf.o)
 .debug_abbrev  0x00000186      0x100 /home/reviewer/alpaca-oopsla2017/ext/libmspconsole/bld/gcc/libmspconsole.a(io.o)
 .debug_abbrev  0x00000286      0x155 /home/reviewer/alpaca-oopsla2017/ext/libwispbase/bld/gcc/libwispbase.a(uart.o)
 .debug_abbrev  0x000003db       0x14 /opt/ti/mspgcc/bin/../lib/gcc/msp430-elf/4.9.1/../../../../msp430-elf/lib/libcrt.a(crt_bss.o)
 .debug_abbrev  0x000003ef       0x14 /opt/ti/mspgcc/bin/../lib/gcc/msp430-elf/4.9.1/../../../../msp430-elf/lib/libcrt.a(crt_movedata.o)
 .debug_abbrev  0x00000403       0x14 /opt/ti/mspgcc/bin/../lib/gcc/msp430-elf/4.9.1/../../../../msp430-elf/lib/libcrt.a(crt_main.o)
 .debug_abbrev  0x00000417       0x9a /opt/ti/mspgcc/bin/../lib/gcc/msp430-elf/4.9.1/../../../../msp430-elf/lib/libc.a(lib_a-memmove.o)
 .debug_abbrev  0x000004b1       0x8c /opt/ti/mspgcc/bin/../lib/gcc/msp430-elf/4.9.1/../../../../msp430-elf/lib/libc.a(lib_a-memset.o)
 .debug_abbrev  0x0000053d       0x12 /opt/ti/mspgcc/bin/../lib/gcc/msp430-elf/4.9.1/../../../../msp430-elf/lib/crtn.o

.debug_line     0x00000000      0xcc3
 *(.debug_line .debug_line.* .debug_line_end)
 .debug_line    0x00000000       0xff /opt/ti/mspgcc/bin/../lib/gcc/msp430-elf/4.9.1/../../../../msp430-elf/lib/crt0.o
 .debug_line    0x000000ff      0x237 /home/reviewer/alpaca-oopsla2017/ext/libmspprintf/bld/gcc/libmspprintf.a(printf.o)
 .debug_line    0x00000336      0x162 /home/reviewer/alpaca-oopsla2017/ext/libmspconsole/bld/gcc/libmspconsole.a(io.o)
 .debug_line    0x00000498      0x37b /home/reviewer/alpaca-oopsla2017/ext/libwispbase/bld/gcc/libwispbase.a(uart.o)
 .debug_line    0x00000813       0x84 /opt/ti/mspgcc/bin/../lib/gcc/msp430-elf/4.9.1/../../../../msp430-elf/lib/libcrt.a(crt_bss.o)
 .debug_line    0x00000897       0x90 /opt/ti/mspgcc/bin/../lib/gcc/msp430-elf/4.9.1/../../../../msp430-elf/lib/libcrt.a(crt_movedata.o)
 .debug_line    0x00000927       0x7e /opt/ti/mspgcc/bin/../lib/gcc/msp430-elf/4.9.1/../../../../msp430-elf/lib/libcrt.a(crt_main.o)
 .debug_line    0x000009a5      0x118 /opt/ti/mspgcc/bin/../lib/gcc/msp430-elf/4.9.1/../../../../msp430-elf/lib/libc.a(lib_a-memmove.o)
 .debug_line.text.memmove
                0x00000abd       0x40 /opt/ti/mspgcc/bin/../lib/gcc/msp430-elf/4.9.1/../../../../msp430-elf/lib/libc.a(lib_a-memmove.o)
 .debug_line_end
                0x00000afd        0x0 /opt/ti/mspgcc/bin/../lib/gcc/msp430-elf/4.9.1/../../../../msp430-elf/lib/libc.a(lib_a-memmove.o)
 .debug_line    0x00000afd      0x117 /opt/ti/mspgcc/bin/../lib/gcc/msp430-elf/4.9.1/../../../../msp430-elf/lib/libc.a(lib_a-memset.o)
 .debug_line.text.memset
                0x00000c14       0x22 /opt/ti/mspgcc/bin/../lib/gcc/msp430-elf/4.9.1/../../../../msp430-elf/lib/libc.a(lib_a-memset.o)
 .debug_line_end
                0x00000c36        0x0 /opt/ti/mspgcc/bin/../lib/gcc/msp430-elf/4.9.1/../../../../msp430-elf/lib/libc.a(lib_a-memset.o)
 .debug_line    0x00000c36       0x8d /opt/ti/mspgcc/bin/../lib/gcc/msp430-elf/4.9.1/../../../../msp430-elf/lib/crtn.o

.debug_frame    0x00000000      0x244
 *(.debug_frame)
 .debug_frame   0x00000000       0x90 /home/reviewer/alpaca-oopsla2017/ext/libmspprintf/bld/gcc/libmspprintf.a(printf.o)
 .debug_frame   0x00000090       0x7c /home/reviewer/alpaca-oopsla2017/ext/libmspconsole/bld/gcc/libmspconsole.a(io.o)
 .debug_frame   0x0000010c       0xe4 /home/reviewer/alpaca-oopsla2017/ext/libwispbase/bld/gcc/libwispbase.a(uart.o)
 .debug_frame   0x000001f0       0x30 /opt/ti/mspgcc/bin/../lib/gcc/msp430-elf/4.9.1/../../../../msp430-elf/lib/libc.a(lib_a-memmove.o)
 .debug_frame   0x00000220       0x24 /opt/ti/mspgcc/bin/../lib/gcc/msp430-elf/4.9.1/../../../../msp430-elf/lib/libc.a(lib_a-memset.o)

.debug_str      0x00000000      0x5bf
 *(.debug_str)
 .debug_str     0x00000000      0x1c6 /home/reviewer/alpaca-oopsla2017/ext/libmspprintf/bld/gcc/libmspprintf.a(printf.o)
                                0x20c (size before relaxing)
 .debug_str     0x000001c6       0x8b /home/reviewer/alpaca-oopsla2017/ext/libmspconsole/bld/gcc/libmspconsole.a(io.o)
                                0x1f3 (size before relaxing)
 .debug_str     0x00000251      0x1fa /home/reviewer/alpaca-oopsla2017/ext/libwispbase/bld/gcc/libwispbase.a(uart.o)
                                0x371 (size before relaxing)
 .debug_str     0x0000044b      0x127 /opt/ti/mspgcc/bin/../lib/gcc/msp430-elf/4.9.1/../../../../msp430-elf/lib/libc.a(lib_a-memmove.o)
                                0x1b9 (size before relaxing)
 .debug_str     0x00000572       0x4d /opt/ti/mspgcc/bin/../lib/gcc/msp430-elf/4.9.1/../../../../msp430-elf/lib/libc.a(lib_a-memset.o)
                                0x19e (size before relaxing)

.debug_loc      0x00000000      0x7f3
 *(.debug_loc)
 .debug_loc     0x00000000      0x3b5 /home/reviewer/alpaca-oopsla2017/ext/libmspprintf/bld/gcc/libmspprintf.a(printf.o)
 .debug_loc     0x000003b5       0xbf /home/reviewer/alpaca-oopsla2017/ext/libmspconsole/bld/gcc/libmspconsole.a(io.o)
 .debug_loc     0x00000474      0x14c /home/reviewer/alpaca-oopsla2017/ext/libwispbase/bld/gcc/libwispbase.a(uart.o)
 .debug_loc     0x000005c0      0x1ac /opt/ti/mspgcc/bin/../lib/gcc/msp430-elf/4.9.1/../../../../msp430-elf/lib/libc.a(lib_a-memmove.o)
 .debug_loc     0x0000076c       0x87 /opt/ti/mspgcc/bin/../lib/gcc/msp430-elf/4.9.1/../../../../msp430-elf/lib/libc.a(lib_a-memset.o)

.debug_macinfo
 *(.debug_macinfo)

.debug_weaknames
 *(.debug_weaknames)

.debug_funcnames
 *(.debug_funcnames)

.debug_typenames
 *(.debug_typenames)

.debug_varnames
 *(.debug_varnames)

.debug_pubtypes
 *(.debug_pubtypes)

.debug_ranges   0x00000000       0x68
 *(.debug_ranges)
 .debug_ranges  0x00000000       0x28 /opt/ti/mspgcc/bin/../lib/gcc/msp430-elf/4.9.1/../../../../msp430-elf/lib/crt0.o
 .debug_ranges  0x00000028       0x10 /opt/ti/mspgcc/bin/../lib/gcc/msp430-elf/4.9.1/../../../../msp430-elf/lib/libc.a(lib_a-memmove.o)
 .debug_ranges  0x00000038       0x10 /opt/ti/mspgcc/bin/../lib/gcc/msp430-elf/4.9.1/../../../../msp430-elf/lib/libc.a(lib_a-memset.o)
 .debug_ranges  0x00000048       0x20 /opt/ti/mspgcc/bin/../lib/gcc/msp430-elf/4.9.1/../../../../msp430-elf/lib/crtn.o

.debug_macro
 *(.debug_macro)

/DISCARD/
 *(.note.GNU-stack)
OUTPUT(cem.out elf32-msp430)
